  蠕ｩ蜈・ｯｾ雎｡縺ｮ繝励Ο繧ｸ繧ｧ繧ｯ繝医ｒ豎ｺ螳壹＠縺ｦ縺・∪縺・..
  繝励Ο繧ｸ繧ｧ繧ｯ繝・"D:\04.VisualStudio\DenDen\DenDen.csproj" 縺ｯ隕九▽縺九ｉ縺ｪ縺九▲縺溘◆繧√せ繧ｭ繝・・縺励∪縺吶・
  繝励Ο繧ｸ繧ｧ繧ｯ繝・"D:\04.VisualStudio\DenDen\DenDen.csproj" 縺ｯ隕九▽縺九ｉ縺ｪ縺九▲縺溘◆繧√せ繧ｭ繝・・縺励∪縺吶・
  蠕ｩ蜈・ｯｾ雎｡縺ｮ縺吶∋縺ｦ縺ｮ繝励Ο繧ｸ繧ｧ繧ｯ繝医・譛譁ｰ縺ｧ縺吶・
C:\Program Files\dotnet\sdk\10.0.100\Microsoft.Common.CurrentVersion.targets(2189,5): warning MSB9008: 蜿ら・縺輔ｌ縺ｦ縺・ｋ繝励Ο繧ｸ繧ｧ繧ｯ繝・..\DenDen.csproj 縺悟ｭ伜惠縺励∪縺帙ｓ縲・[D:\04.VisualStudio\DenDen\DenDen.Tests\DenDen.Tests.csproj]
D:\04.VisualStudio\DenDen\DenDen.Tests\Repositories\InquiryHistoryRepositoryTests.cs(3,17): error CS0234: 蝙九∪縺溘・蜷榊燕遨ｺ髢薙・蜷榊燕 'Data' 縺悟錐蜑咲ｩｺ髢・'Microsoft' 縺ｫ蟄伜惠縺励∪縺帙ｓ (繧｢繧ｻ繝ｳ繝悶Μ蜿ら・縺後≠繧九％縺ｨ繧堤｢ｺ隱阪＠縺ｦ縺上□縺輔＞) [D:\04.VisualStudio\DenDen\DenDen.Tests\DenDen.Tests.csproj]
D:\04.VisualStudio\DenDen\DenDen.Tests\Repositories\InquiryHistoryRepositoryTests.cs(4,13): error CS0234: 蝙九∪縺溘・蜷榊燕遨ｺ髢薙・蜷榊燕 'Data' 縺悟錐蜑咲ｩｺ髢・'DenDen' 縺ｫ蟄伜惠縺励∪縺帙ｓ (繧｢繧ｻ繝ｳ繝悶Μ蜿ら・縺後≠繧九％縺ｨ繧堤｢ｺ隱阪＠縺ｦ縺上□縺輔＞) [D:\04.VisualStudio\DenDen\DenDen.Tests\DenDen.Tests.csproj]
D:\04.VisualStudio\DenDen\DenDen.Tests\Repositories\InquiryHistoryRepositoryTests.cs(5,13): error CS0234: 蝙九∪縺溘・蜷榊燕遨ｺ髢薙・蜷榊燕 'Data' 縺悟錐蜑咲ｩｺ髢・'DenDen' 縺ｫ蟄伜惠縺励∪縺帙ｓ (繧｢繧ｻ繝ｳ繝悶Μ蜿ら・縺後≠繧九％縺ｨ繧堤｢ｺ隱阪＠縺ｦ縺上□縺輔＞) [D:\04.VisualStudio\DenDen\DenDen.Tests\DenDen.Tests.csproj]
D:\04.VisualStudio\DenDen\DenDen.Tests\Repositories\InquiryHistoryRepositoryTests.cs(6,13): error CS0234: 蝙九∪縺溘・蜷榊燕遨ｺ髢薙・蜷榊燕 'Models' 縺悟錐蜑咲ｩｺ髢・'DenDen' 縺ｫ蟄伜惠縺励∪縺帙ｓ (繧｢繧ｻ繝ｳ繝悶Μ蜿ら・縺後≠繧九％縺ｨ繧堤｢ｺ隱阪＠縺ｦ縺上□縺輔＞) [D:\04.VisualStudio\DenDen\DenDen.Tests\DenDen.Tests.csproj]
D:\04.VisualStudio\DenDen\DenDen.Tests\Repositories\InquiryHistoryRepositoryTests.cs(7,7): error CS0246: 蝙九∪縺溘・蜷榊燕遨ｺ髢薙・蜷榊燕 'Dapper' 縺瑚ｦ九▽縺九ｊ縺ｾ縺帙ｓ縺ｧ縺励◆ (using 繝・ぅ繝ｬ繧ｯ繝・ぅ繝悶∪縺溘・繧｢繧ｻ繝ｳ繝悶Μ蜿ら・縺梧欠螳壹＆繧後※縺・ｋ縺薙→繧堤｢ｺ隱阪＠縺ｦ縺上□縺輔＞) [D:\04.VisualStudio\DenDen\DenDen.Tests\DenDen.Tests.csproj]
D:\04.VisualStudio\DenDen\DenDen.Tests\Repositories\OperatorRepositoryTests.cs(3,17): error CS0234: 蝙九∪縺溘・蜷榊燕遨ｺ髢薙・蜷榊燕 'Data' 縺悟錐蜑咲ｩｺ髢・'Microsoft' 縺ｫ蟄伜惠縺励∪縺帙ｓ (繧｢繧ｻ繝ｳ繝悶Μ蜿ら・縺後≠繧九％縺ｨ繧堤｢ｺ隱阪＠縺ｦ縺上□縺輔＞) [D:\04.VisualStudio\DenDen\DenDen.Tests\DenDen.Tests.csproj]
D:\04.VisualStudio\DenDen\DenDen.Tests\Repositories\OperatorRepositoryTests.cs(4,13): error CS0234: 蝙九∪縺溘・蜷榊燕遨ｺ髢薙・蜷榊燕 'Data' 縺悟錐蜑咲ｩｺ髢・'DenDen' 縺ｫ蟄伜惠縺励∪縺帙ｓ (繧｢繧ｻ繝ｳ繝悶Μ蜿ら・縺後≠繧九％縺ｨ繧堤｢ｺ隱阪＠縺ｦ縺上□縺輔＞) [D:\04.VisualStudio\DenDen\DenDen.Tests\DenDen.Tests.csproj]
D:\04.VisualStudio\DenDen\DenDen.Tests\Repositories\OperatorRepositoryTests.cs(5,13): error CS0234: 蝙九∪縺溘・蜷榊燕遨ｺ髢薙・蜷榊燕 'Data' 縺悟錐蜑咲ｩｺ髢・'DenDen' 縺ｫ蟄伜惠縺励∪縺帙ｓ (繧｢繧ｻ繝ｳ繝悶Μ蜿ら・縺後≠繧九％縺ｨ繧堤｢ｺ隱阪＠縺ｦ縺上□縺輔＞) [D:\04.VisualStudio\DenDen\DenDen.Tests\DenDen.Tests.csproj]
D:\04.VisualStudio\DenDen\DenDen.Tests\Repositories\OperatorRepositoryTests.cs(6,7): error CS0246: 蝙九∪縺溘・蜷榊燕遨ｺ髢薙・蜷榊燕 'Dapper' 縺瑚ｦ九▽縺九ｊ縺ｾ縺帙ｓ縺ｧ縺励◆ (using 繝・ぅ繝ｬ繧ｯ繝・ぅ繝悶∪縺溘・繧｢繧ｻ繝ｳ繝悶Μ蜿ら・縺梧欠螳壹＆繧後※縺・ｋ縺薙→繧堤｢ｺ隱阪＠縺ｦ縺上□縺輔＞) [D:\04.VisualStudio\DenDen\DenDen.Tests\DenDen.Tests.csproj]
D:\04.VisualStudio\DenDen\DenDen.Tests\Repositories\ProjectRepositoryTests.cs(4,17): error CS0234: 蝙九∪縺溘・蜷榊燕遨ｺ髢薙・蜷榊燕 'Data' 縺悟錐蜑咲ｩｺ髢・'Microsoft' 縺ｫ蟄伜惠縺励∪縺帙ｓ (繧｢繧ｻ繝ｳ繝悶Μ蜿ら・縺後≠繧九％縺ｨ繧堤｢ｺ隱阪＠縺ｦ縺上□縺輔＞) [D:\04.VisualStudio\DenDen\DenDen.Tests\DenDen.Tests.csproj]
D:\04.VisualStudio\DenDen\DenDen.Tests\Repositories\ProjectRepositoryTests.cs(5,13): error CS0234: 蝙九∪縺溘・蜷榊燕遨ｺ髢薙・蜷榊燕 'Data' 縺悟錐蜑咲ｩｺ髢・'DenDen' 縺ｫ蟄伜惠縺励∪縺帙ｓ (繧｢繧ｻ繝ｳ繝悶Μ蜿ら・縺後≠繧九％縺ｨ繧堤｢ｺ隱阪＠縺ｦ縺上□縺輔＞) [D:\04.VisualStudio\DenDen\DenDen.Tests\DenDen.Tests.csproj]
D:\04.VisualStudio\DenDen\DenDen.Tests\Repositories\ProjectRepositoryTests.cs(6,13): error CS0234: 蝙九∪縺溘・蜷榊燕遨ｺ髢薙・蜷榊燕 'Data' 縺悟錐蜑咲ｩｺ髢・'DenDen' 縺ｫ蟄伜惠縺励∪縺帙ｓ (繧｢繧ｻ繝ｳ繝悶Μ蜿ら・縺後≠繧九％縺ｨ繧堤｢ｺ隱阪＠縺ｦ縺上□縺輔＞) [D:\04.VisualStudio\DenDen\DenDen.Tests\DenDen.Tests.csproj]
D:\04.VisualStudio\DenDen\DenDen.Tests\Repositories\ProjectRepositoryTests.cs(7,7): error CS0246: 蝙九∪縺溘・蜷榊燕遨ｺ髢薙・蜷榊燕 'Dapper' 縺瑚ｦ九▽縺九ｊ縺ｾ縺帙ｓ縺ｧ縺励◆ (using 繝・ぅ繝ｬ繧ｯ繝・ぅ繝悶∪縺溘・繧｢繧ｻ繝ｳ繝悶Μ蜿ら・縺梧欠螳壹＆繧後※縺・ｋ縺薙→繧堤｢ｺ隱阪＠縺ｦ縺上□縺輔＞) [D:\04.VisualStudio\DenDen\DenDen.Tests\DenDen.Tests.csproj]
D:\04.VisualStudio\DenDen\DenDen.Tests\Services\AuthenticationServiceTests.cs(3,13): error CS0234: 蝙九∪縺溘・蜷榊燕遨ｺ髢薙・蜷榊燕 'Data' 縺悟錐蜑咲ｩｺ髢・'DenDen' 縺ｫ蟄伜惠縺励∪縺帙ｓ (繧｢繧ｻ繝ｳ繝悶Μ蜿ら・縺後≠繧九％縺ｨ繧堤｢ｺ隱阪＠縺ｦ縺上□縺輔＞) [D:\04.VisualStudio\DenDen\DenDen.Tests\DenDen.Tests.csproj]
D:\04.VisualStudio\DenDen\DenDen.Tests\Services\AuthenticationServiceTests.cs(4,13): error CS0234: 蝙九∪縺溘・蜷榊燕遨ｺ髢薙・蜷榊燕 'Models' 縺悟錐蜑咲ｩｺ髢・'DenDen' 縺ｫ蟄伜惠縺励∪縺帙ｓ (繧｢繧ｻ繝ｳ繝悶Μ蜿ら・縺後≠繧九％縺ｨ繧堤｢ｺ隱阪＠縺ｦ縺上□縺輔＞) [D:\04.VisualStudio\DenDen\DenDen.Tests\DenDen.Tests.csproj]
D:\04.VisualStudio\DenDen\DenDen.Tests\Services\AuthenticationServiceTests.cs(5,13): error CS0234: 蝙九∪縺溘・蜷榊燕遨ｺ髢薙・蜷榊燕 'Services' 縺悟錐蜑咲ｩｺ髢・'DenDen' 縺ｫ蟄伜惠縺励∪縺帙ｓ (繧｢繧ｻ繝ｳ繝悶Μ蜿ら・縺後≠繧九％縺ｨ繧堤｢ｺ隱阪＠縺ｦ縺上□縺輔＞) [D:\04.VisualStudio\DenDen\DenDen.Tests\DenDen.Tests.csproj]
D:\04.VisualStudio\DenDen\DenDen.Tests\Services\ExportServiceTests.cs(2,13): error CS0234: 蝙九∪縺溘・蜷榊燕遨ｺ髢薙・蜷榊燕 'Models' 縺悟錐蜑咲ｩｺ髢・'DenDen' 縺ｫ蟄伜惠縺励∪縺帙ｓ (繧｢繧ｻ繝ｳ繝悶Μ蜿ら・縺後≠繧九％縺ｨ繧堤｢ｺ隱阪＠縺ｦ縺上□縺輔＞) [D:\04.VisualStudio\DenDen\DenDen.Tests\DenDen.Tests.csproj]
D:\04.VisualStudio\DenDen\DenDen.Tests\Services\ExportServiceTests.cs(3,13): error CS0234: 蝙九∪縺溘・蜷榊燕遨ｺ髢薙・蜷榊燕 'Services' 縺悟錐蜑咲ｩｺ髢・'DenDen' 縺ｫ蟄伜惠縺励∪縺帙ｓ (繧｢繧ｻ繝ｳ繝悶Μ蜿ら・縺後≠繧九％縺ｨ繧堤｢ｺ隱阪＠縺ｦ縺上□縺輔＞) [D:\04.VisualStudio\DenDen\DenDen.Tests\DenDen.Tests.csproj]
D:\04.VisualStudio\DenDen\DenDen.Tests\ViewModels\LoginViewModelTests.cs(3,13): error CS0234: 蝙九∪縺溘・蜷榊燕遨ｺ髢薙・蜷榊燕 'Data' 縺悟錐蜑咲ｩｺ髢・'DenDen' 縺ｫ蟄伜惠縺励∪縺帙ｓ (繧｢繧ｻ繝ｳ繝悶Μ蜿ら・縺後≠繧九％縺ｨ繧堤｢ｺ隱阪＠縺ｦ縺上□縺輔＞) [D:\04.VisualStudio\DenDen\DenDen.Tests\DenDen.Tests.csproj]
D:\04.VisualStudio\DenDen\DenDen.Tests\ViewModels\LoginViewModelTests.cs(4,13): error CS0234: 蝙九∪縺溘・蜷榊燕遨ｺ髢薙・蜷榊燕 'Models' 縺悟錐蜑咲ｩｺ髢・'DenDen' 縺ｫ蟄伜惠縺励∪縺帙ｓ (繧｢繧ｻ繝ｳ繝悶Μ蜿ら・縺後≠繧九％縺ｨ繧堤｢ｺ隱阪＠縺ｦ縺上□縺輔＞) [D:\04.VisualStudio\DenDen\DenDen.Tests\DenDen.Tests.csproj]
D:\04.VisualStudio\DenDen\DenDen.Tests\ViewModels\LoginViewModelTests.cs(5,13): error CS0234: 蝙九∪縺溘・蜷榊燕遨ｺ髢薙・蜷榊燕 'Services' 縺悟錐蜑咲ｩｺ髢・'DenDen' 縺ｫ蟄伜惠縺励∪縺帙ｓ (繧｢繧ｻ繝ｳ繝悶Μ蜿ら・縺後≠繧九％縺ｨ繧堤｢ｺ隱阪＠縺ｦ縺上□縺輔＞) [D:\04.VisualStudio\DenDen\DenDen.Tests\DenDen.Tests.csproj]
D:\04.VisualStudio\DenDen\DenDen.Tests\ViewModels\LoginViewModelTests.cs(6,13): error CS0234: 蝙九∪縺溘・蜷榊燕遨ｺ髢薙・蜷榊燕 'ViewModels' 縺悟錐蜑咲ｩｺ髢・'DenDen' 縺ｫ蟄伜惠縺励∪縺帙ｓ (繧｢繧ｻ繝ｳ繝悶Μ蜿ら・縺後≠繧九％縺ｨ繧堤｢ｺ隱阪＠縺ｦ縺上□縺輔＞) [D:\04.VisualStudio\DenDen\DenDen.Tests\DenDen.Tests.csproj]
D:\04.VisualStudio\DenDen\DenDen.Tests\Repositories\InquiryHistoryRepositoryTests.cs(13,22): error CS0246: 蝙九∪縺溘・蜷榊燕遨ｺ髢薙・蜷榊燕 'SqliteConnection' 縺瑚ｦ九▽縺九ｊ縺ｾ縺帙ｓ縺ｧ縺励◆ (using 繝・ぅ繝ｬ繧ｯ繝・ぅ繝悶∪縺溘・繧｢繧ｻ繝ｳ繝悶Μ蜿ら・縺梧欠螳壹＆繧後※縺・ｋ縺薙→繧堤｢ｺ隱阪＠縺ｦ縺上□縺輔＞) [D:\04.VisualStudio\DenDen\DenDen.Tests\DenDen.Tests.csproj]
D:\04.VisualStudio\DenDen\DenDen.Tests\Repositories\OperatorRepositoryTests.cs(12,22): error CS0246: 蝙九∪縺溘・蜷榊燕遨ｺ髢薙・蜷榊燕 'SqliteConnection' 縺瑚ｦ九▽縺九ｊ縺ｾ縺帙ｓ縺ｧ縺励◆ (using 繝・ぅ繝ｬ繧ｯ繝・ぅ繝悶∪縺溘・繧｢繧ｻ繝ｳ繝悶Μ蜿ら・縺梧欠螳壹＆繧後※縺・ｋ縺薙→繧堤｢ｺ隱阪＠縺ｦ縺上□縺輔＞) [D:\04.VisualStudio\DenDen\DenDen.Tests\DenDen.Tests.csproj]
D:\04.VisualStudio\DenDen\DenDen.Tests\Services\AuthenticationServiceTests.cs(11,27): error CS0246: 蝙九∪縺溘・蜷榊燕遨ｺ髢薙・蜷榊燕 'IOperatorRepository' 縺瑚ｦ九▽縺九ｊ縺ｾ縺帙ｓ縺ｧ縺励◆ (using 繝・ぅ繝ｬ繧ｯ繝・ぅ繝悶∪縺溘・繧｢繧ｻ繝ｳ繝悶Μ蜿ら・縺梧欠螳壹＆繧後※縺・ｋ縺薙→繧堤｢ｺ隱阪＠縺ｦ縺上□縺輔＞) [D:\04.VisualStudio\DenDen\DenDen.Tests\DenDen.Tests.csproj]
D:\04.VisualStudio\DenDen\DenDen.Tests\Repositories\InquiryHistoryRepositoryTests.cs(14,27): error CS0246: 蝙九∪縺溘・蜷榊燕遨ｺ髢薙・蜷榊燕 'IDbConnectionFactory' 縺瑚ｦ九▽縺九ｊ縺ｾ縺帙ｓ縺ｧ縺励◆ (using 繝・ぅ繝ｬ繧ｯ繝・ぅ繝悶∪縺溘・繧｢繧ｻ繝ｳ繝悶Μ蜿ら・縺梧欠螳壹＆繧後※縺・ｋ縺薙→繧堤｢ｺ隱阪＠縺ｦ縺上□縺輔＞) [D:\04.VisualStudio\DenDen\DenDen.Tests\DenDen.Tests.csproj]
D:\04.VisualStudio\DenDen\DenDen.Tests\Repositories\OperatorRepositoryTests.cs(13,27): error CS0246: 蝙九∪縺溘・蜷榊燕遨ｺ髢薙・蜷榊燕 'IDbConnectionFactory' 縺瑚ｦ九▽縺九ｊ縺ｾ縺帙ｓ縺ｧ縺励◆ (using 繝・ぅ繝ｬ繧ｯ繝・ぅ繝悶∪縺溘・繧｢繧ｻ繝ｳ繝悶Μ蜿ら・縺梧欠螳壹＆繧後※縺・ｋ縺薙→繧堤｢ｺ隱阪＠縺ｦ縺上□縺輔＞) [D:\04.VisualStudio\DenDen\DenDen.Tests\DenDen.Tests.csproj]
D:\04.VisualStudio\DenDen\DenDen.Tests\Repositories\InquiryHistoryRepositoryTests.cs(15,22): error CS0246: 蝙九∪縺溘・蜷榊燕遨ｺ髢薙・蜷榊燕 'InquiryHistoryRepository' 縺瑚ｦ九▽縺九ｊ縺ｾ縺帙ｓ縺ｧ縺励◆ (using 繝・ぅ繝ｬ繧ｯ繝・ぅ繝悶∪縺溘・繧｢繧ｻ繝ｳ繝悶Μ蜿ら・縺梧欠螳壹＆繧後※縺・ｋ縺薙→繧堤｢ｺ隱阪＠縺ｦ縺上□縺輔＞) [D:\04.VisualStudio\DenDen\DenDen.Tests\DenDen.Tests.csproj]
D:\04.VisualStudio\DenDen\DenDen.Tests\Repositories\ProjectRepositoryTests.cs(13,22): error CS0246: 蝙九∪縺溘・蜷榊燕遨ｺ髢薙・蜷榊燕 'SqliteConnection' 縺瑚ｦ九▽縺九ｊ縺ｾ縺帙ｓ縺ｧ縺励◆ (using 繝・ぅ繝ｬ繧ｯ繝・ぅ繝悶∪縺溘・繧｢繧ｻ繝ｳ繝悶Μ蜿ら・縺梧欠螳壹＆繧後※縺・ｋ縺薙→繧堤｢ｺ隱阪＠縺ｦ縺上□縺輔＞) [D:\04.VisualStudio\DenDen\DenDen.Tests\DenDen.Tests.csproj]
D:\04.VisualStudio\DenDen\DenDen.Tests\Services\AuthenticationServiceTests.cs(12,22): error CS0246: 蝙九∪縺溘・蜷榊燕遨ｺ髢薙・蜷榊燕 'AuthenticationService' 縺瑚ｦ九▽縺九ｊ縺ｾ縺帙ｓ縺ｧ縺励◆ (using 繝・ぅ繝ｬ繧ｯ繝・ぅ繝悶∪縺溘・繧｢繧ｻ繝ｳ繝悶Μ蜿ら・縺梧欠螳壹＆繧後※縺・ｋ縺薙→繧堤｢ｺ隱阪＠縺ｦ縺上□縺輔＞) [D:\04.VisualStudio\DenDen\DenDen.Tests\DenDen.Tests.csproj]
D:\04.VisualStudio\DenDen\DenDen.Tests\Repositories\OperatorRepositoryTests.cs(14,22): error CS0246: 蝙九∪縺溘・蜷榊燕遨ｺ髢薙・蜷榊燕 'OperatorRepository' 縺瑚ｦ九▽縺九ｊ縺ｾ縺帙ｓ縺ｧ縺励◆ (using 繝・ぅ繝ｬ繧ｯ繝・ぅ繝悶∪縺溘・繧｢繧ｻ繝ｳ繝悶Μ蜿ら・縺梧欠螳壹＆繧後※縺・ｋ縺薙→繧堤｢ｺ隱阪＠縺ｦ縺上□縺輔＞) [D:\04.VisualStudio\DenDen\DenDen.Tests\DenDen.Tests.csproj]
D:\04.VisualStudio\DenDen\DenDen.Tests\Repositories\ProjectRepositoryTests.cs(14,27): error CS0246: 蝙九∪縺溘・蜷榊燕遨ｺ髢薙・蜷榊燕 'IDbConnectionFactory' 縺瑚ｦ九▽縺九ｊ縺ｾ縺帙ｓ縺ｧ縺励◆ (using 繝・ぅ繝ｬ繧ｯ繝・ぅ繝悶∪縺溘・繧｢繧ｻ繝ｳ繝悶Μ蜿ら・縺梧欠螳壹＆繧後※縺・ｋ縺薙→繧堤｢ｺ隱阪＠縺ｦ縺上□縺輔＞) [D:\04.VisualStudio\DenDen\DenDen.Tests\DenDen.Tests.csproj]
D:\04.VisualStudio\DenDen\DenDen.Tests\ViewModels\LoginViewModelTests.cs(12,27): error CS0246: 蝙九∪縺溘・蜷榊燕遨ｺ髢薙・蜷榊燕 'IAuthenticationService' 縺瑚ｦ九▽縺九ｊ縺ｾ縺帙ｓ縺ｧ縺励◆ (using 繝・ぅ繝ｬ繧ｯ繝・ぅ繝悶∪縺溘・繧｢繧ｻ繝ｳ繝悶Μ蜿ら・縺梧欠螳壹＆繧後※縺・ｋ縺薙→繧堤｢ｺ隱阪＠縺ｦ縺上□縺輔＞) [D:\04.VisualStudio\DenDen\DenDen.Tests\DenDen.Tests.csproj]
D:\04.VisualStudio\DenDen\DenDen.Tests\ViewModels\LoginViewModelTests.cs(13,27): error CS0246: 蝙九∪縺溘・蜷榊燕遨ｺ髢薙・蜷榊燕 'IProjectRepository' 縺瑚ｦ九▽縺九ｊ縺ｾ縺帙ｓ縺ｧ縺励◆ (using 繝・ぅ繝ｬ繧ｯ繝・ぅ繝悶∪縺溘・繧｢繧ｻ繝ｳ繝悶Μ蜿ら・縺梧欠螳壹＆繧後※縺・ｋ縺薙→繧堤｢ｺ隱阪＠縺ｦ縺上□縺輔＞) [D:\04.VisualStudio\DenDen\DenDen.Tests\DenDen.Tests.csproj]
D:\04.VisualStudio\DenDen\DenDen.Tests\ViewModels\LoginViewModelTests.cs(14,27): error CS0246: 蝙九∪縺溘・蜷榊燕遨ｺ髢薙・蜷榊燕 'IDialogService' 縺瑚ｦ九▽縺九ｊ縺ｾ縺帙ｓ縺ｧ縺励◆ (using 繝・ぅ繝ｬ繧ｯ繝・ぅ繝悶∪縺溘・繧｢繧ｻ繝ｳ繝悶Μ蜿ら・縺梧欠螳壹＆繧後※縺・ｋ縺薙→繧堤｢ｺ隱阪＠縺ｦ縺上□縺輔＞) [D:\04.VisualStudio\DenDen\DenDen.Tests\DenDen.Tests.csproj]
D:\04.VisualStudio\DenDen\DenDen.Tests\ViewModels\LoginViewModelTests.cs(15,22): error CS0246: 蝙九∪縺溘・蜷榊燕遨ｺ髢薙・蜷榊燕 'SessionManager' 縺瑚ｦ九▽縺九ｊ縺ｾ縺帙ｓ縺ｧ縺励◆ (using 繝・ぅ繝ｬ繧ｯ繝・ぅ繝悶∪縺溘・繧｢繧ｻ繝ｳ繝悶Μ蜿ら・縺梧欠螳壹＆繧後※縺・ｋ縺薙→繧堤｢ｺ隱阪＠縺ｦ縺上□縺輔＞) [D:\04.VisualStudio\DenDen\DenDen.Tests\DenDen.Tests.csproj]
D:\04.VisualStudio\DenDen\DenDen.Tests\Repositories\ProjectRepositoryTests.cs(15,22): error CS0246: 蝙九∪縺溘・蜷榊燕遨ｺ髢薙・蜷榊燕 'ProjectRepository' 縺瑚ｦ九▽縺九ｊ縺ｾ縺帙ｓ縺ｧ縺励◆ (using 繝・ぅ繝ｬ繧ｯ繝・ぅ繝悶∪縺溘・繧｢繧ｻ繝ｳ繝悶Μ蜿ら・縺梧欠螳壹＆繧後※縺・ｋ縺薙→繧堤｢ｺ隱阪＠縺ｦ縺上□縺輔＞) [D:\04.VisualStudio\DenDen\DenDen.Tests\DenDen.Tests.csproj]
D:\04.VisualStudio\DenDen\DenDen.Tests\ViewModels\LoginViewModelTests.cs(16,22): error CS0246: 蝙九∪縺溘・蜷榊燕遨ｺ髢薙・蜷榊燕 'LoginViewModel' 縺瑚ｦ九▽縺九ｊ縺ｾ縺帙ｓ縺ｧ縺励◆ (using 繝・ぅ繝ｬ繧ｯ繝・ぅ繝悶∪縺溘・繧｢繧ｻ繝ｳ繝悶Μ蜿ら・縺梧欠螳壹＆繧後※縺・ｋ縺薙→繧堤｢ｺ隱阪＠縺ｦ縺上□縺輔＞) [D:\04.VisualStudio\DenDen\DenDen.Tests\DenDen.Tests.csproj]
D:\04.VisualStudio\DenDen\DenDen.Tests\Services\ExportServiceTests.cs(10,22): error CS0246: 蝙九∪縺溘・蜷榊燕遨ｺ髢薙・蜷榊燕 'ExportService' 縺瑚ｦ九▽縺九ｊ縺ｾ縺帙ｓ縺ｧ縺励◆ (using 繝・ぅ繝ｬ繧ｯ繝・ぅ繝悶∪縺溘・繧｢繧ｻ繝ｳ繝悶Μ蜿ら・縺梧欠螳壹＆繧後※縺・ｋ縺薙→繧堤｢ｺ隱阪＠縺ｦ縺上□縺輔＞) [D:\04.VisualStudio\DenDen\DenDen.Tests\DenDen.Tests.csproj]
D:\04.VisualStudio\DenDen\DenDen.Tests\obj\Debug\net8.0-windows\DenDen.Tests.AssemblyInfo.cs(13,12): error CS0579: 'System.Reflection.AssemblyCompanyAttribute' 螻樊ｧ縺碁㍾隍・＠縺ｦ縺・∪縺・[D:\04.VisualStudio\DenDen\DenDen_3mrcgxye_wpftmp.csproj]
D:\04.VisualStudio\DenDen\DenDen.Tests\obj\Debug\net8.0-windows\DenDen.Tests.AssemblyInfo.cs(14,12): error CS0579: 'System.Reflection.AssemblyConfigurationAttribute' 螻樊ｧ縺碁㍾隍・＠縺ｦ縺・∪縺・[D:\04.VisualStudio\DenDen\DenDen_3mrcgxye_wpftmp.csproj]
D:\04.VisualStudio\DenDen\DenDen.Tests\obj\Debug\net8.0-windows\DenDen.Tests.AssemblyInfo.cs(15,12): error CS0579: 'System.Reflection.AssemblyFileVersionAttribute' 螻樊ｧ縺碁㍾隍・＠縺ｦ縺・∪縺・[D:\04.VisualStudio\DenDen\DenDen_3mrcgxye_wpftmp.csproj]
D:\04.VisualStudio\DenDen\DenDen.Tests\obj\Debug\net8.0-windows\DenDen.Tests.AssemblyInfo.cs(16,12): error CS0579: 'System.Reflection.AssemblyInformationalVersionAttribute' 螻樊ｧ縺碁㍾隍・＠縺ｦ縺・∪縺・[D:\04.VisualStudio\DenDen\DenDen_3mrcgxye_wpftmp.csproj]
D:\04.VisualStudio\DenDen\DenDen.Tests\obj\Debug\net8.0-windows\DenDen.Tests.AssemblyInfo.cs(17,12): error CS0579: 'System.Reflection.AssemblyProductAttribute' 螻樊ｧ縺碁㍾隍・＠縺ｦ縺・∪縺・[D:\04.VisualStudio\DenDen\DenDen_3mrcgxye_wpftmp.csproj]
D:\04.VisualStudio\DenDen\DenDen.Tests\obj\Debug\net8.0-windows\DenDen.Tests.AssemblyInfo.cs(18,12): error CS0579: 'System.Reflection.AssemblyTitleAttribute' 螻樊ｧ縺碁㍾隍・＠縺ｦ縺・∪縺・[D:\04.VisualStudio\DenDen\DenDen_3mrcgxye_wpftmp.csproj]
D:\04.VisualStudio\DenDen\DenDen.Tests\obj\Debug\net8.0-windows\DenDen.Tests.AssemblyInfo.cs(19,12): error CS0579: 'System.Reflection.AssemblyVersionAttribute' 螻樊ｧ縺碁㍾隍・＠縺ｦ縺・∪縺・[D:\04.VisualStudio\DenDen\DenDen_3mrcgxye_wpftmp.csproj]
D:\04.VisualStudio\DenDen\DenDen.Tests\obj\Debug\net8.0-windows\DenDen.Tests.AssemblyInfo.cs(20,12): error CS0579: 'System.Runtime.Versioning.TargetPlatformAttribute' 螻樊ｧ縺碁㍾隍・＠縺ｦ縺・∪縺・[D:\04.VisualStudio\DenDen\DenDen_3mrcgxye_wpftmp.csproj]
D:\04.VisualStudio\DenDen\obj\Debug\net8.0-windows\.NETCoreApp,Version=v8.0.AssemblyAttributes.cs(4,12): error CS0579: 'global::System.Runtime.Versioning.TargetFrameworkAttribute' 螻樊ｧ縺碁㍾隍・＠縺ｦ縺・∪縺・[D:\04.VisualStudio\DenDen\DenDen_3mrcgxye_wpftmp.csproj]
D:\04.VisualStudio\DenDen\obj\Debug\net8.0-windows\DenDen_3mrcgxye_wpftmp.AssemblyInfo.cs(13,12): error CS0579: 'System.Reflection.AssemblyCompanyAttribute' 螻樊ｧ縺碁㍾隍・＠縺ｦ縺・∪縺・[D:\04.VisualStudio\DenDen\DenDen_3mrcgxye_wpftmp.csproj]
D:\04.VisualStudio\DenDen\obj\Debug\net8.0-windows\DenDen_3mrcgxye_wpftmp.AssemblyInfo.cs(14,12): error CS0579: 'System.Reflection.AssemblyConfigurationAttribute' 螻樊ｧ縺碁㍾隍・＠縺ｦ縺・∪縺・[D:\04.VisualStudio\DenDen\DenDen_3mrcgxye_wpftmp.csproj]
D:\04.VisualStudio\DenDen\obj\Debug\net8.0-windows\DenDen_3mrcgxye_wpftmp.AssemblyInfo.cs(15,12): error CS0579: 'System.Reflection.AssemblyFileVersionAttribute' 螻樊ｧ縺碁㍾隍・＠縺ｦ縺・∪縺・[D:\04.VisualStudio\DenDen\DenDen_3mrcgxye_wpftmp.csproj]
D:\04.VisualStudio\DenDen\obj\Debug\net8.0-windows\DenDen_3mrcgxye_wpftmp.AssemblyInfo.cs(16,12): error CS0579: 'System.Reflection.AssemblyInformationalVersionAttribute' 螻樊ｧ縺碁㍾隍・＠縺ｦ縺・∪縺・[D:\04.VisualStudio\DenDen\DenDen_3mrcgxye_wpftmp.csproj]
D:\04.VisualStudio\DenDen\obj\Debug\net8.0-windows\DenDen_3mrcgxye_wpftmp.AssemblyInfo.cs(17,12): error CS0579: 'System.Reflection.AssemblyProductAttribute' 螻樊ｧ縺碁㍾隍・＠縺ｦ縺・∪縺・[D:\04.VisualStudio\DenDen\DenDen_3mrcgxye_wpftmp.csproj]
D:\04.VisualStudio\DenDen\obj\Debug\net8.0-windows\DenDen_3mrcgxye_wpftmp.AssemblyInfo.cs(18,12): error CS0579: 'System.Reflection.AssemblyTitleAttribute' 螻樊ｧ縺碁㍾隍・＠縺ｦ縺・∪縺・[D:\04.VisualStudio\DenDen\DenDen_3mrcgxye_wpftmp.csproj]
D:\04.VisualStudio\DenDen\obj\Debug\net8.0-windows\DenDen_3mrcgxye_wpftmp.AssemblyInfo.cs(19,12): error CS0579: 'System.Reflection.AssemblyVersionAttribute' 螻樊ｧ縺碁㍾隍・＠縺ｦ縺・∪縺・[D:\04.VisualStudio\DenDen\DenDen_3mrcgxye_wpftmp.csproj]
D:\04.VisualStudio\DenDen\obj\Debug\net8.0-windows\DenDen_3mrcgxye_wpftmp.AssemblyInfo.cs(20,12): error CS0579: 'System.Runtime.Versioning.TargetPlatformAttribute' 螻樊ｧ縺碁㍾隍・＠縺ｦ縺・∪縺・[D:\04.VisualStudio\DenDen\DenDen_3mrcgxye_wpftmp.csproj]
D:\04.VisualStudio\DenDen\DenDen.Tests\obj\Debug\net8.0-windows\DenDen.Tests.GlobalUsings.g.cs(7,14): error CS0246: 蝙九∪縺溘・蜷榊燕遨ｺ髢薙・蜷榊燕 'Xunit' 縺瑚ｦ九▽縺九ｊ縺ｾ縺帙ｓ縺ｧ縺励◆ (using 繝・ぅ繝ｬ繧ｯ繝・ぅ繝悶∪縺溘・繧｢繧ｻ繝ｳ繝悶Μ蜿ら・縺梧欠螳壹＆繧後※縺・ｋ縺薙→繧堤｢ｺ隱阪＠縺ｦ縺上□縺輔＞) [D:\04.VisualStudio\DenDen\DenDen_3mrcgxye_wpftmp.csproj]
D:\04.VisualStudio\DenDen\DenDen.Tests\obj\Debug\net8.0-windows\DenDen.Tests.GlobalUsings.g.cs(7,14): error CS0246: 蝙九∪縺溘・蜷榊燕遨ｺ髢薙・蜷榊燕 'Xunit' 縺瑚ｦ九▽縺九ｊ縺ｾ縺帙ｓ縺ｧ縺励◆ (using 繝・ぅ繝ｬ繧ｯ繝・ぅ繝悶∪縺溘・繧｢繧ｻ繝ｳ繝悶Μ蜿ら・縺梧欠螳壹＆繧後※縺・ｋ縺薙→繧堤｢ｺ隱阪＠縺ｦ縺上□縺輔＞) [D:\04.VisualStudio\DenDen\DenDen_3mrcgxye_wpftmp.csproj]
D:\04.VisualStudio\DenDen\DenDen.Tests\Repositories\InquiryHistoryRepositoryTests.cs(1,7): error CS0246: 蝙九∪縺溘・蜷榊燕遨ｺ髢薙・蜷榊燕 'FluentAssertions' 縺瑚ｦ九▽縺九ｊ縺ｾ縺帙ｓ縺ｧ縺励◆ (using 繝・ぅ繝ｬ繧ｯ繝・ぅ繝悶∪縺溘・繧｢繧ｻ繝ｳ繝悶Μ蜿ら・縺梧欠螳壹＆繧後※縺・ｋ縺薙→繧堤｢ｺ隱阪＠縺ｦ縺上□縺輔＞) [D:\04.VisualStudio\DenDen\DenDen_3mrcgxye_wpftmp.csproj]
D:\04.VisualStudio\DenDen\DenDen.Tests\Repositories\InquiryHistoryRepositoryTests.cs(2,7): error CS0246: 蝙九∪縺溘・蜷榊燕遨ｺ髢薙・蜷榊燕 'Moq' 縺瑚ｦ九▽縺九ｊ縺ｾ縺帙ｓ縺ｧ縺励◆ (using 繝・ぅ繝ｬ繧ｯ繝・ぅ繝悶∪縺溘・繧｢繧ｻ繝ｳ繝悶Μ蜿ら・縺梧欠螳壹＆繧後※縺・ｋ縺薙→繧堤｢ｺ隱阪＠縺ｦ縺上□縺輔＞) [D:\04.VisualStudio\DenDen\DenDen_3mrcgxye_wpftmp.csproj]
D:\04.VisualStudio\DenDen\DenDen.Tests\Repositories\OperatorRepositoryTests.cs(1,7): error CS0246: 蝙九∪縺溘・蜷榊燕遨ｺ髢薙・蜷榊燕 'FluentAssertions' 縺瑚ｦ九▽縺九ｊ縺ｾ縺帙ｓ縺ｧ縺励◆ (using 繝・ぅ繝ｬ繧ｯ繝・ぅ繝悶∪縺溘・繧｢繧ｻ繝ｳ繝悶Μ蜿ら・縺梧欠螳壹＆繧後※縺・ｋ縺薙→繧堤｢ｺ隱阪＠縺ｦ縺上□縺輔＞) [D:\04.VisualStudio\DenDen\DenDen_3mrcgxye_wpftmp.csproj]
D:\04.VisualStudio\DenDen\DenDen.Tests\Repositories\OperatorRepositoryTests.cs(2,7): error CS0246: 蝙九∪縺溘・蜷榊燕遨ｺ髢薙・蜷榊燕 'Moq' 縺瑚ｦ九▽縺九ｊ縺ｾ縺帙ｓ縺ｧ縺励◆ (using 繝・ぅ繝ｬ繧ｯ繝・ぅ繝悶∪縺溘・繧｢繧ｻ繝ｳ繝悶Μ蜿ら・縺梧欠螳壹＆繧後※縺・ｋ縺薙→繧堤｢ｺ隱阪＠縺ｦ縺上□縺輔＞) [D:\04.VisualStudio\DenDen\DenDen_3mrcgxye_wpftmp.csproj]
D:\04.VisualStudio\DenDen\DenDen.Tests\Repositories\ProjectRepositoryTests.cs(1,7): error CS0246: 蝙九∪縺溘・蜷榊燕遨ｺ髢薙・蜷榊燕 'FluentAssertions' 縺瑚ｦ九▽縺九ｊ縺ｾ縺帙ｓ縺ｧ縺励◆ (using 繝・ぅ繝ｬ繧ｯ繝・ぅ繝悶∪縺溘・繧｢繧ｻ繝ｳ繝悶Μ蜿ら・縺梧欠螳壹＆繧後※縺・ｋ縺薙→繧堤｢ｺ隱阪＠縺ｦ縺上□縺輔＞) [D:\04.VisualStudio\DenDen\DenDen_3mrcgxye_wpftmp.csproj]
D:\04.VisualStudio\DenDen\DenDen.Tests\Repositories\ProjectRepositoryTests.cs(2,7): error CS0246: 蝙九∪縺溘・蜷榊燕遨ｺ髢薙・蜷榊燕 'Moq' 縺瑚ｦ九▽縺九ｊ縺ｾ縺帙ｓ縺ｧ縺励◆ (using 繝・ぅ繝ｬ繧ｯ繝・ぅ繝悶∪縺溘・繧｢繧ｻ繝ｳ繝悶Μ蜿ら・縺梧欠螳壹＆繧後※縺・ｋ縺薙→繧堤｢ｺ隱阪＠縺ｦ縺上□縺輔＞) [D:\04.VisualStudio\DenDen\DenDen_3mrcgxye_wpftmp.csproj]
D:\04.VisualStudio\DenDen\DenDen.Tests\Services\AuthenticationServiceTests.cs(1,7): error CS0246: 蝙九∪縺溘・蜷榊燕遨ｺ髢薙・蜷榊燕 'FluentAssertions' 縺瑚ｦ九▽縺九ｊ縺ｾ縺帙ｓ縺ｧ縺励◆ (using 繝・ぅ繝ｬ繧ｯ繝・ぅ繝悶∪縺溘・繧｢繧ｻ繝ｳ繝悶Μ蜿ら・縺梧欠螳壹＆繧後※縺・ｋ縺薙→繧堤｢ｺ隱阪＠縺ｦ縺上□縺輔＞) [D:\04.VisualStudio\DenDen\DenDen_3mrcgxye_wpftmp.csproj]
D:\04.VisualStudio\DenDen\DenDen.Tests\Services\AuthenticationServiceTests.cs(2,7): error CS0246: 蝙九∪縺溘・蜷榊燕遨ｺ髢薙・蜷榊燕 'Moq' 縺瑚ｦ九▽縺九ｊ縺ｾ縺帙ｓ縺ｧ縺励◆ (using 繝・ぅ繝ｬ繧ｯ繝・ぅ繝悶∪縺溘・繧｢繧ｻ繝ｳ繝悶Μ蜿ら・縺梧欠螳壹＆繧後※縺・ｋ縺薙→繧堤｢ｺ隱阪＠縺ｦ縺上□縺輔＞) [D:\04.VisualStudio\DenDen\DenDen_3mrcgxye_wpftmp.csproj]
D:\04.VisualStudio\DenDen\DenDen.Tests\Services\ExportServiceTests.cs(1,7): error CS0246: 蝙九∪縺溘・蜷榊燕遨ｺ髢薙・蜷榊燕 'FluentAssertions' 縺瑚ｦ九▽縺九ｊ縺ｾ縺帙ｓ縺ｧ縺励◆ (using 繝・ぅ繝ｬ繧ｯ繝・ぅ繝悶∪縺溘・繧｢繧ｻ繝ｳ繝悶Μ蜿ら・縺梧欠螳壹＆繧後※縺・ｋ縺薙→繧堤｢ｺ隱阪＠縺ｦ縺上□縺輔＞) [D:\04.VisualStudio\DenDen\DenDen_3mrcgxye_wpftmp.csproj]
D:\04.VisualStudio\DenDen\DenDen.Tests\ViewModels\LoginViewModelTests.cs(1,7): error CS0246: 蝙九∪縺溘・蜷榊燕遨ｺ髢薙・蜷榊燕 'FluentAssertions' 縺瑚ｦ九▽縺九ｊ縺ｾ縺帙ｓ縺ｧ縺励◆ (using 繝・ぅ繝ｬ繧ｯ繝・ぅ繝悶∪縺溘・繧｢繧ｻ繝ｳ繝悶Μ蜿ら・縺梧欠螳壹＆繧後※縺・ｋ縺薙→繧堤｢ｺ隱阪＠縺ｦ縺上□縺輔＞) [D:\04.VisualStudio\DenDen\DenDen_3mrcgxye_wpftmp.csproj]
D:\04.VisualStudio\DenDen\DenDen.Tests\ViewModels\LoginViewModelTests.cs(2,7): error CS0246: 蝙九∪縺溘・蜷榊燕遨ｺ髢薙・蜷榊燕 'Moq' 縺瑚ｦ九▽縺九ｊ縺ｾ縺帙ｓ縺ｧ縺励◆ (using 繝・ぅ繝ｬ繧ｯ繝・ぅ繝悶∪縺溘・繧｢繧ｻ繝ｳ繝悶Μ蜿ら・縺梧欠螳壹＆繧後※縺・ｋ縺薙→繧堤｢ｺ隱阪＠縺ｦ縺上□縺輔＞) [D:\04.VisualStudio\DenDen\DenDen_3mrcgxye_wpftmp.csproj]
D:\04.VisualStudio\DenDen\DenDen.Tests\Repositories\InquiryHistoryRepositoryTests.cs(14,22): error CS0246: 蝙九∪縺溘・蜷榊燕遨ｺ髢薙・蜷榊燕 'Mock<>' 縺瑚ｦ九▽縺九ｊ縺ｾ縺帙ｓ縺ｧ縺励◆ (using 繝・ぅ繝ｬ繧ｯ繝・ぅ繝悶∪縺溘・繧｢繧ｻ繝ｳ繝悶Μ蜿ら・縺梧欠螳壹＆繧後※縺・ｋ縺薙→繧堤｢ｺ隱阪＠縺ｦ縺上□縺輔＞) [D:\04.VisualStudio\DenDen\DenDen_3mrcgxye_wpftmp.csproj]
D:\04.VisualStudio\DenDen\DenDen.Tests\Services\AuthenticationServiceTests.cs(11,22): error CS0246: 蝙九∪縺溘・蜷榊燕遨ｺ髢薙・蜷榊燕 'Mock<>' 縺瑚ｦ九▽縺九ｊ縺ｾ縺帙ｓ縺ｧ縺励◆ (using 繝・ぅ繝ｬ繧ｯ繝・ぅ繝悶∪縺溘・繧｢繧ｻ繝ｳ繝悶Μ蜿ら・縺梧欠螳壹＆繧後※縺・ｋ縺薙→繧堤｢ｺ隱阪＠縺ｦ縺上□縺輔＞) [D:\04.VisualStudio\DenDen\DenDen_3mrcgxye_wpftmp.csproj]
D:\04.VisualStudio\DenDen\DenDen.Tests\Repositories\InquiryHistoryRepositoryTests.cs(64,6): error CS0246: 蝙九∪縺溘・蜷榊燕遨ｺ髢薙・蜷榊燕 'FactAttribute' 縺瑚ｦ九▽縺九ｊ縺ｾ縺帙ｓ縺ｧ縺励◆ (using 繝・ぅ繝ｬ繧ｯ繝・ぅ繝悶∪縺溘・繧｢繧ｻ繝ｳ繝悶Μ蜿ら・縺梧欠螳壹＆繧後※縺・ｋ縺薙→繧堤｢ｺ隱阪＠縺ｦ縺上□縺輔＞) [D:\04.VisualStudio\DenDen\DenDen_3mrcgxye_wpftmp.csproj]
D:\04.VisualStudio\DenDen\DenDen.Tests\Repositories\InquiryHistoryRepositoryTests.cs(64,6): error CS0246: 蝙九∪縺溘・蜷榊燕遨ｺ髢薙・蜷榊燕 'Fact' 縺瑚ｦ九▽縺九ｊ縺ｾ縺帙ｓ縺ｧ縺励◆ (using 繝・ぅ繝ｬ繧ｯ繝・ぅ繝悶∪縺溘・繧｢繧ｻ繝ｳ繝悶Μ蜿ら・縺梧欠螳壹＆繧後※縺・ｋ縺薙→繧堤｢ｺ隱阪＠縺ｦ縺上□縺輔＞) [D:\04.VisualStudio\DenDen\DenDen_3mrcgxye_wpftmp.csproj]
D:\04.VisualStudio\DenDen\DenDen.Tests\Repositories\OperatorRepositoryTests.cs(13,22): error CS0246: 蝙九∪縺溘・蜷榊燕遨ｺ髢薙・蜷榊燕 'Mock<>' 縺瑚ｦ九▽縺九ｊ縺ｾ縺帙ｓ縺ｧ縺励◆ (using 繝・ぅ繝ｬ繧ｯ繝・ぅ繝悶∪縺溘・繧｢繧ｻ繝ｳ繝悶Μ蜿ら・縺梧欠螳壹＆繧後※縺・ｋ縺薙→繧堤｢ｺ隱阪＠縺ｦ縺上□縺輔＞) [D:\04.VisualStudio\DenDen\DenDen_3mrcgxye_wpftmp.csproj]
D:\04.VisualStudio\DenDen\DenDen.Tests\Services\AuthenticationServiceTests.cs(20,6): error CS0246: 蝙九∪縺溘・蜷榊燕遨ｺ髢薙・蜷榊燕 'FactAttribute' 縺瑚ｦ九▽縺九ｊ縺ｾ縺帙ｓ縺ｧ縺励◆ (using 繝・ぅ繝ｬ繧ｯ繝・ぅ繝悶∪縺溘・繧｢繧ｻ繝ｳ繝悶Μ蜿ら・縺梧欠螳壹＆繧後※縺・ｋ縺薙→繧堤｢ｺ隱阪＠縺ｦ縺上□縺輔＞) [D:\04.VisualStudio\DenDen\DenDen_3mrcgxye_wpftmp.csproj]
D:\04.VisualStudio\DenDen\DenDen.Tests\Services\AuthenticationServiceTests.cs(20,6): error CS0246: 蝙九∪縺溘・蜷榊燕遨ｺ髢薙・蜷榊燕 'Fact' 縺瑚ｦ九▽縺九ｊ縺ｾ縺帙ｓ縺ｧ縺励◆ (using 繝・ぅ繝ｬ繧ｯ繝・ぅ繝悶∪縺溘・繧｢繧ｻ繝ｳ繝悶Μ蜿ら・縺梧欠螳壹＆繧後※縺・ｋ縺薙→繧堤｢ｺ隱阪＠縺ｦ縺上□縺輔＞) [D:\04.VisualStudio\DenDen\DenDen_3mrcgxye_wpftmp.csproj]
D:\04.VisualStudio\DenDen\DenDen.Tests\Repositories\InquiryHistoryRepositoryTests.cs(76,6): error CS0246: 蝙九∪縺溘・蜷榊燕遨ｺ髢薙・蜷榊燕 'FactAttribute' 縺瑚ｦ九▽縺九ｊ縺ｾ縺帙ｓ縺ｧ縺励◆ (using 繝・ぅ繝ｬ繧ｯ繝・ぅ繝悶∪縺溘・繧｢繧ｻ繝ｳ繝悶Μ蜿ら・縺梧欠螳壹＆繧後※縺・ｋ縺薙→繧堤｢ｺ隱阪＠縺ｦ縺上□縺輔＞) [D:\04.VisualStudio\DenDen\DenDen_3mrcgxye_wpftmp.csproj]
D:\04.VisualStudio\DenDen\DenDen.Tests\Repositories\InquiryHistoryRepositoryTests.cs(76,6): error CS0246: 蝙九∪縺溘・蜷榊燕遨ｺ髢薙・蜷榊燕 'Fact' 縺瑚ｦ九▽縺九ｊ縺ｾ縺帙ｓ縺ｧ縺励◆ (using 繝・ぅ繝ｬ繧ｯ繝・ぅ繝悶∪縺溘・繧｢繧ｻ繝ｳ繝悶Μ蜿ら・縺梧欠螳壹＆繧後※縺・ｋ縺薙→繧堤｢ｺ隱阪＠縺ｦ縺上□縺輔＞) [D:\04.VisualStudio\DenDen\DenDen_3mrcgxye_wpftmp.csproj]
D:\04.VisualStudio\DenDen\DenDen.Tests\Services\AuthenticationServiceTests.cs(48,6): error CS0246: 蝙九∪縺溘・蜷榊燕遨ｺ髢薙・蜷榊燕 'FactAttribute' 縺瑚ｦ九▽縺九ｊ縺ｾ縺帙ｓ縺ｧ縺励◆ (using 繝・ぅ繝ｬ繧ｯ繝・ぅ繝悶∪縺溘・繧｢繧ｻ繝ｳ繝悶Μ蜿ら・縺梧欠螳壹＆繧後※縺・ｋ縺薙→繧堤｢ｺ隱阪＠縺ｦ縺上□縺輔＞) [D:\04.VisualStudio\DenDen\DenDen_3mrcgxye_wpftmp.csproj]
D:\04.VisualStudio\DenDen\DenDen.Tests\Services\AuthenticationServiceTests.cs(48,6): error CS0246: 蝙九∪縺溘・蜷榊燕遨ｺ髢薙・蜷榊燕 'Fact' 縺瑚ｦ九▽縺九ｊ縺ｾ縺帙ｓ縺ｧ縺励◆ (using 繝・ぅ繝ｬ繧ｯ繝・ぅ繝悶∪縺溘・繧｢繧ｻ繝ｳ繝悶Μ蜿ら・縺梧欠螳壹＆繧後※縺・ｋ縺薙→繧堤｢ｺ隱阪＠縺ｦ縺上□縺輔＞) [D:\04.VisualStudio\DenDen\DenDen_3mrcgxye_wpftmp.csproj]
D:\04.VisualStudio\DenDen\DenDen.Tests\Repositories\InquiryHistoryRepositoryTests.cs(86,6): error CS0246: 蝙九∪縺溘・蜷榊燕遨ｺ髢薙・蜷榊燕 'FactAttribute' 縺瑚ｦ九▽縺九ｊ縺ｾ縺帙ｓ縺ｧ縺励◆ (using 繝・ぅ繝ｬ繧ｯ繝・ぅ繝悶∪縺溘・繧｢繧ｻ繝ｳ繝悶Μ蜿ら・縺梧欠螳壹＆繧後※縺・ｋ縺薙→繧堤｢ｺ隱阪＠縺ｦ縺上□縺輔＞) [D:\04.VisualStudio\DenDen\DenDen_3mrcgxye_wpftmp.csproj]
D:\04.VisualStudio\DenDen\DenDen.Tests\Repositories\InquiryHistoryRepositoryTests.cs(86,6): error CS0246: 蝙九∪縺溘・蜷榊燕遨ｺ髢薙・蜷榊燕 'Fact' 縺瑚ｦ九▽縺九ｊ縺ｾ縺帙ｓ縺ｧ縺励◆ (using 繝・ぅ繝ｬ繧ｯ繝・ぅ繝悶∪縺溘・繧｢繧ｻ繝ｳ繝悶Μ蜿ら・縺梧欠螳壹＆繧後※縺・ｋ縺薙→繧堤｢ｺ隱阪＠縺ｦ縺上□縺輔＞) [D:\04.VisualStudio\DenDen\DenDen_3mrcgxye_wpftmp.csproj]
D:\04.VisualStudio\DenDen\DenDen.Tests\Services\AuthenticationServiceTests.cs(73,6): error CS0246: 蝙九∪縺溘・蜷榊燕遨ｺ髢薙・蜷榊燕 'FactAttribute' 縺瑚ｦ九▽縺九ｊ縺ｾ縺帙ｓ縺ｧ縺励◆ (using 繝・ぅ繝ｬ繧ｯ繝・ぅ繝悶∪縺溘・繧｢繧ｻ繝ｳ繝悶Μ蜿ら・縺梧欠螳壹＆繧後※縺・ｋ縺薙→繧堤｢ｺ隱阪＠縺ｦ縺上□縺輔＞) [D:\04.VisualStudio\DenDen\DenDen_3mrcgxye_wpftmp.csproj]
D:\04.VisualStudio\DenDen\DenDen.Tests\Services\AuthenticationServiceTests.cs(73,6): error CS0246: 蝙九∪縺溘・蜷榊燕遨ｺ髢薙・蜷榊燕 'Fact' 縺瑚ｦ九▽縺九ｊ縺ｾ縺帙ｓ縺ｧ縺励◆ (using 繝・ぅ繝ｬ繧ｯ繝・ぅ繝悶∪縺溘・繧｢繧ｻ繝ｳ繝悶Μ蜿ら・縺梧欠螳壹＆繧後※縺・ｋ縺薙→繧堤｢ｺ隱阪＠縺ｦ縺上□縺輔＞) [D:\04.VisualStudio\DenDen\DenDen_3mrcgxye_wpftmp.csproj]
D:\04.VisualStudio\DenDen\DenDen.Tests\Repositories\OperatorRepositoryTests.cs(58,6): error CS0246: 蝙九∪縺溘・蜷榊燕遨ｺ髢薙・蜷榊燕 'FactAttribute' 縺瑚ｦ九▽縺九ｊ縺ｾ縺帙ｓ縺ｧ縺励◆ (using 繝・ぅ繝ｬ繧ｯ繝・ぅ繝悶∪縺溘・繧｢繧ｻ繝ｳ繝悶Μ蜿ら・縺梧欠螳壹＆繧後※縺・ｋ縺薙→繧堤｢ｺ隱阪＠縺ｦ縺上□縺輔＞) [D:\04.VisualStudio\DenDen\DenDen_3mrcgxye_wpftmp.csproj]
D:\04.VisualStudio\DenDen\DenDen.Tests\Repositories\OperatorRepositoryTests.cs(58,6): error CS0246: 蝙九∪縺溘・蜷榊燕遨ｺ髢薙・蜷榊燕 'Fact' 縺瑚ｦ九▽縺九ｊ縺ｾ縺帙ｓ縺ｧ縺励◆ (using 繝・ぅ繝ｬ繧ｯ繝・ぅ繝悶∪縺溘・繧｢繧ｻ繝ｳ繝悶Μ蜿ら・縺梧欠螳壹＆繧後※縺・ｋ縺薙→繧堤｢ｺ隱阪＠縺ｦ縺上□縺輔＞) [D:\04.VisualStudio\DenDen\DenDen_3mrcgxye_wpftmp.csproj]
D:\04.VisualStudio\DenDen\DenDen.Tests\Repositories\InquiryHistoryRepositoryTests.cs(97,6): error CS0246: 蝙九∪縺溘・蜷榊燕遨ｺ髢薙・蜷榊燕 'FactAttribute' 縺瑚ｦ九▽縺九ｊ縺ｾ縺帙ｓ縺ｧ縺励◆ (using 繝・ぅ繝ｬ繧ｯ繝・ぅ繝悶∪縺溘・繧｢繧ｻ繝ｳ繝悶Μ蜿ら・縺梧欠螳壹＆繧後※縺・ｋ縺薙→繧堤｢ｺ隱阪＠縺ｦ縺上□縺輔＞) [D:\04.VisualStudio\DenDen\DenDen_3mrcgxye_wpftmp.csproj]
D:\04.VisualStudio\DenDen\DenDen.Tests\Repositories\InquiryHistoryRepositoryTests.cs(97,6): error CS0246: 蝙九∪縺溘・蜷榊燕遨ｺ髢薙・蜷榊燕 'Fact' 縺瑚ｦ九▽縺九ｊ縺ｾ縺帙ｓ縺ｧ縺励◆ (using 繝・ぅ繝ｬ繧ｯ繝・ぅ繝悶∪縺溘・繧｢繧ｻ繝ｳ繝悶Μ蜿ら・縺梧欠螳壹＆繧後※縺・ｋ縺薙→繧堤｢ｺ隱阪＠縺ｦ縺上□縺輔＞) [D:\04.VisualStudio\DenDen\DenDen_3mrcgxye_wpftmp.csproj]
D:\04.VisualStudio\DenDen\DenDen.Tests\Services\AuthenticationServiceTests.cs(88,6): error CS0246: 蝙九∪縺溘・蜷榊燕遨ｺ髢薙・蜷榊燕 'FactAttribute' 縺瑚ｦ九▽縺九ｊ縺ｾ縺帙ｓ縺ｧ縺励◆ (using 繝・ぅ繝ｬ繧ｯ繝・ぅ繝悶∪縺溘・繧｢繧ｻ繝ｳ繝悶Μ蜿ら・縺梧欠螳壹＆繧後※縺・ｋ縺薙→繧堤｢ｺ隱阪＠縺ｦ縺上□縺輔＞) [D:\04.VisualStudio\DenDen\DenDen_3mrcgxye_wpftmp.csproj]
D:\04.VisualStudio\DenDen\DenDen.Tests\Services\AuthenticationServiceTests.cs(88,6): error CS0246: 蝙九∪縺溘・蜷榊燕遨ｺ髢薙・蜷榊燕 'Fact' 縺瑚ｦ九▽縺九ｊ縺ｾ縺帙ｓ縺ｧ縺励◆ (using 繝・ぅ繝ｬ繧ｯ繝・ぅ繝悶∪縺溘・繧｢繧ｻ繝ｳ繝悶Μ蜿ら・縺梧欠螳壹＆繧後※縺・ｋ縺薙→繧堤｢ｺ隱阪＠縺ｦ縺上□縺輔＞) [D:\04.VisualStudio\DenDen\DenDen_3mrcgxye_wpftmp.csproj]
D:\04.VisualStudio\DenDen\DenDen.Tests\Repositories\InquiryHistoryRepositoryTests.cs(108,6): error CS0246: 蝙九∪縺溘・蜷榊燕遨ｺ髢薙・蜷榊燕 'FactAttribute' 縺瑚ｦ九▽縺九ｊ縺ｾ縺帙ｓ縺ｧ縺励◆ (using 繝・ぅ繝ｬ繧ｯ繝・ぅ繝悶∪縺溘・繧｢繧ｻ繝ｳ繝悶Μ蜿ら・縺梧欠螳壹＆繧後※縺・ｋ縺薙→繧堤｢ｺ隱阪＠縺ｦ縺上□縺輔＞) [D:\04.VisualStudio\DenDen\DenDen_3mrcgxye_wpftmp.csproj]
D:\04.VisualStudio\DenDen\DenDen.Tests\Repositories\InquiryHistoryRepositoryTests.cs(108,6): error CS0246: 蝙九∪縺溘・蜷榊燕遨ｺ髢薙・蜷榊燕 'Fact' 縺瑚ｦ九▽縺九ｊ縺ｾ縺帙ｓ縺ｧ縺励◆ (using 繝・ぅ繝ｬ繧ｯ繝・ぅ繝悶∪縺溘・繧｢繧ｻ繝ｳ繝悶Μ蜿ら・縺梧欠螳壹＆繧後※縺・ｋ縺薙→繧堤｢ｺ隱阪＠縺ｦ縺上□縺輔＞) [D:\04.VisualStudio\DenDen\DenDen_3mrcgxye_wpftmp.csproj]
D:\04.VisualStudio\DenDen\DenDen.Tests\Services\AuthenticationServiceTests.cs(98,6): error CS0246: 蝙九∪縺溘・蜷榊燕遨ｺ髢薙・蜷榊燕 'FactAttribute' 縺瑚ｦ九▽縺九ｊ縺ｾ縺帙ｓ縺ｧ縺励◆ (using 繝・ぅ繝ｬ繧ｯ繝・ぅ繝悶∪縺溘・繧｢繧ｻ繝ｳ繝悶Μ蜿ら・縺梧欠螳壹＆繧後※縺・ｋ縺薙→繧堤｢ｺ隱阪＠縺ｦ縺上□縺輔＞) [D:\04.VisualStudio\DenDen\DenDen_3mrcgxye_wpftmp.csproj]
D:\04.VisualStudio\DenDen\DenDen.Tests\Services\AuthenticationServiceTests.cs(98,6): error CS0246: 蝙九∪縺溘・蜷榊燕遨ｺ髢薙・蜷榊燕 'Fact' 縺瑚ｦ九▽縺九ｊ縺ｾ縺帙ｓ縺ｧ縺励◆ (using 繝・ぅ繝ｬ繧ｯ繝・ぅ繝悶∪縺溘・繧｢繧ｻ繝ｳ繝悶Μ蜿ら・縺梧欠螳壹＆繧後※縺・ｋ縺薙→繧堤｢ｺ隱阪＠縺ｦ縺上□縺輔＞) [D:\04.VisualStudio\DenDen\DenDen_3mrcgxye_wpftmp.csproj]
D:\04.VisualStudio\DenDen\DenDen.Tests\Repositories\OperatorRepositoryTests.cs(70,6): error CS0246: 蝙九∪縺溘・蜷榊燕遨ｺ髢薙・蜷榊燕 'FactAttribute' 縺瑚ｦ九▽縺九ｊ縺ｾ縺帙ｓ縺ｧ縺励◆ (using 繝・ぅ繝ｬ繧ｯ繝・ぅ繝悶∪縺溘・繧｢繧ｻ繝ｳ繝悶Μ蜿ら・縺梧欠螳壹＆繧後※縺・ｋ縺薙→繧堤｢ｺ隱阪＠縺ｦ縺上□縺輔＞) [D:\04.VisualStudio\DenDen\DenDen_3mrcgxye_wpftmp.csproj]
D:\04.VisualStudio\DenDen\DenDen.Tests\Repositories\OperatorRepositoryTests.cs(70,6): error CS0246: 蝙九∪縺溘・蜷榊燕遨ｺ髢薙・蜷榊燕 'Fact' 縺瑚ｦ九▽縺九ｊ縺ｾ縺帙ｓ縺ｧ縺励◆ (using 繝・ぅ繝ｬ繧ｯ繝・ぅ繝悶∪縺溘・繧｢繧ｻ繝ｳ繝悶Μ蜿ら・縺梧欠螳壹＆繧後※縺・ｋ縺薙→繧堤｢ｺ隱阪＠縺ｦ縺上□縺輔＞) [D:\04.VisualStudio\DenDen\DenDen_3mrcgxye_wpftmp.csproj]
D:\04.VisualStudio\DenDen\DenDen.Tests\Repositories\InquiryHistoryRepositoryTests.cs(135,6): error CS0246: 蝙九∪縺溘・蜷榊燕遨ｺ髢薙・蜷榊燕 'FactAttribute' 縺瑚ｦ九▽縺九ｊ縺ｾ縺帙ｓ縺ｧ縺励◆ (using 繝・ぅ繝ｬ繧ｯ繝・ぅ繝悶∪縺溘・繧｢繧ｻ繝ｳ繝悶Μ蜿ら・縺梧欠螳壹＆繧後※縺・ｋ縺薙→繧堤｢ｺ隱阪＠縺ｦ縺上□縺輔＞) [D:\04.VisualStudio\DenDen\DenDen_3mrcgxye_wpftmp.csproj]
D:\04.VisualStudio\DenDen\DenDen.Tests\Repositories\InquiryHistoryRepositoryTests.cs(135,6): error CS0246: 蝙九∪縺溘・蜷榊燕遨ｺ髢薙・蜷榊燕 'Fact' 縺瑚ｦ九▽縺九ｊ縺ｾ縺帙ｓ縺ｧ縺励◆ (using 繝・ぅ繝ｬ繧ｯ繝・ぅ繝悶∪縺溘・繧｢繧ｻ繝ｳ繝悶Μ蜿ら・縺梧欠螳壹＆繧後※縺・ｋ縺薙→繧堤｢ｺ隱阪＠縺ｦ縺上□縺輔＞) [D:\04.VisualStudio\DenDen\DenDen_3mrcgxye_wpftmp.csproj]
D:\04.VisualStudio\DenDen\DenDen.Tests\Repositories\OperatorRepositoryTests.cs(80,6): error CS0246: 蝙九∪縺溘・蜷榊燕遨ｺ髢薙・蜷榊燕 'FactAttribute' 縺瑚ｦ九▽縺九ｊ縺ｾ縺帙ｓ縺ｧ縺励◆ (using 繝・ぅ繝ｬ繧ｯ繝・ぅ繝悶∪縺溘・繧｢繧ｻ繝ｳ繝悶Μ蜿ら・縺梧欠螳壹＆繧後※縺・ｋ縺薙→繧堤｢ｺ隱阪＠縺ｦ縺上□縺輔＞) [D:\04.VisualStudio\DenDen\DenDen_3mrcgxye_wpftmp.csproj]
D:\04.VisualStudio\DenDen\DenDen.Tests\Repositories\OperatorRepositoryTests.cs(80,6): error CS0246: 蝙九∪縺溘・蜷榊燕遨ｺ髢薙・蜷榊燕 'Fact' 縺瑚ｦ九▽縺九ｊ縺ｾ縺帙ｓ縺ｧ縺励◆ (using 繝・ぅ繝ｬ繧ｯ繝・ぅ繝悶∪縺溘・繧｢繧ｻ繝ｳ繝悶Μ蜿ら・縺梧欠螳壹＆繧後※縺・ｋ縺薙→繧堤｢ｺ隱阪＠縺ｦ縺上□縺輔＞) [D:\04.VisualStudio\DenDen\DenDen_3mrcgxye_wpftmp.csproj]
D:\04.VisualStudio\DenDen\DenDen.Tests\Services\ExportServiceTests.cs(27,6): error CS0246: 蝙九∪縺溘・蜷榊燕遨ｺ髢薙・蜷榊燕 'FactAttribute' 縺瑚ｦ九▽縺九ｊ縺ｾ縺帙ｓ縺ｧ縺励◆ (using 繝・ぅ繝ｬ繧ｯ繝・ぅ繝悶∪縺溘・繧｢繧ｻ繝ｳ繝悶Μ蜿ら・縺梧欠螳壹＆繧後※縺・ｋ縺薙→繧堤｢ｺ隱阪＠縺ｦ縺上□縺輔＞) [D:\04.VisualStudio\DenDen\DenDen_3mrcgxye_wpftmp.csproj]
D:\04.VisualStudio\DenDen\DenDen.Tests\Services\ExportServiceTests.cs(27,6): error CS0246: 蝙九∪縺溘・蜷榊燕遨ｺ髢薙・蜷榊燕 'Fact' 縺瑚ｦ九▽縺九ｊ縺ｾ縺帙ｓ縺ｧ縺励◆ (using 繝・ぅ繝ｬ繧ｯ繝・ぅ繝悶∪縺溘・繧｢繧ｻ繝ｳ繝悶Μ蜿ら・縺梧欠螳壹＆繧後※縺・ｋ縺薙→繧堤｢ｺ隱阪＠縺ｦ縺上□縺輔＞) [D:\04.VisualStudio\DenDen\DenDen_3mrcgxye_wpftmp.csproj]
D:\04.VisualStudio\DenDen\DenDen.Tests\Repositories\ProjectRepositoryTests.cs(14,22): error CS0246: 蝙九∪縺溘・蜷榊燕遨ｺ髢薙・蜷榊燕 'Mock<>' 縺瑚ｦ九▽縺九ｊ縺ｾ縺帙ｓ縺ｧ縺励◆ (using 繝・ぅ繝ｬ繧ｯ繝・ぅ繝悶∪縺溘・繧｢繧ｻ繝ｳ繝悶Μ蜿ら・縺梧欠螳壹＆繧後※縺・ｋ縺薙→繧堤｢ｺ隱阪＠縺ｦ縺上□縺輔＞) [D:\04.VisualStudio\DenDen\DenDen_3mrcgxye_wpftmp.csproj]
D:\04.VisualStudio\DenDen\DenDen.Tests\Repositories\OperatorRepositoryTests.cs(90,6): error CS0246: 蝙九∪縺溘・蜷榊燕遨ｺ髢薙・蜷榊燕 'FactAttribute' 縺瑚ｦ九▽縺九ｊ縺ｾ縺帙ｓ縺ｧ縺励◆ (using 繝・ぅ繝ｬ繧ｯ繝・ぅ繝悶∪縺溘・繧｢繧ｻ繝ｳ繝悶Μ蜿ら・縺梧欠螳壹＆繧後※縺・ｋ縺薙→繧堤｢ｺ隱阪＠縺ｦ縺上□縺輔＞) [D:\04.VisualStudio\DenDen\DenDen_3mrcgxye_wpftmp.csproj]
D:\04.VisualStudio\DenDen\DenDen.Tests\Repositories\OperatorRepositoryTests.cs(90,6): error CS0246: 蝙九∪縺溘・蜷榊燕遨ｺ髢薙・蜷榊燕 'Fact' 縺瑚ｦ九▽縺九ｊ縺ｾ縺帙ｓ縺ｧ縺励◆ (using 繝・ぅ繝ｬ繧ｯ繝・ぅ繝悶∪縺溘・繧｢繧ｻ繝ｳ繝悶Μ蜿ら・縺梧欠螳壹＆繧後※縺・ｋ縺薙→繧堤｢ｺ隱阪＠縺ｦ縺上□縺輔＞) [D:\04.VisualStudio\DenDen\DenDen_3mrcgxye_wpftmp.csproj]
D:\04.VisualStudio\DenDen\DenDen.Tests\Services\ExportServiceTests.cs(59,6): error CS0246: 蝙九∪縺溘・蜷榊燕遨ｺ髢薙・蜷榊燕 'FactAttribute' 縺瑚ｦ九▽縺九ｊ縺ｾ縺帙ｓ縺ｧ縺励◆ (using 繝・ぅ繝ｬ繧ｯ繝・ぅ繝悶∪縺溘・繧｢繧ｻ繝ｳ繝悶Μ蜿ら・縺梧欠螳壹＆繧後※縺・ｋ縺薙→繧堤｢ｺ隱阪＠縺ｦ縺上□縺輔＞) [D:\04.VisualStudio\DenDen\DenDen_3mrcgxye_wpftmp.csproj]
D:\04.VisualStudio\DenDen\DenDen.Tests\Services\ExportServiceTests.cs(59,6): error CS0246: 蝙九∪縺溘・蜷榊燕遨ｺ髢薙・蜷榊燕 'Fact' 縺瑚ｦ九▽縺九ｊ縺ｾ縺帙ｓ縺ｧ縺励◆ (using 繝・ぅ繝ｬ繧ｯ繝・ぅ繝悶∪縺溘・繧｢繧ｻ繝ｳ繝悶Μ蜿ら・縺梧欠螳壹＆繧後※縺・ｋ縺薙→繧堤｢ｺ隱阪＠縺ｦ縺上□縺輔＞) [D:\04.VisualStudio\DenDen\DenDen_3mrcgxye_wpftmp.csproj]
D:\04.VisualStudio\DenDen\DenDen.Tests\Repositories\ProjectRepositoryTests.cs(57,6): error CS0246: 蝙九∪縺溘・蜷榊燕遨ｺ髢薙・蜷榊燕 'FactAttribute' 縺瑚ｦ九▽縺九ｊ縺ｾ縺帙ｓ縺ｧ縺励◆ (using 繝・ぅ繝ｬ繧ｯ繝・ぅ繝悶∪縺溘・繧｢繧ｻ繝ｳ繝悶Μ蜿ら・縺梧欠螳壹＆繧後※縺・ｋ縺薙→繧堤｢ｺ隱阪＠縺ｦ縺上□縺輔＞) [D:\04.VisualStudio\DenDen\DenDen_3mrcgxye_wpftmp.csproj]
D:\04.VisualStudio\DenDen\DenDen.Tests\Repositories\ProjectRepositoryTests.cs(57,6): error CS0246: 蝙九∪縺溘・蜷榊燕遨ｺ髢薙・蜷榊燕 'Fact' 縺瑚ｦ九▽縺九ｊ縺ｾ縺帙ｓ縺ｧ縺励◆ (using 繝・ぅ繝ｬ繧ｯ繝・ぅ繝悶∪縺溘・繧｢繧ｻ繝ｳ繝悶Μ蜿ら・縺梧欠螳壹＆繧後※縺・ｋ縺薙→繧堤｢ｺ隱阪＠縺ｦ縺上□縺輔＞) [D:\04.VisualStudio\DenDen\DenDen_3mrcgxye_wpftmp.csproj]
D:\04.VisualStudio\DenDen\DenDen.Tests\Services\ExportServiceTests.cs(83,6): error CS0246: 蝙九∪縺溘・蜷榊燕遨ｺ髢薙・蜷榊燕 'FactAttribute' 縺瑚ｦ九▽縺九ｊ縺ｾ縺帙ｓ縺ｧ縺励◆ (using 繝・ぅ繝ｬ繧ｯ繝・ぅ繝悶∪縺溘・繧｢繧ｻ繝ｳ繝悶Μ蜿ら・縺梧欠螳壹＆繧後※縺・ｋ縺薙→繧堤｢ｺ隱阪＠縺ｦ縺上□縺輔＞) [D:\04.VisualStudio\DenDen\DenDen_3mrcgxye_wpftmp.csproj]
D:\04.VisualStudio\DenDen\DenDen.Tests\Services\ExportServiceTests.cs(83,6): error CS0246: 蝙九∪縺溘・蜷榊燕遨ｺ髢薙・蜷榊燕 'Fact' 縺瑚ｦ九▽縺九ｊ縺ｾ縺帙ｓ縺ｧ縺励◆ (using 繝・ぅ繝ｬ繧ｯ繝・ぅ繝悶∪縺溘・繧｢繧ｻ繝ｳ繝悶Μ蜿ら・縺梧欠螳壹＆繧後※縺・ｋ縺薙→繧堤｢ｺ隱阪＠縺ｦ縺上□縺輔＞) [D:\04.VisualStudio\DenDen\DenDen_3mrcgxye_wpftmp.csproj]
D:\04.VisualStudio\DenDen\DenDen.Tests\UnitTest1.cs(5,6): error CS0246: 蝙九∪縺溘・蜷榊燕遨ｺ髢薙・蜷榊燕 'FactAttribute' 縺瑚ｦ九▽縺九ｊ縺ｾ縺帙ｓ縺ｧ縺励◆ (using 繝・ぅ繝ｬ繧ｯ繝・ぅ繝悶∪縺溘・繧｢繧ｻ繝ｳ繝悶Μ蜿ら・縺梧欠螳壹＆繧後※縺・ｋ縺薙→繧堤｢ｺ隱阪＠縺ｦ縺上□縺輔＞) [D:\04.VisualStudio\DenDen\DenDen_3mrcgxye_wpftmp.csproj]
D:\04.VisualStudio\DenDen\DenDen.Tests\UnitTest1.cs(5,6): error CS0246: 蝙九∪縺溘・蜷榊燕遨ｺ髢薙・蜷榊燕 'Fact' 縺瑚ｦ九▽縺九ｊ縺ｾ縺帙ｓ縺ｧ縺励◆ (using 繝・ぅ繝ｬ繧ｯ繝・ぅ繝悶∪縺溘・繧｢繧ｻ繝ｳ繝悶Μ蜿ら・縺梧欠螳壹＆繧後※縺・ｋ縺薙→繧堤｢ｺ隱阪＠縺ｦ縺上□縺輔＞) [D:\04.VisualStudio\DenDen\DenDen_3mrcgxye_wpftmp.csproj]
D:\04.VisualStudio\DenDen\DenDen.Tests\Repositories\ProjectRepositoryTests.cs(68,6): error CS0246: 蝙九∪縺溘・蜷榊燕遨ｺ髢薙・蜷榊燕 'FactAttribute' 縺瑚ｦ九▽縺九ｊ縺ｾ縺帙ｓ縺ｧ縺励◆ (using 繝・ぅ繝ｬ繧ｯ繝・ぅ繝悶∪縺溘・繧｢繧ｻ繝ｳ繝悶Μ蜿ら・縺梧欠螳壹＆繧後※縺・ｋ縺薙→繧堤｢ｺ隱阪＠縺ｦ縺上□縺輔＞) [D:\04.VisualStudio\DenDen\DenDen_3mrcgxye_wpftmp.csproj]
D:\04.VisualStudio\DenDen\DenDen.Tests\Repositories\ProjectRepositoryTests.cs(68,6): error CS0246: 蝙九∪縺溘・蜷榊燕遨ｺ髢薙・蜷榊燕 'Fact' 縺瑚ｦ九▽縺九ｊ縺ｾ縺帙ｓ縺ｧ縺励◆ (using 繝・ぅ繝ｬ繧ｯ繝・ぅ繝悶∪縺溘・繧｢繧ｻ繝ｳ繝悶Μ蜿ら・縺梧欠螳壹＆繧後※縺・ｋ縺薙→繧堤｢ｺ隱阪＠縺ｦ縺上□縺輔＞) [D:\04.VisualStudio\DenDen\DenDen_3mrcgxye_wpftmp.csproj]
D:\04.VisualStudio\DenDen\DenDen.Tests\Services\ExportServiceTests.cs(107,6): error CS0246: 蝙九∪縺溘・蜷榊燕遨ｺ髢薙・蜷榊燕 'FactAttribute' 縺瑚ｦ九▽縺九ｊ縺ｾ縺帙ｓ縺ｧ縺励◆ (using 繝・ぅ繝ｬ繧ｯ繝・ぅ繝悶∪縺溘・繧｢繧ｻ繝ｳ繝悶Μ蜿ら・縺梧欠螳壹＆繧後※縺・ｋ縺薙→繧堤｢ｺ隱阪＠縺ｦ縺上□縺輔＞) [D:\04.VisualStudio\DenDen\DenDen_3mrcgxye_wpftmp.csproj]
D:\04.VisualStudio\DenDen\DenDen.Tests\Services\ExportServiceTests.cs(107,6): error CS0246: 蝙九∪縺溘・蜷榊燕遨ｺ髢薙・蜷榊燕 'Fact' 縺瑚ｦ九▽縺九ｊ縺ｾ縺帙ｓ縺ｧ縺励◆ (using 繝・ぅ繝ｬ繧ｯ繝・ぅ繝悶∪縺溘・繧｢繧ｻ繝ｳ繝悶Μ蜿ら・縺梧欠螳壹＆繧後※縺・ｋ縺薙→繧堤｢ｺ隱阪＠縺ｦ縺上□縺輔＞) [D:\04.VisualStudio\DenDen\DenDen_3mrcgxye_wpftmp.csproj]
D:\04.VisualStudio\DenDen\DenDen.Tests\Services\ExportServiceTests.cs(131,6): error CS0246: 蝙九∪縺溘・蜷榊燕遨ｺ髢薙・蜷榊燕 'FactAttribute' 縺瑚ｦ九▽縺九ｊ縺ｾ縺帙ｓ縺ｧ縺励◆ (using 繝・ぅ繝ｬ繧ｯ繝・ぅ繝悶∪縺溘・繧｢繧ｻ繝ｳ繝悶Μ蜿ら・縺梧欠螳壹＆繧後※縺・ｋ縺薙→繧堤｢ｺ隱阪＠縺ｦ縺上□縺輔＞) [D:\04.VisualStudio\DenDen\DenDen_3mrcgxye_wpftmp.csproj]
D:\04.VisualStudio\DenDen\DenDen.Tests\Services\ExportServiceTests.cs(131,6): error CS0246: 蝙九∪縺溘・蜷榊燕遨ｺ髢薙・蜷榊燕 'Fact' 縺瑚ｦ九▽縺九ｊ縺ｾ縺帙ｓ縺ｧ縺励◆ (using 繝・ぅ繝ｬ繧ｯ繝・ぅ繝悶∪縺溘・繧｢繧ｻ繝ｳ繝悶Μ蜿ら・縺梧欠螳壹＆繧後※縺・ｋ縺薙→繧堤｢ｺ隱阪＠縺ｦ縺上□縺輔＞) [D:\04.VisualStudio\DenDen\DenDen_3mrcgxye_wpftmp.csproj]
D:\04.VisualStudio\DenDen\DenDen.Tests\Repositories\ProjectRepositoryTests.cs(79,6): error CS0246: 蝙九∪縺溘・蜷榊燕遨ｺ髢薙・蜷榊燕 'FactAttribute' 縺瑚ｦ九▽縺九ｊ縺ｾ縺帙ｓ縺ｧ縺励◆ (using 繝・ぅ繝ｬ繧ｯ繝・ぅ繝悶∪縺溘・繧｢繧ｻ繝ｳ繝悶Μ蜿ら・縺梧欠螳壹＆繧後※縺・ｋ縺薙→繧堤｢ｺ隱阪＠縺ｦ縺上□縺輔＞) [D:\04.VisualStudio\DenDen\DenDen_3mrcgxye_wpftmp.csproj]
D:\04.VisualStudio\DenDen\DenDen.Tests\Repositories\ProjectRepositoryTests.cs(79,6): error CS0246: 蝙九∪縺溘・蜷榊燕遨ｺ髢薙・蜷榊燕 'Fact' 縺瑚ｦ九▽縺九ｊ縺ｾ縺帙ｓ縺ｧ縺励◆ (using 繝・ぅ繝ｬ繧ｯ繝・ぅ繝悶∪縺溘・繧｢繧ｻ繝ｳ繝悶Μ蜿ら・縺梧欠螳壹＆繧後※縺・ｋ縺薙→繧堤｢ｺ隱阪＠縺ｦ縺上□縺輔＞) [D:\04.VisualStudio\DenDen\DenDen_3mrcgxye_wpftmp.csproj]
D:\04.VisualStudio\DenDen\DenDen.Tests\ViewModels\LoginViewModelTests.cs(12,22): error CS0246: 蝙九∪縺溘・蜷榊燕遨ｺ髢薙・蜷榊燕 'Mock<>' 縺瑚ｦ九▽縺九ｊ縺ｾ縺帙ｓ縺ｧ縺励◆ (using 繝・ぅ繝ｬ繧ｯ繝・ぅ繝悶∪縺溘・繧｢繧ｻ繝ｳ繝悶Μ蜿ら・縺梧欠螳壹＆繧後※縺・ｋ縺薙→繧堤｢ｺ隱阪＠縺ｦ縺上□縺輔＞) [D:\04.VisualStudio\DenDen\DenDen_3mrcgxye_wpftmp.csproj]
D:\04.VisualStudio\DenDen\DenDen.Tests\Services\ExportServiceTests.cs(158,6): error CS0246: 蝙九∪縺溘・蜷榊燕遨ｺ髢薙・蜷榊燕 'FactAttribute' 縺瑚ｦ九▽縺九ｊ縺ｾ縺帙ｓ縺ｧ縺励◆ (using 繝・ぅ繝ｬ繧ｯ繝・ぅ繝悶∪縺溘・繧｢繧ｻ繝ｳ繝悶Μ蜿ら・縺梧欠螳壹＆繧後※縺・ｋ縺薙→繧堤｢ｺ隱阪＠縺ｦ縺上□縺輔＞) [D:\04.VisualStudio\DenDen\DenDen_3mrcgxye_wpftmp.csproj]
D:\04.VisualStudio\DenDen\DenDen.Tests\Services\ExportServiceTests.cs(158,6): error CS0246: 蝙九∪縺溘・蜷榊燕遨ｺ髢薙・蜷榊燕 'Fact' 縺瑚ｦ九▽縺九ｊ縺ｾ縺帙ｓ縺ｧ縺励◆ (using 繝・ぅ繝ｬ繧ｯ繝・ぅ繝悶∪縺溘・繧｢繧ｻ繝ｳ繝悶Μ蜿ら・縺梧欠螳壹＆繧後※縺・ｋ縺薙→繧堤｢ｺ隱阪＠縺ｦ縺上□縺輔＞) [D:\04.VisualStudio\DenDen\DenDen_3mrcgxye_wpftmp.csproj]
D:\04.VisualStudio\DenDen\DenDen.Tests\ViewModels\LoginViewModelTests.cs(13,22): error CS0246: 蝙九∪縺溘・蜷榊燕遨ｺ髢薙・蜷榊燕 'Mock<>' 縺瑚ｦ九▽縺九ｊ縺ｾ縺帙ｓ縺ｧ縺励◆ (using 繝・ぅ繝ｬ繧ｯ繝・ぅ繝悶∪縺溘・繧｢繧ｻ繝ｳ繝悶Μ蜿ら・縺梧欠螳壹＆繧後※縺・ｋ縺薙→繧堤｢ｺ隱阪＠縺ｦ縺上□縺輔＞) [D:\04.VisualStudio\DenDen\DenDen_3mrcgxye_wpftmp.csproj]
D:\04.VisualStudio\DenDen\DenDen.Tests\ViewModels\LoginViewModelTests.cs(14,22): error CS0246: 蝙九∪縺溘・蜷榊燕遨ｺ髢薙・蜷榊燕 'Mock<>' 縺瑚ｦ九▽縺九ｊ縺ｾ縺帙ｓ縺ｧ縺励◆ (using 繝・ぅ繝ｬ繧ｯ繝・ぅ繝悶∪縺溘・繧｢繧ｻ繝ｳ繝悶Μ蜿ら・縺梧欠螳壹＆繧後※縺・ｋ縺薙→繧堤｢ｺ隱阪＠縺ｦ縺上□縺輔＞) [D:\04.VisualStudio\DenDen\DenDen_3mrcgxye_wpftmp.csproj]
D:\04.VisualStudio\DenDen\DenDen.Tests\ViewModels\LoginViewModelTests.cs(41,6): error CS0246: 蝙九∪縺溘・蜷榊燕遨ｺ髢薙・蜷榊燕 'FactAttribute' 縺瑚ｦ九▽縺九ｊ縺ｾ縺帙ｓ縺ｧ縺励◆ (using 繝・ぅ繝ｬ繧ｯ繝・ぅ繝悶∪縺溘・繧｢繧ｻ繝ｳ繝悶Μ蜿ら・縺梧欠螳壹＆繧後※縺・ｋ縺薙→繧堤｢ｺ隱阪＠縺ｦ縺上□縺輔＞) [D:\04.VisualStudio\DenDen\DenDen_3mrcgxye_wpftmp.csproj]
D:\04.VisualStudio\DenDen\DenDen.Tests\ViewModels\LoginViewModelTests.cs(41,6): error CS0246: 蝙九∪縺溘・蜷榊燕遨ｺ髢薙・蜷榊燕 'Fact' 縺瑚ｦ九▽縺九ｊ縺ｾ縺帙ｓ縺ｧ縺励◆ (using 繝・ぅ繝ｬ繧ｯ繝・ぅ繝悶∪縺溘・繧｢繧ｻ繝ｳ繝悶Μ蜿ら・縺梧欠螳壹＆繧後※縺・ｋ縺薙→繧堤｢ｺ隱阪＠縺ｦ縺上□縺輔＞) [D:\04.VisualStudio\DenDen\DenDen_3mrcgxye_wpftmp.csproj]
D:\04.VisualStudio\DenDen\DenDen.Tests\ViewModels\LoginViewModelTests.cs(51,6): error CS0246: 蝙九∪縺溘・蜷榊燕遨ｺ髢薙・蜷榊燕 'FactAttribute' 縺瑚ｦ九▽縺九ｊ縺ｾ縺帙ｓ縺ｧ縺励◆ (using 繝・ぅ繝ｬ繧ｯ繝・ぅ繝悶∪縺溘・繧｢繧ｻ繝ｳ繝悶Μ蜿ら・縺梧欠螳壹＆繧後※縺・ｋ縺薙→繧堤｢ｺ隱阪＠縺ｦ縺上□縺輔＞) [D:\04.VisualStudio\DenDen\DenDen_3mrcgxye_wpftmp.csproj]
D:\04.VisualStudio\DenDen\DenDen.Tests\ViewModels\LoginViewModelTests.cs(51,6): error CS0246: 蝙九∪縺溘・蜷榊燕遨ｺ髢薙・蜷榊燕 'Fact' 縺瑚ｦ九▽縺九ｊ縺ｾ縺帙ｓ縺ｧ縺励◆ (using 繝・ぅ繝ｬ繧ｯ繝・ぅ繝悶∪縺溘・繧｢繧ｻ繝ｳ繝悶Μ蜿ら・縺梧欠螳壹＆繧後※縺・ｋ縺薙→繧堤｢ｺ隱阪＠縺ｦ縺上□縺輔＞) [D:\04.VisualStudio\DenDen\DenDen_3mrcgxye_wpftmp.csproj]
D:\04.VisualStudio\DenDen\DenDen.Tests\ViewModels\LoginViewModelTests.cs(70,6): error CS0246: 蝙九∪縺溘・蜷榊燕遨ｺ髢薙・蜷榊燕 'FactAttribute' 縺瑚ｦ九▽縺九ｊ縺ｾ縺帙ｓ縺ｧ縺励◆ (using 繝・ぅ繝ｬ繧ｯ繝・ぅ繝悶∪縺溘・繧｢繧ｻ繝ｳ繝悶Μ蜿ら・縺梧欠螳壹＆繧後※縺・ｋ縺薙→繧堤｢ｺ隱阪＠縺ｦ縺上□縺輔＞) [D:\04.VisualStudio\DenDen\DenDen_3mrcgxye_wpftmp.csproj]
D:\04.VisualStudio\DenDen\DenDen.Tests\ViewModels\LoginViewModelTests.cs(70,6): error CS0246: 蝙九∪縺溘・蜷榊燕遨ｺ髢薙・蜷榊燕 'Fact' 縺瑚ｦ九▽縺九ｊ縺ｾ縺帙ｓ縺ｧ縺励◆ (using 繝・ぅ繝ｬ繧ｯ繝・ぅ繝悶∪縺溘・繧｢繧ｻ繝ｳ繝悶Μ蜿ら・縺梧欠螳壹＆繧後※縺・ｋ縺薙→繧堤｢ｺ隱阪＠縺ｦ縺上□縺輔＞) [D:\04.VisualStudio\DenDen\DenDen_3mrcgxye_wpftmp.csproj]
D:\04.VisualStudio\DenDen\DenDen.Tests\ViewModels\LoginViewModelTests.cs(89,6): error CS0246: 蝙九∪縺溘・蜷榊燕遨ｺ髢薙・蜷榊燕 'FactAttribute' 縺瑚ｦ九▽縺九ｊ縺ｾ縺帙ｓ縺ｧ縺励◆ (using 繝・ぅ繝ｬ繧ｯ繝・ぅ繝悶∪縺溘・繧｢繧ｻ繝ｳ繝悶Μ蜿ら・縺梧欠螳壹＆繧後※縺・ｋ縺薙→繧堤｢ｺ隱阪＠縺ｦ縺上□縺輔＞) [D:\04.VisualStudio\DenDen\DenDen_3mrcgxye_wpftmp.csproj]
D:\04.VisualStudio\DenDen\DenDen.Tests\ViewModels\LoginViewModelTests.cs(89,6): error CS0246: 蝙九∪縺溘・蜷榊燕遨ｺ髢薙・蜷榊燕 'Fact' 縺瑚ｦ九▽縺九ｊ縺ｾ縺帙ｓ縺ｧ縺励◆ (using 繝・ぅ繝ｬ繧ｯ繝・ぅ繝悶∪縺溘・繧｢繧ｻ繝ｳ繝悶Μ蜿ら・縺梧欠螳壹＆繧後※縺・ｋ縺薙→繧堤｢ｺ隱阪＠縺ｦ縺上□縺輔＞) [D:\04.VisualStudio\DenDen\DenDen_3mrcgxye_wpftmp.csproj]
D:\04.VisualStudio\DenDen\DenDen.Tests\ViewModels\LoginViewModelTests.cs(108,6): error CS0246: 蝙九∪縺溘・蜷榊燕遨ｺ髢薙・蜷榊燕 'FactAttribute' 縺瑚ｦ九▽縺九ｊ縺ｾ縺帙ｓ縺ｧ縺励◆ (using 繝・ぅ繝ｬ繧ｯ繝・ぅ繝悶∪縺溘・繧｢繧ｻ繝ｳ繝悶Μ蜿ら・縺梧欠螳壹＆繧後※縺・ｋ縺薙→繧堤｢ｺ隱阪＠縺ｦ縺上□縺輔＞) [D:\04.VisualStudio\DenDen\DenDen_3mrcgxye_wpftmp.csproj]
D:\04.VisualStudio\DenDen\DenDen.Tests\ViewModels\LoginViewModelTests.cs(108,6): error CS0246: 蝙九∪縺溘・蜷榊燕遨ｺ髢薙・蜷榊燕 'Fact' 縺瑚ｦ九▽縺九ｊ縺ｾ縺帙ｓ縺ｧ縺励◆ (using 繝・ぅ繝ｬ繧ｯ繝・ぅ繝悶∪縺溘・繧｢繧ｻ繝ｳ繝悶Μ蜿ら・縺梧欠螳壹＆繧後※縺・ｋ縺薙→繧堤｢ｺ隱阪＠縺ｦ縺上□縺輔＞) [D:\04.VisualStudio\DenDen\DenDen_3mrcgxye_wpftmp.csproj]
D:\04.VisualStudio\DenDen\DenDen.Tests\ViewModels\LoginViewModelTests.cs(118,6): error CS0246: 蝙九∪縺溘・蜷榊燕遨ｺ髢薙・蜷榊燕 'FactAttribute' 縺瑚ｦ九▽縺九ｊ縺ｾ縺帙ｓ縺ｧ縺励◆ (using 繝・ぅ繝ｬ繧ｯ繝・ぅ繝悶∪縺溘・繧｢繧ｻ繝ｳ繝悶Μ蜿ら・縺梧欠螳壹＆繧後※縺・ｋ縺薙→繧堤｢ｺ隱阪＠縺ｦ縺上□縺輔＞) [D:\04.VisualStudio\DenDen\DenDen_3mrcgxye_wpftmp.csproj]
D:\04.VisualStudio\DenDen\DenDen.Tests\ViewModels\LoginViewModelTests.cs(118,6): error CS0246: 蝙九∪縺溘・蜷榊燕遨ｺ髢薙・蜷榊燕 'Fact' 縺瑚ｦ九▽縺九ｊ縺ｾ縺帙ｓ縺ｧ縺励◆ (using 繝・ぅ繝ｬ繧ｯ繝・ぅ繝悶∪縺溘・繧｢繧ｻ繝ｳ繝悶Μ蜿ら・縺梧欠螳壹＆繧後※縺・ｋ縺薙→繧堤｢ｺ隱阪＠縺ｦ縺上□縺輔＞) [D:\04.VisualStudio\DenDen\DenDen_3mrcgxye_wpftmp.csproj]
D:\04.VisualStudio\DenDen\DenDen.Tests\ViewModels\LoginViewModelTests.cs(128,6): error CS0246: 蝙九∪縺溘・蜷榊燕遨ｺ髢薙・蜷榊燕 'FactAttribute' 縺瑚ｦ九▽縺九ｊ縺ｾ縺帙ｓ縺ｧ縺励◆ (using 繝・ぅ繝ｬ繧ｯ繝・ぅ繝悶∪縺溘・繧｢繧ｻ繝ｳ繝悶Μ蜿ら・縺梧欠螳壹＆繧後※縺・ｋ縺薙→繧堤｢ｺ隱阪＠縺ｦ縺上□縺輔＞) [D:\04.VisualStudio\DenDen\DenDen_3mrcgxye_wpftmp.csproj]
D:\04.VisualStudio\DenDen\DenDen.Tests\ViewModels\LoginViewModelTests.cs(128,6): error CS0246: 蝙九∪縺溘・蜷榊燕遨ｺ髢薙・蜷榊燕 'Fact' 縺瑚ｦ九▽縺九ｊ縺ｾ縺帙ｓ縺ｧ縺励◆ (using 繝・ぅ繝ｬ繧ｯ繝・ぅ繝悶∪縺溘・繧｢繧ｻ繝ｳ繝悶Μ蜿ら・縺梧欠螳壹＆繧後※縺・ｋ縺薙→繧堤｢ｺ隱阪＠縺ｦ縺上□縺輔＞) [D:\04.VisualStudio\DenDen\DenDen_3mrcgxye_wpftmp.csproj]
D:\04.VisualStudio\DenDen\DenDen.Tests\ViewModels\LoginViewModelTests.cs(135,6): error CS0246: 蝙九∪縺溘・蜷榊燕遨ｺ髢薙・蜷榊燕 'FactAttribute' 縺瑚ｦ九▽縺九ｊ縺ｾ縺帙ｓ縺ｧ縺励◆ (using 繝・ぅ繝ｬ繧ｯ繝・ぅ繝悶∪縺溘・繧｢繧ｻ繝ｳ繝悶Μ蜿ら・縺梧欠螳壹＆繧後※縺・ｋ縺薙→繧堤｢ｺ隱阪＠縺ｦ縺上□縺輔＞) [D:\04.VisualStudio\DenDen\DenDen_3mrcgxye_wpftmp.csproj]
D:\04.VisualStudio\DenDen\DenDen.Tests\ViewModels\LoginViewModelTests.cs(135,6): error CS0246: 蝙九∪縺溘・蜷榊燕遨ｺ髢薙・蜷榊燕 'Fact' 縺瑚ｦ九▽縺九ｊ縺ｾ縺帙ｓ縺ｧ縺励◆ (using 繝・ぅ繝ｬ繧ｯ繝・ぅ繝悶∪縺溘・繧｢繧ｻ繝ｳ繝悶Μ蜿ら・縺梧欠螳壹＆繧後※縺・ｋ縺薙→繧堤｢ｺ隱阪＠縺ｦ縺上□縺輔＞) [D:\04.VisualStudio\DenDen\DenDen_3mrcgxye_wpftmp.csproj]

繝薙Ν繝峨↓螟ｱ謨励＠縺ｾ縺励◆縲・

C:\Program Files\dotnet\sdk\10.0.100\Microsoft.Common.CurrentVersion.targets(2189,5): warning MSB9008: 蜿ら・縺輔ｌ縺ｦ縺・ｋ繝励Ο繧ｸ繧ｧ繧ｯ繝・..\DenDen.csproj 縺悟ｭ伜惠縺励∪縺帙ｓ縲・[D:\04.VisualStudio\DenDen\DenDen.Tests\DenDen.Tests.csproj]
D:\04.VisualStudio\DenDen\DenDen.Tests\Repositories\InquiryHistoryRepositoryTests.cs(3,17): error CS0234: 蝙九∪縺溘・蜷榊燕遨ｺ髢薙・蜷榊燕 'Data' 縺悟錐蜑咲ｩｺ髢・'Microsoft' 縺ｫ蟄伜惠縺励∪縺帙ｓ (繧｢繧ｻ繝ｳ繝悶Μ蜿ら・縺後≠繧九％縺ｨ繧堤｢ｺ隱阪＠縺ｦ縺上□縺輔＞) [D:\04.VisualStudio\DenDen\DenDen.Tests\DenDen.Tests.csproj]
D:\04.VisualStudio\DenDen\DenDen.Tests\Repositories\InquiryHistoryRepositoryTests.cs(4,13): error CS0234: 蝙九∪縺溘・蜷榊燕遨ｺ髢薙・蜷榊燕 'Data' 縺悟錐蜑咲ｩｺ髢・'DenDen' 縺ｫ蟄伜惠縺励∪縺帙ｓ (繧｢繧ｻ繝ｳ繝悶Μ蜿ら・縺後≠繧九％縺ｨ繧堤｢ｺ隱阪＠縺ｦ縺上□縺輔＞) [D:\04.VisualStudio\DenDen\DenDen.Tests\DenDen.Tests.csproj]
D:\04.VisualStudio\DenDen\DenDen.Tests\Repositories\InquiryHistoryRepositoryTests.cs(5,13): error CS0234: 蝙九∪縺溘・蜷榊燕遨ｺ髢薙・蜷榊燕 'Data' 縺悟錐蜑咲ｩｺ髢・'DenDen' 縺ｫ蟄伜惠縺励∪縺帙ｓ (繧｢繧ｻ繝ｳ繝悶Μ蜿ら・縺後≠繧九％縺ｨ繧堤｢ｺ隱阪＠縺ｦ縺上□縺輔＞) [D:\04.VisualStudio\DenDen\DenDen.Tests\DenDen.Tests.csproj]
D:\04.VisualStudio\DenDen\DenDen.Tests\Repositories\InquiryHistoryRepositoryTests.cs(6,13): error CS0234: 蝙九∪縺溘・蜷榊燕遨ｺ髢薙・蜷榊燕 'Models' 縺悟錐蜑咲ｩｺ髢・'DenDen' 縺ｫ蟄伜惠縺励∪縺帙ｓ (繧｢繧ｻ繝ｳ繝悶Μ蜿ら・縺後≠繧九％縺ｨ繧堤｢ｺ隱阪＠縺ｦ縺上□縺輔＞) [D:\04.VisualStudio\DenDen\DenDen.Tests\DenDen.Tests.csproj]
D:\04.VisualStudio\DenDen\DenDen.Tests\Repositories\InquiryHistoryRepositoryTests.cs(7,7): error CS0246: 蝙九∪縺溘・蜷榊燕遨ｺ髢薙・蜷榊燕 'Dapper' 縺瑚ｦ九▽縺九ｊ縺ｾ縺帙ｓ縺ｧ縺励◆ (using 繝・ぅ繝ｬ繧ｯ繝・ぅ繝悶∪縺溘・繧｢繧ｻ繝ｳ繝悶Μ蜿ら・縺梧欠螳壹＆繧後※縺・ｋ縺薙→繧堤｢ｺ隱阪＠縺ｦ縺上□縺輔＞) [D:\04.VisualStudio\DenDen\DenDen.Tests\DenDen.Tests.csproj]
D:\04.VisualStudio\DenDen\DenDen.Tests\Repositories\OperatorRepositoryTests.cs(3,17): error CS0234: 蝙九∪縺溘・蜷榊燕遨ｺ髢薙・蜷榊燕 'Data' 縺悟錐蜑咲ｩｺ髢・'Microsoft' 縺ｫ蟄伜惠縺励∪縺帙ｓ (繧｢繧ｻ繝ｳ繝悶Μ蜿ら・縺後≠繧九％縺ｨ繧堤｢ｺ隱阪＠縺ｦ縺上□縺輔＞) [D:\04.VisualStudio\DenDen\DenDen.Tests\DenDen.Tests.csproj]
D:\04.VisualStudio\DenDen\DenDen.Tests\Repositories\OperatorRepositoryTests.cs(4,13): error CS0234: 蝙九∪縺溘・蜷榊燕遨ｺ髢薙・蜷榊燕 'Data' 縺悟錐蜑咲ｩｺ髢・'DenDen' 縺ｫ蟄伜惠縺励∪縺帙ｓ (繧｢繧ｻ繝ｳ繝悶Μ蜿ら・縺後≠繧九％縺ｨ繧堤｢ｺ隱阪＠縺ｦ縺上□縺輔＞) [D:\04.VisualStudio\DenDen\DenDen.Tests\DenDen.Tests.csproj]
D:\04.VisualStudio\DenDen\DenDen.Tests\Repositories\OperatorRepositoryTests.cs(5,13): error CS0234: 蝙九∪縺溘・蜷榊燕遨ｺ髢薙・蜷榊燕 'Data' 縺悟錐蜑咲ｩｺ髢・'DenDen' 縺ｫ蟄伜惠縺励∪縺帙ｓ (繧｢繧ｻ繝ｳ繝悶Μ蜿ら・縺後≠繧九％縺ｨ繧堤｢ｺ隱阪＠縺ｦ縺上□縺輔＞) [D:\04.VisualStudio\DenDen\DenDen.Tests\DenDen.Tests.csproj]
D:\04.VisualStudio\DenDen\DenDen.Tests\Repositories\OperatorRepositoryTests.cs(6,7): error CS0246: 蝙九∪縺溘・蜷榊燕遨ｺ髢薙・蜷榊燕 'Dapper' 縺瑚ｦ九▽縺九ｊ縺ｾ縺帙ｓ縺ｧ縺励◆ (using 繝・ぅ繝ｬ繧ｯ繝・ぅ繝悶∪縺溘・繧｢繧ｻ繝ｳ繝悶Μ蜿ら・縺梧欠螳壹＆繧後※縺・ｋ縺薙→繧堤｢ｺ隱阪＠縺ｦ縺上□縺輔＞) [D:\04.VisualStudio\DenDen\DenDen.Tests\DenDen.Tests.csproj]
D:\04.VisualStudio\DenDen\DenDen.Tests\Repositories\ProjectRepositoryTests.cs(4,17): error CS0234: 蝙九∪縺溘・蜷榊燕遨ｺ髢薙・蜷榊燕 'Data' 縺悟錐蜑咲ｩｺ髢・'Microsoft' 縺ｫ蟄伜惠縺励∪縺帙ｓ (繧｢繧ｻ繝ｳ繝悶Μ蜿ら・縺後≠繧九％縺ｨ繧堤｢ｺ隱阪＠縺ｦ縺上□縺輔＞) [D:\04.VisualStudio\DenDen\DenDen.Tests\DenDen.Tests.csproj]
D:\04.VisualStudio\DenDen\DenDen.Tests\Repositories\ProjectRepositoryTests.cs(5,13): error CS0234: 蝙九∪縺溘・蜷榊燕遨ｺ髢薙・蜷榊燕 'Data' 縺悟錐蜑咲ｩｺ髢・'DenDen' 縺ｫ蟄伜惠縺励∪縺帙ｓ (繧｢繧ｻ繝ｳ繝悶Μ蜿ら・縺後≠繧九％縺ｨ繧堤｢ｺ隱阪＠縺ｦ縺上□縺輔＞) [D:\04.VisualStudio\DenDen\DenDen.Tests\DenDen.Tests.csproj]
D:\04.VisualStudio\DenDen\DenDen.Tests\Repositories\ProjectRepositoryTests.cs(6,13): error CS0234: 蝙九∪縺溘・蜷榊燕遨ｺ髢薙・蜷榊燕 'Data' 縺悟錐蜑咲ｩｺ髢・'DenDen' 縺ｫ蟄伜惠縺励∪縺帙ｓ (繧｢繧ｻ繝ｳ繝悶Μ蜿ら・縺後≠繧九％縺ｨ繧堤｢ｺ隱阪＠縺ｦ縺上□縺輔＞) [D:\04.VisualStudio\DenDen\DenDen.Tests\DenDen.Tests.csproj]
D:\04.VisualStudio\DenDen\DenDen.Tests\Repositories\ProjectRepositoryTests.cs(7,7): error CS0246: 蝙九∪縺溘・蜷榊燕遨ｺ髢薙・蜷榊燕 'Dapper' 縺瑚ｦ九▽縺九ｊ縺ｾ縺帙ｓ縺ｧ縺励◆ (using 繝・ぅ繝ｬ繧ｯ繝・ぅ繝悶∪縺溘・繧｢繧ｻ繝ｳ繝悶Μ蜿ら・縺梧欠螳壹＆繧後※縺・ｋ縺薙→繧堤｢ｺ隱阪＠縺ｦ縺上□縺輔＞) [D:\04.VisualStudio\DenDen\DenDen.Tests\DenDen.Tests.csproj]
D:\04.VisualStudio\DenDen\DenDen.Tests\Services\AuthenticationServiceTests.cs(3,13): error CS0234: 蝙九∪縺溘・蜷榊燕遨ｺ髢薙・蜷榊燕 'Data' 縺悟錐蜑咲ｩｺ髢・'DenDen' 縺ｫ蟄伜惠縺励∪縺帙ｓ (繧｢繧ｻ繝ｳ繝悶Μ蜿ら・縺後≠繧九％縺ｨ繧堤｢ｺ隱阪＠縺ｦ縺上□縺輔＞) [D:\04.VisualStudio\DenDen\DenDen.Tests\DenDen.Tests.csproj]
D:\04.VisualStudio\DenDen\DenDen.Tests\Services\AuthenticationServiceTests.cs(4,13): error CS0234: 蝙九∪縺溘・蜷榊燕遨ｺ髢薙・蜷榊燕 'Models' 縺悟錐蜑咲ｩｺ髢・'DenDen' 縺ｫ蟄伜惠縺励∪縺帙ｓ (繧｢繧ｻ繝ｳ繝悶Μ蜿ら・縺後≠繧九％縺ｨ繧堤｢ｺ隱阪＠縺ｦ縺上□縺輔＞) [D:\04.VisualStudio\DenDen\DenDen.Tests\DenDen.Tests.csproj]
D:\04.VisualStudio\DenDen\DenDen.Tests\Services\AuthenticationServiceTests.cs(5,13): error CS0234: 蝙九∪縺溘・蜷榊燕遨ｺ髢薙・蜷榊燕 'Services' 縺悟錐蜑咲ｩｺ髢・'DenDen' 縺ｫ蟄伜惠縺励∪縺帙ｓ (繧｢繧ｻ繝ｳ繝悶Μ蜿ら・縺後≠繧九％縺ｨ繧堤｢ｺ隱阪＠縺ｦ縺上□縺輔＞) [D:\04.VisualStudio\DenDen\DenDen.Tests\DenDen.Tests.csproj]
D:\04.VisualStudio\DenDen\DenDen.Tests\Services\ExportServiceTests.cs(2,13): error CS0234: 蝙九∪縺溘・蜷榊燕遨ｺ髢薙・蜷榊燕 'Models' 縺悟錐蜑咲ｩｺ髢・'DenDen' 縺ｫ蟄伜惠縺励∪縺帙ｓ (繧｢繧ｻ繝ｳ繝悶Μ蜿ら・縺後≠繧九％縺ｨ繧堤｢ｺ隱阪＠縺ｦ縺上□縺輔＞) [D:\04.VisualStudio\DenDen\DenDen.Tests\DenDen.Tests.csproj]
D:\04.VisualStudio\DenDen\DenDen.Tests\Services\ExportServiceTests.cs(3,13): error CS0234: 蝙九∪縺溘・蜷榊燕遨ｺ髢薙・蜷榊燕 'Services' 縺悟錐蜑咲ｩｺ髢・'DenDen' 縺ｫ蟄伜惠縺励∪縺帙ｓ (繧｢繧ｻ繝ｳ繝悶Μ蜿ら・縺後≠繧九％縺ｨ繧堤｢ｺ隱阪＠縺ｦ縺上□縺輔＞) [D:\04.VisualStudio\DenDen\DenDen.Tests\DenDen.Tests.csproj]
D:\04.VisualStudio\DenDen\DenDen.Tests\ViewModels\LoginViewModelTests.cs(3,13): error CS0234: 蝙九∪縺溘・蜷榊燕遨ｺ髢薙・蜷榊燕 'Data' 縺悟錐蜑咲ｩｺ髢・'DenDen' 縺ｫ蟄伜惠縺励∪縺帙ｓ (繧｢繧ｻ繝ｳ繝悶Μ蜿ら・縺後≠繧九％縺ｨ繧堤｢ｺ隱阪＠縺ｦ縺上□縺輔＞) [D:\04.VisualStudio\DenDen\DenDen.Tests\DenDen.Tests.csproj]
D:\04.VisualStudio\DenDen\DenDen.Tests\ViewModels\LoginViewModelTests.cs(4,13): error CS0234: 蝙九∪縺溘・蜷榊燕遨ｺ髢薙・蜷榊燕 'Models' 縺悟錐蜑咲ｩｺ髢・'DenDen' 縺ｫ蟄伜惠縺励∪縺帙ｓ (繧｢繧ｻ繝ｳ繝悶Μ蜿ら・縺後≠繧九％縺ｨ繧堤｢ｺ隱阪＠縺ｦ縺上□縺輔＞) [D:\04.VisualStudio\DenDen\DenDen.Tests\DenDen.Tests.csproj]
D:\04.VisualStudio\DenDen\DenDen.Tests\ViewModels\LoginViewModelTests.cs(5,13): error CS0234: 蝙九∪縺溘・蜷榊燕遨ｺ髢薙・蜷榊燕 'Services' 縺悟錐蜑咲ｩｺ髢・'DenDen' 縺ｫ蟄伜惠縺励∪縺帙ｓ (繧｢繧ｻ繝ｳ繝悶Μ蜿ら・縺後≠繧九％縺ｨ繧堤｢ｺ隱阪＠縺ｦ縺上□縺輔＞) [D:\04.VisualStudio\DenDen\DenDen.Tests\DenDen.Tests.csproj]
D:\04.VisualStudio\DenDen\DenDen.Tests\ViewModels\LoginViewModelTests.cs(6,13): error CS0234: 蝙九∪縺溘・蜷榊燕遨ｺ髢薙・蜷榊燕 'ViewModels' 縺悟錐蜑咲ｩｺ髢・'DenDen' 縺ｫ蟄伜惠縺励∪縺帙ｓ (繧｢繧ｻ繝ｳ繝悶Μ蜿ら・縺後≠繧九％縺ｨ繧堤｢ｺ隱阪＠縺ｦ縺上□縺輔＞) [D:\04.VisualStudio\DenDen\DenDen.Tests\DenDen.Tests.csproj]
D:\04.VisualStudio\DenDen\DenDen.Tests\Repositories\InquiryHistoryRepositoryTests.cs(13,22): error CS0246: 蝙九∪縺溘・蜷榊燕遨ｺ髢薙・蜷榊燕 'SqliteConnection' 縺瑚ｦ九▽縺九ｊ縺ｾ縺帙ｓ縺ｧ縺励◆ (using 繝・ぅ繝ｬ繧ｯ繝・ぅ繝悶∪縺溘・繧｢繧ｻ繝ｳ繝悶Μ蜿ら・縺梧欠螳壹＆繧後※縺・ｋ縺薙→繧堤｢ｺ隱阪＠縺ｦ縺上□縺輔＞) [D:\04.VisualStudio\DenDen\DenDen.Tests\DenDen.Tests.csproj]
D:\04.VisualStudio\DenDen\DenDen.Tests\Repositories\OperatorRepositoryTests.cs(12,22): error CS0246: 蝙九∪縺溘・蜷榊燕遨ｺ髢薙・蜷榊燕 'SqliteConnection' 縺瑚ｦ九▽縺九ｊ縺ｾ縺帙ｓ縺ｧ縺励◆ (using 繝・ぅ繝ｬ繧ｯ繝・ぅ繝悶∪縺溘・繧｢繧ｻ繝ｳ繝悶Μ蜿ら・縺梧欠螳壹＆繧後※縺・ｋ縺薙→繧堤｢ｺ隱阪＠縺ｦ縺上□縺輔＞) [D:\04.VisualStudio\DenDen\DenDen.Tests\DenDen.Tests.csproj]
D:\04.VisualStudio\DenDen\DenDen.Tests\Services\AuthenticationServiceTests.cs(11,27): error CS0246: 蝙九∪縺溘・蜷榊燕遨ｺ髢薙・蜷榊燕 'IOperatorRepository' 縺瑚ｦ九▽縺九ｊ縺ｾ縺帙ｓ縺ｧ縺励◆ (using 繝・ぅ繝ｬ繧ｯ繝・ぅ繝悶∪縺溘・繧｢繧ｻ繝ｳ繝悶Μ蜿ら・縺梧欠螳壹＆繧後※縺・ｋ縺薙→繧堤｢ｺ隱阪＠縺ｦ縺上□縺輔＞) [D:\04.VisualStudio\DenDen\DenDen.Tests\DenDen.Tests.csproj]
D:\04.VisualStudio\DenDen\DenDen.Tests\Repositories\InquiryHistoryRepositoryTests.cs(14,27): error CS0246: 蝙九∪縺溘・蜷榊燕遨ｺ髢薙・蜷榊燕 'IDbConnectionFactory' 縺瑚ｦ九▽縺九ｊ縺ｾ縺帙ｓ縺ｧ縺励◆ (using 繝・ぅ繝ｬ繧ｯ繝・ぅ繝悶∪縺溘・繧｢繧ｻ繝ｳ繝悶Μ蜿ら・縺梧欠螳壹＆繧後※縺・ｋ縺薙→繧堤｢ｺ隱阪＠縺ｦ縺上□縺輔＞) [D:\04.VisualStudio\DenDen\DenDen.Tests\DenDen.Tests.csproj]
D:\04.VisualStudio\DenDen\DenDen.Tests\Repositories\OperatorRepositoryTests.cs(13,27): error CS0246: 蝙九∪縺溘・蜷榊燕遨ｺ髢薙・蜷榊燕 'IDbConnectionFactory' 縺瑚ｦ九▽縺九ｊ縺ｾ縺帙ｓ縺ｧ縺励◆ (using 繝・ぅ繝ｬ繧ｯ繝・ぅ繝悶∪縺溘・繧｢繧ｻ繝ｳ繝悶Μ蜿ら・縺梧欠螳壹＆繧後※縺・ｋ縺薙→繧堤｢ｺ隱阪＠縺ｦ縺上□縺輔＞) [D:\04.VisualStudio\DenDen\DenDen.Tests\DenDen.Tests.csproj]
D:\04.VisualStudio\DenDen\DenDen.Tests\Repositories\InquiryHistoryRepositoryTests.cs(15,22): error CS0246: 蝙九∪縺溘・蜷榊燕遨ｺ髢薙・蜷榊燕 'InquiryHistoryRepository' 縺瑚ｦ九▽縺九ｊ縺ｾ縺帙ｓ縺ｧ縺励◆ (using 繝・ぅ繝ｬ繧ｯ繝・ぅ繝悶∪縺溘・繧｢繧ｻ繝ｳ繝悶Μ蜿ら・縺梧欠螳壹＆繧後※縺・ｋ縺薙→繧堤｢ｺ隱阪＠縺ｦ縺上□縺輔＞) [D:\04.VisualStudio\DenDen\DenDen.Tests\DenDen.Tests.csproj]
D:\04.VisualStudio\DenDen\DenDen.Tests\Repositories\ProjectRepositoryTests.cs(13,22): error CS0246: 蝙九∪縺溘・蜷榊燕遨ｺ髢薙・蜷榊燕 'SqliteConnection' 縺瑚ｦ九▽縺九ｊ縺ｾ縺帙ｓ縺ｧ縺励◆ (using 繝・ぅ繝ｬ繧ｯ繝・ぅ繝悶∪縺溘・繧｢繧ｻ繝ｳ繝悶Μ蜿ら・縺梧欠螳壹＆繧後※縺・ｋ縺薙→繧堤｢ｺ隱阪＠縺ｦ縺上□縺輔＞) [D:\04.VisualStudio\DenDen\DenDen.Tests\DenDen.Tests.csproj]
D:\04.VisualStudio\DenDen\DenDen.Tests\Services\AuthenticationServiceTests.cs(12,22): error CS0246: 蝙九∪縺溘・蜷榊燕遨ｺ髢薙・蜷榊燕 'AuthenticationService' 縺瑚ｦ九▽縺九ｊ縺ｾ縺帙ｓ縺ｧ縺励◆ (using 繝・ぅ繝ｬ繧ｯ繝・ぅ繝悶∪縺溘・繧｢繧ｻ繝ｳ繝悶Μ蜿ら・縺梧欠螳壹＆繧後※縺・ｋ縺薙→繧堤｢ｺ隱阪＠縺ｦ縺上□縺輔＞) [D:\04.VisualStudio\DenDen\DenDen.Tests\DenDen.Tests.csproj]
D:\04.VisualStudio\DenDen\DenDen.Tests\Repositories\OperatorRepositoryTests.cs(14,22): error CS0246: 蝙九∪縺溘・蜷榊燕遨ｺ髢薙・蜷榊燕 'OperatorRepository' 縺瑚ｦ九▽縺九ｊ縺ｾ縺帙ｓ縺ｧ縺励◆ (using 繝・ぅ繝ｬ繧ｯ繝・ぅ繝悶∪縺溘・繧｢繧ｻ繝ｳ繝悶Μ蜿ら・縺梧欠螳壹＆繧後※縺・ｋ縺薙→繧堤｢ｺ隱阪＠縺ｦ縺上□縺輔＞) [D:\04.VisualStudio\DenDen\DenDen.Tests\DenDen.Tests.csproj]
D:\04.VisualStudio\DenDen\DenDen.Tests\Repositories\ProjectRepositoryTests.cs(14,27): error CS0246: 蝙九∪縺溘・蜷榊燕遨ｺ髢薙・蜷榊燕 'IDbConnectionFactory' 縺瑚ｦ九▽縺九ｊ縺ｾ縺帙ｓ縺ｧ縺励◆ (using 繝・ぅ繝ｬ繧ｯ繝・ぅ繝悶∪縺溘・繧｢繧ｻ繝ｳ繝悶Μ蜿ら・縺梧欠螳壹＆繧後※縺・ｋ縺薙→繧堤｢ｺ隱阪＠縺ｦ縺上□縺輔＞) [D:\04.VisualStudio\DenDen\DenDen.Tests\DenDen.Tests.csproj]
D:\04.VisualStudio\DenDen\DenDen.Tests\ViewModels\LoginViewModelTests.cs(12,27): error CS0246: 蝙九∪縺溘・蜷榊燕遨ｺ髢薙・蜷榊燕 'IAuthenticationService' 縺瑚ｦ九▽縺九ｊ縺ｾ縺帙ｓ縺ｧ縺励◆ (using 繝・ぅ繝ｬ繧ｯ繝・ぅ繝悶∪縺溘・繧｢繧ｻ繝ｳ繝悶Μ蜿ら・縺梧欠螳壹＆繧後※縺・ｋ縺薙→繧堤｢ｺ隱阪＠縺ｦ縺上□縺輔＞) [D:\04.VisualStudio\DenDen\DenDen.Tests\DenDen.Tests.csproj]
D:\04.VisualStudio\DenDen\DenDen.Tests\ViewModels\LoginViewModelTests.cs(13,27): error CS0246: 蝙九∪縺溘・蜷榊燕遨ｺ髢薙・蜷榊燕 'IProjectRepository' 縺瑚ｦ九▽縺九ｊ縺ｾ縺帙ｓ縺ｧ縺励◆ (using 繝・ぅ繝ｬ繧ｯ繝・ぅ繝悶∪縺溘・繧｢繧ｻ繝ｳ繝悶Μ蜿ら・縺梧欠螳壹＆繧後※縺・ｋ縺薙→繧堤｢ｺ隱阪＠縺ｦ縺上□縺輔＞) [D:\04.VisualStudio\DenDen\DenDen.Tests\DenDen.Tests.csproj]
D:\04.VisualStudio\DenDen\DenDen.Tests\ViewModels\LoginViewModelTests.cs(14,27): error CS0246: 蝙九∪縺溘・蜷榊燕遨ｺ髢薙・蜷榊燕 'IDialogService' 縺瑚ｦ九▽縺九ｊ縺ｾ縺帙ｓ縺ｧ縺励◆ (using 繝・ぅ繝ｬ繧ｯ繝・ぅ繝悶∪縺溘・繧｢繧ｻ繝ｳ繝悶Μ蜿ら・縺梧欠螳壹＆繧後※縺・ｋ縺薙→繧堤｢ｺ隱阪＠縺ｦ縺上□縺輔＞) [D:\04.VisualStudio\DenDen\DenDen.Tests\DenDen.Tests.csproj]
D:\04.VisualStudio\DenDen\DenDen.Tests\ViewModels\LoginViewModelTests.cs(15,22): error CS0246: 蝙九∪縺溘・蜷榊燕遨ｺ髢薙・蜷榊燕 'SessionManager' 縺瑚ｦ九▽縺九ｊ縺ｾ縺帙ｓ縺ｧ縺励◆ (using 繝・ぅ繝ｬ繧ｯ繝・ぅ繝悶∪縺溘・繧｢繧ｻ繝ｳ繝悶Μ蜿ら・縺梧欠螳壹＆繧後※縺・ｋ縺薙→繧堤｢ｺ隱阪＠縺ｦ縺上□縺輔＞) [D:\04.VisualStudio\DenDen\DenDen.Tests\DenDen.Tests.csproj]
D:\04.VisualStudio\DenDen\DenDen.Tests\Repositories\ProjectRepositoryTests.cs(15,22): error CS0246: 蝙九∪縺溘・蜷榊燕遨ｺ髢薙・蜷榊燕 'ProjectRepository' 縺瑚ｦ九▽縺九ｊ縺ｾ縺帙ｓ縺ｧ縺励◆ (using 繝・ぅ繝ｬ繧ｯ繝・ぅ繝悶∪縺溘・繧｢繧ｻ繝ｳ繝悶Μ蜿ら・縺梧欠螳壹＆繧後※縺・ｋ縺薙→繧堤｢ｺ隱阪＠縺ｦ縺上□縺輔＞) [D:\04.VisualStudio\DenDen\DenDen.Tests\DenDen.Tests.csproj]
D:\04.VisualStudio\DenDen\DenDen.Tests\ViewModels\LoginViewModelTests.cs(16,22): error CS0246: 蝙九∪縺溘・蜷榊燕遨ｺ髢薙・蜷榊燕 'LoginViewModel' 縺瑚ｦ九▽縺九ｊ縺ｾ縺帙ｓ縺ｧ縺励◆ (using 繝・ぅ繝ｬ繧ｯ繝・ぅ繝悶∪縺溘・繧｢繧ｻ繝ｳ繝悶Μ蜿ら・縺梧欠螳壹＆繧後※縺・ｋ縺薙→繧堤｢ｺ隱阪＠縺ｦ縺上□縺輔＞) [D:\04.VisualStudio\DenDen\DenDen.Tests\DenDen.Tests.csproj]
D:\04.VisualStudio\DenDen\DenDen.Tests\Services\ExportServiceTests.cs(10,22): error CS0246: 蝙九∪縺溘・蜷榊燕遨ｺ髢薙・蜷榊燕 'ExportService' 縺瑚ｦ九▽縺九ｊ縺ｾ縺帙ｓ縺ｧ縺励◆ (using 繝・ぅ繝ｬ繧ｯ繝・ぅ繝悶∪縺溘・繧｢繧ｻ繝ｳ繝悶Μ蜿ら・縺梧欠螳壹＆繧後※縺・ｋ縺薙→繧堤｢ｺ隱阪＠縺ｦ縺上□縺輔＞) [D:\04.VisualStudio\DenDen\DenDen.Tests\DenDen.Tests.csproj]
D:\04.VisualStudio\DenDen\DenDen.Tests\obj\Debug\net8.0-windows\DenDen.Tests.AssemblyInfo.cs(13,12): error CS0579: 'System.Reflection.AssemblyCompanyAttribute' 螻樊ｧ縺碁㍾隍・＠縺ｦ縺・∪縺・[D:\04.VisualStudio\DenDen\DenDen_3mrcgxye_wpftmp.csproj]
D:\04.VisualStudio\DenDen\DenDen.Tests\obj\Debug\net8.0-windows\DenDen.Tests.AssemblyInfo.cs(14,12): error CS0579: 'System.Reflection.AssemblyConfigurationAttribute' 螻樊ｧ縺碁㍾隍・＠縺ｦ縺・∪縺・[D:\04.VisualStudio\DenDen\DenDen_3mrcgxye_wpftmp.csproj]
D:\04.VisualStudio\DenDen\DenDen.Tests\obj\Debug\net8.0-windows\DenDen.Tests.AssemblyInfo.cs(15,12): error CS0579: 'System.Reflection.AssemblyFileVersionAttribute' 螻樊ｧ縺碁㍾隍・＠縺ｦ縺・∪縺・[D:\04.VisualStudio\DenDen\DenDen_3mrcgxye_wpftmp.csproj]
D:\04.VisualStudio\DenDen\DenDen.Tests\obj\Debug\net8.0-windows\DenDen.Tests.AssemblyInfo.cs(16,12): error CS0579: 'System.Reflection.AssemblyInformationalVersionAttribute' 螻樊ｧ縺碁㍾隍・＠縺ｦ縺・∪縺・[D:\04.VisualStudio\DenDen\DenDen_3mrcgxye_wpftmp.csproj]
D:\04.VisualStudio\DenDen\DenDen.Tests\obj\Debug\net8.0-windows\DenDen.Tests.AssemblyInfo.cs(17,12): error CS0579: 'System.Reflection.AssemblyProductAttribute' 螻樊ｧ縺碁㍾隍・＠縺ｦ縺・∪縺・[D:\04.VisualStudio\DenDen\DenDen_3mrcgxye_wpftmp.csproj]
D:\04.VisualStudio\DenDen\DenDen.Tests\obj\Debug\net8.0-windows\DenDen.Tests.AssemblyInfo.cs(18,12): error CS0579: 'System.Reflection.AssemblyTitleAttribute' 螻樊ｧ縺碁㍾隍・＠縺ｦ縺・∪縺・[D:\04.VisualStudio\DenDen\DenDen_3mrcgxye_wpftmp.csproj]
D:\04.VisualStudio\DenDen\DenDen.Tests\obj\Debug\net8.0-windows\DenDen.Tests.AssemblyInfo.cs(19,12): error CS0579: 'System.Reflection.AssemblyVersionAttribute' 螻樊ｧ縺碁㍾隍・＠縺ｦ縺・∪縺・[D:\04.VisualStudio\DenDen\DenDen_3mrcgxye_wpftmp.csproj]
D:\04.VisualStudio\DenDen\DenDen.Tests\obj\Debug\net8.0-windows\DenDen.Tests.AssemblyInfo.cs(20,12): error CS0579: 'System.Runtime.Versioning.TargetPlatformAttribute' 螻樊ｧ縺碁㍾隍・＠縺ｦ縺・∪縺・[D:\04.VisualStudio\DenDen\DenDen_3mrcgxye_wpftmp.csproj]
D:\04.VisualStudio\DenDen\obj\Debug\net8.0-windows\.NETCoreApp,Version=v8.0.AssemblyAttributes.cs(4,12): error CS0579: 'global::System.Runtime.Versioning.TargetFrameworkAttribute' 螻樊ｧ縺碁㍾隍・＠縺ｦ縺・∪縺・[D:\04.VisualStudio\DenDen\DenDen_3mrcgxye_wpftmp.csproj]
D:\04.VisualStudio\DenDen\obj\Debug\net8.0-windows\DenDen_3mrcgxye_wpftmp.AssemblyInfo.cs(13,12): error CS0579: 'System.Reflection.AssemblyCompanyAttribute' 螻樊ｧ縺碁㍾隍・＠縺ｦ縺・∪縺・[D:\04.VisualStudio\DenDen\DenDen_3mrcgxye_wpftmp.csproj]
D:\04.VisualStudio\DenDen\obj\Debug\net8.0-windows\DenDen_3mrcgxye_wpftmp.AssemblyInfo.cs(14,12): error CS0579: 'System.Reflection.AssemblyConfigurationAttribute' 螻樊ｧ縺碁㍾隍・＠縺ｦ縺・∪縺・[D:\04.VisualStudio\DenDen\DenDen_3mrcgxye_wpftmp.csproj]
D:\04.VisualStudio\DenDen\obj\Debug\net8.0-windows\DenDen_3mrcgxye_wpftmp.AssemblyInfo.cs(15,12): error CS0579: 'System.Reflection.AssemblyFileVersionAttribute' 螻樊ｧ縺碁㍾隍・＠縺ｦ縺・∪縺・[D:\04.VisualStudio\DenDen\DenDen_3mrcgxye_wpftmp.csproj]
D:\04.VisualStudio\DenDen\obj\Debug\net8.0-windows\DenDen_3mrcgxye_wpftmp.AssemblyInfo.cs(16,12): error CS0579: 'System.Reflection.AssemblyInformationalVersionAttribute' 螻樊ｧ縺碁㍾隍・＠縺ｦ縺・∪縺・[D:\04.VisualStudio\DenDen\DenDen_3mrcgxye_wpftmp.csproj]
D:\04.VisualStudio\DenDen\obj\Debug\net8.0-windows\DenDen_3mrcgxye_wpftmp.AssemblyInfo.cs(17,12): error CS0579: 'System.Reflection.AssemblyProductAttribute' 螻樊ｧ縺碁㍾隍・＠縺ｦ縺・∪縺・[D:\04.VisualStudio\DenDen\DenDen_3mrcgxye_wpftmp.csproj]
D:\04.VisualStudio\DenDen\obj\Debug\net8.0-windows\DenDen_3mrcgxye_wpftmp.AssemblyInfo.cs(18,12): error CS0579: 'System.Reflection.AssemblyTitleAttribute' 螻樊ｧ縺碁㍾隍・＠縺ｦ縺・∪縺・[D:\04.VisualStudio\DenDen\DenDen_3mrcgxye_wpftmp.csproj]
D:\04.VisualStudio\DenDen\obj\Debug\net8.0-windows\DenDen_3mrcgxye_wpftmp.AssemblyInfo.cs(19,12): error CS0579: 'System.Reflection.AssemblyVersionAttribute' 螻樊ｧ縺碁㍾隍・＠縺ｦ縺・∪縺・[D:\04.VisualStudio\DenDen\DenDen_3mrcgxye_wpftmp.csproj]
D:\04.VisualStudio\DenDen\obj\Debug\net8.0-windows\DenDen_3mrcgxye_wpftmp.AssemblyInfo.cs(20,12): error CS0579: 'System.Runtime.Versioning.TargetPlatformAttribute' 螻樊ｧ縺碁㍾隍・＠縺ｦ縺・∪縺・[D:\04.VisualStudio\DenDen\DenDen_3mrcgxye_wpftmp.csproj]
D:\04.VisualStudio\DenDen\DenDen.Tests\obj\Debug\net8.0-windows\DenDen.Tests.GlobalUsings.g.cs(7,14): error CS0246: 蝙九∪縺溘・蜷榊燕遨ｺ髢薙・蜷榊燕 'Xunit' 縺瑚ｦ九▽縺九ｊ縺ｾ縺帙ｓ縺ｧ縺励◆ (using 繝・ぅ繝ｬ繧ｯ繝・ぅ繝悶∪縺溘・繧｢繧ｻ繝ｳ繝悶Μ蜿ら・縺梧欠螳壹＆繧後※縺・ｋ縺薙→繧堤｢ｺ隱阪＠縺ｦ縺上□縺輔＞) [D:\04.VisualStudio\DenDen\DenDen_3mrcgxye_wpftmp.csproj]
D:\04.VisualStudio\DenDen\DenDen.Tests\obj\Debug\net8.0-windows\DenDen.Tests.GlobalUsings.g.cs(7,14): error CS0246: 蝙九∪縺溘・蜷榊燕遨ｺ髢薙・蜷榊燕 'Xunit' 縺瑚ｦ九▽縺九ｊ縺ｾ縺帙ｓ縺ｧ縺励◆ (using 繝・ぅ繝ｬ繧ｯ繝・ぅ繝悶∪縺溘・繧｢繧ｻ繝ｳ繝悶Μ蜿ら・縺梧欠螳壹＆繧後※縺・ｋ縺薙→繧堤｢ｺ隱阪＠縺ｦ縺上□縺輔＞) [D:\04.VisualStudio\DenDen\DenDen_3mrcgxye_wpftmp.csproj]
D:\04.VisualStudio\DenDen\DenDen.Tests\Repositories\InquiryHistoryRepositoryTests.cs(1,7): error CS0246: 蝙九∪縺溘・蜷榊燕遨ｺ髢薙・蜷榊燕 'FluentAssertions' 縺瑚ｦ九▽縺九ｊ縺ｾ縺帙ｓ縺ｧ縺励◆ (using 繝・ぅ繝ｬ繧ｯ繝・ぅ繝悶∪縺溘・繧｢繧ｻ繝ｳ繝悶Μ蜿ら・縺梧欠螳壹＆繧後※縺・ｋ縺薙→繧堤｢ｺ隱阪＠縺ｦ縺上□縺輔＞) [D:\04.VisualStudio\DenDen\DenDen_3mrcgxye_wpftmp.csproj]
D:\04.VisualStudio\DenDen\DenDen.Tests\Repositories\InquiryHistoryRepositoryTests.cs(2,7): error CS0246: 蝙九∪縺溘・蜷榊燕遨ｺ髢薙・蜷榊燕 'Moq' 縺瑚ｦ九▽縺九ｊ縺ｾ縺帙ｓ縺ｧ縺励◆ (using 繝・ぅ繝ｬ繧ｯ繝・ぅ繝悶∪縺溘・繧｢繧ｻ繝ｳ繝悶Μ蜿ら・縺梧欠螳壹＆繧後※縺・ｋ縺薙→繧堤｢ｺ隱阪＠縺ｦ縺上□縺輔＞) [D:\04.VisualStudio\DenDen\DenDen_3mrcgxye_wpftmp.csproj]
D:\04.VisualStudio\DenDen\DenDen.Tests\Repositories\OperatorRepositoryTests.cs(1,7): error CS0246: 蝙九∪縺溘・蜷榊燕遨ｺ髢薙・蜷榊燕 'FluentAssertions' 縺瑚ｦ九▽縺九ｊ縺ｾ縺帙ｓ縺ｧ縺励◆ (using 繝・ぅ繝ｬ繧ｯ繝・ぅ繝悶∪縺溘・繧｢繧ｻ繝ｳ繝悶Μ蜿ら・縺梧欠螳壹＆繧後※縺・ｋ縺薙→繧堤｢ｺ隱阪＠縺ｦ縺上□縺輔＞) [D:\04.VisualStudio\DenDen\DenDen_3mrcgxye_wpftmp.csproj]
D:\04.VisualStudio\DenDen\DenDen.Tests\Repositories\OperatorRepositoryTests.cs(2,7): error CS0246: 蝙九∪縺溘・蜷榊燕遨ｺ髢薙・蜷榊燕 'Moq' 縺瑚ｦ九▽縺九ｊ縺ｾ縺帙ｓ縺ｧ縺励◆ (using 繝・ぅ繝ｬ繧ｯ繝・ぅ繝悶∪縺溘・繧｢繧ｻ繝ｳ繝悶Μ蜿ら・縺梧欠螳壹＆繧後※縺・ｋ縺薙→繧堤｢ｺ隱阪＠縺ｦ縺上□縺輔＞) [D:\04.VisualStudio\DenDen\DenDen_3mrcgxye_wpftmp.csproj]
D:\04.VisualStudio\DenDen\DenDen.Tests\Repositories\ProjectRepositoryTests.cs(1,7): error CS0246: 蝙九∪縺溘・蜷榊燕遨ｺ髢薙・蜷榊燕 'FluentAssertions' 縺瑚ｦ九▽縺九ｊ縺ｾ縺帙ｓ縺ｧ縺励◆ (using 繝・ぅ繝ｬ繧ｯ繝・ぅ繝悶∪縺溘・繧｢繧ｻ繝ｳ繝悶Μ蜿ら・縺梧欠螳壹＆繧後※縺・ｋ縺薙→繧堤｢ｺ隱阪＠縺ｦ縺上□縺輔＞) [D:\04.VisualStudio\DenDen\DenDen_3mrcgxye_wpftmp.csproj]
D:\04.VisualStudio\DenDen\DenDen.Tests\Repositories\ProjectRepositoryTests.cs(2,7): error CS0246: 蝙九∪縺溘・蜷榊燕遨ｺ髢薙・蜷榊燕 'Moq' 縺瑚ｦ九▽縺九ｊ縺ｾ縺帙ｓ縺ｧ縺励◆ (using 繝・ぅ繝ｬ繧ｯ繝・ぅ繝悶∪縺溘・繧｢繧ｻ繝ｳ繝悶Μ蜿ら・縺梧欠螳壹＆繧後※縺・ｋ縺薙→繧堤｢ｺ隱阪＠縺ｦ縺上□縺輔＞) [D:\04.VisualStudio\DenDen\DenDen_3mrcgxye_wpftmp.csproj]
D:\04.VisualStudio\DenDen\DenDen.Tests\Services\AuthenticationServiceTests.cs(1,7): error CS0246: 蝙九∪縺溘・蜷榊燕遨ｺ髢薙・蜷榊燕 'FluentAssertions' 縺瑚ｦ九▽縺九ｊ縺ｾ縺帙ｓ縺ｧ縺励◆ (using 繝・ぅ繝ｬ繧ｯ繝・ぅ繝悶∪縺溘・繧｢繧ｻ繝ｳ繝悶Μ蜿ら・縺梧欠螳壹＆繧後※縺・ｋ縺薙→繧堤｢ｺ隱阪＠縺ｦ縺上□縺輔＞) [D:\04.VisualStudio\DenDen\DenDen_3mrcgxye_wpftmp.csproj]
D:\04.VisualStudio\DenDen\DenDen.Tests\Services\AuthenticationServiceTests.cs(2,7): error CS0246: 蝙九∪縺溘・蜷榊燕遨ｺ髢薙・蜷榊燕 'Moq' 縺瑚ｦ九▽縺九ｊ縺ｾ縺帙ｓ縺ｧ縺励◆ (using 繝・ぅ繝ｬ繧ｯ繝・ぅ繝悶∪縺溘・繧｢繧ｻ繝ｳ繝悶Μ蜿ら・縺梧欠螳壹＆繧後※縺・ｋ縺薙→繧堤｢ｺ隱阪＠縺ｦ縺上□縺輔＞) [D:\04.VisualStudio\DenDen\DenDen_3mrcgxye_wpftmp.csproj]
D:\04.VisualStudio\DenDen\DenDen.Tests\Services\ExportServiceTests.cs(1,7): error CS0246: 蝙九∪縺溘・蜷榊燕遨ｺ髢薙・蜷榊燕 'FluentAssertions' 縺瑚ｦ九▽縺九ｊ縺ｾ縺帙ｓ縺ｧ縺励◆ (using 繝・ぅ繝ｬ繧ｯ繝・ぅ繝悶∪縺溘・繧｢繧ｻ繝ｳ繝悶Μ蜿ら・縺梧欠螳壹＆繧後※縺・ｋ縺薙→繧堤｢ｺ隱阪＠縺ｦ縺上□縺輔＞) [D:\04.VisualStudio\DenDen\DenDen_3mrcgxye_wpftmp.csproj]
D:\04.VisualStudio\DenDen\DenDen.Tests\ViewModels\LoginViewModelTests.cs(1,7): error CS0246: 蝙九∪縺溘・蜷榊燕遨ｺ髢薙・蜷榊燕 'FluentAssertions' 縺瑚ｦ九▽縺九ｊ縺ｾ縺帙ｓ縺ｧ縺励◆ (using 繝・ぅ繝ｬ繧ｯ繝・ぅ繝悶∪縺溘・繧｢繧ｻ繝ｳ繝悶Μ蜿ら・縺梧欠螳壹＆繧後※縺・ｋ縺薙→繧堤｢ｺ隱阪＠縺ｦ縺上□縺輔＞) [D:\04.VisualStudio\DenDen\DenDen_3mrcgxye_wpftmp.csproj]
D:\04.VisualStudio\DenDen\DenDen.Tests\ViewModels\LoginViewModelTests.cs(2,7): error CS0246: 蝙九∪縺溘・蜷榊燕遨ｺ髢薙・蜷榊燕 'Moq' 縺瑚ｦ九▽縺九ｊ縺ｾ縺帙ｓ縺ｧ縺励◆ (using 繝・ぅ繝ｬ繧ｯ繝・ぅ繝悶∪縺溘・繧｢繧ｻ繝ｳ繝悶Μ蜿ら・縺梧欠螳壹＆繧後※縺・ｋ縺薙→繧堤｢ｺ隱阪＠縺ｦ縺上□縺輔＞) [D:\04.VisualStudio\DenDen\DenDen_3mrcgxye_wpftmp.csproj]
D:\04.VisualStudio\DenDen\DenDen.Tests\Repositories\InquiryHistoryRepositoryTests.cs(14,22): error CS0246: 蝙九∪縺溘・蜷榊燕遨ｺ髢薙・蜷榊燕 'Mock<>' 縺瑚ｦ九▽縺九ｊ縺ｾ縺帙ｓ縺ｧ縺励◆ (using 繝・ぅ繝ｬ繧ｯ繝・ぅ繝悶∪縺溘・繧｢繧ｻ繝ｳ繝悶Μ蜿ら・縺梧欠螳壹＆繧後※縺・ｋ縺薙→繧堤｢ｺ隱阪＠縺ｦ縺上□縺輔＞) [D:\04.VisualStudio\DenDen\DenDen_3mrcgxye_wpftmp.csproj]
D:\04.VisualStudio\DenDen\DenDen.Tests\Services\AuthenticationServiceTests.cs(11,22): error CS0246: 蝙九∪縺溘・蜷榊燕遨ｺ髢薙・蜷榊燕 'Mock<>' 縺瑚ｦ九▽縺九ｊ縺ｾ縺帙ｓ縺ｧ縺励◆ (using 繝・ぅ繝ｬ繧ｯ繝・ぅ繝悶∪縺溘・繧｢繧ｻ繝ｳ繝悶Μ蜿ら・縺梧欠螳壹＆繧後※縺・ｋ縺薙→繧堤｢ｺ隱阪＠縺ｦ縺上□縺輔＞) [D:\04.VisualStudio\DenDen\DenDen_3mrcgxye_wpftmp.csproj]
D:\04.VisualStudio\DenDen\DenDen.Tests\Repositories\InquiryHistoryRepositoryTests.cs(64,6): error CS0246: 蝙九∪縺溘・蜷榊燕遨ｺ髢薙・蜷榊燕 'FactAttribute' 縺瑚ｦ九▽縺九ｊ縺ｾ縺帙ｓ縺ｧ縺励◆ (using 繝・ぅ繝ｬ繧ｯ繝・ぅ繝悶∪縺溘・繧｢繧ｻ繝ｳ繝悶Μ蜿ら・縺梧欠螳壹＆繧後※縺・ｋ縺薙→繧堤｢ｺ隱阪＠縺ｦ縺上□縺輔＞) [D:\04.VisualStudio\DenDen\DenDen_3mrcgxye_wpftmp.csproj]
D:\04.VisualStudio\DenDen\DenDen.Tests\Repositories\InquiryHistoryRepositoryTests.cs(64,6): error CS0246: 蝙九∪縺溘・蜷榊燕遨ｺ髢薙・蜷榊燕 'Fact' 縺瑚ｦ九▽縺九ｊ縺ｾ縺帙ｓ縺ｧ縺励◆ (using 繝・ぅ繝ｬ繧ｯ繝・ぅ繝悶∪縺溘・繧｢繧ｻ繝ｳ繝悶Μ蜿ら・縺梧欠螳壹＆繧後※縺・ｋ縺薙→繧堤｢ｺ隱阪＠縺ｦ縺上□縺輔＞) [D:\04.VisualStudio\DenDen\DenDen_3mrcgxye_wpftmp.csproj]
D:\04.VisualStudio\DenDen\DenDen.Tests\Repositories\OperatorRepositoryTests.cs(13,22): error CS0246: 蝙九∪縺溘・蜷榊燕遨ｺ髢薙・蜷榊燕 'Mock<>' 縺瑚ｦ九▽縺九ｊ縺ｾ縺帙ｓ縺ｧ縺励◆ (using 繝・ぅ繝ｬ繧ｯ繝・ぅ繝悶∪縺溘・繧｢繧ｻ繝ｳ繝悶Μ蜿ら・縺梧欠螳壹＆繧後※縺・ｋ縺薙→繧堤｢ｺ隱阪＠縺ｦ縺上□縺輔＞) [D:\04.VisualStudio\DenDen\DenDen_3mrcgxye_wpftmp.csproj]
D:\04.VisualStudio\DenDen\DenDen.Tests\Services\AuthenticationServiceTests.cs(20,6): error CS0246: 蝙九∪縺溘・蜷榊燕遨ｺ髢薙・蜷榊燕 'FactAttribute' 縺瑚ｦ九▽縺九ｊ縺ｾ縺帙ｓ縺ｧ縺励◆ (using 繝・ぅ繝ｬ繧ｯ繝・ぅ繝悶∪縺溘・繧｢繧ｻ繝ｳ繝悶Μ蜿ら・縺梧欠螳壹＆繧後※縺・ｋ縺薙→繧堤｢ｺ隱阪＠縺ｦ縺上□縺輔＞) [D:\04.VisualStudio\DenDen\DenDen_3mrcgxye_wpftmp.csproj]
D:\04.VisualStudio\DenDen\DenDen.Tests\Services\AuthenticationServiceTests.cs(20,6): error CS0246: 蝙九∪縺溘・蜷榊燕遨ｺ髢薙・蜷榊燕 'Fact' 縺瑚ｦ九▽縺九ｊ縺ｾ縺帙ｓ縺ｧ縺励◆ (using 繝・ぅ繝ｬ繧ｯ繝・ぅ繝悶∪縺溘・繧｢繧ｻ繝ｳ繝悶Μ蜿ら・縺梧欠螳壹＆繧後※縺・ｋ縺薙→繧堤｢ｺ隱阪＠縺ｦ縺上□縺輔＞) [D:\04.VisualStudio\DenDen\DenDen_3mrcgxye_wpftmp.csproj]
D:\04.VisualStudio\DenDen\DenDen.Tests\Repositories\InquiryHistoryRepositoryTests.cs(76,6): error CS0246: 蝙九∪縺溘・蜷榊燕遨ｺ髢薙・蜷榊燕 'FactAttribute' 縺瑚ｦ九▽縺九ｊ縺ｾ縺帙ｓ縺ｧ縺励◆ (using 繝・ぅ繝ｬ繧ｯ繝・ぅ繝悶∪縺溘・繧｢繧ｻ繝ｳ繝悶Μ蜿ら・縺梧欠螳壹＆繧後※縺・ｋ縺薙→繧堤｢ｺ隱阪＠縺ｦ縺上□縺輔＞) [D:\04.VisualStudio\DenDen\DenDen_3mrcgxye_wpftmp.csproj]
D:\04.VisualStudio\DenDen\DenDen.Tests\Repositories\InquiryHistoryRepositoryTests.cs(76,6): error CS0246: 蝙九∪縺溘・蜷榊燕遨ｺ髢薙・蜷榊燕 'Fact' 縺瑚ｦ九▽縺九ｊ縺ｾ縺帙ｓ縺ｧ縺励◆ (using 繝・ぅ繝ｬ繧ｯ繝・ぅ繝悶∪縺溘・繧｢繧ｻ繝ｳ繝悶Μ蜿ら・縺梧欠螳壹＆繧後※縺・ｋ縺薙→繧堤｢ｺ隱阪＠縺ｦ縺上□縺輔＞) [D:\04.VisualStudio\DenDen\DenDen_3mrcgxye_wpftmp.csproj]
D:\04.VisualStudio\DenDen\DenDen.Tests\Services\AuthenticationServiceTests.cs(48,6): error CS0246: 蝙九∪縺溘・蜷榊燕遨ｺ髢薙・蜷榊燕 'FactAttribute' 縺瑚ｦ九▽縺九ｊ縺ｾ縺帙ｓ縺ｧ縺励◆ (using 繝・ぅ繝ｬ繧ｯ繝・ぅ繝悶∪縺溘・繧｢繧ｻ繝ｳ繝悶Μ蜿ら・縺梧欠螳壹＆繧後※縺・ｋ縺薙→繧堤｢ｺ隱阪＠縺ｦ縺上□縺輔＞) [D:\04.VisualStudio\DenDen\DenDen_3mrcgxye_wpftmp.csproj]
D:\04.VisualStudio\DenDen\DenDen.Tests\Services\AuthenticationServiceTests.cs(48,6): error CS0246: 蝙九∪縺溘・蜷榊燕遨ｺ髢薙・蜷榊燕 'Fact' 縺瑚ｦ九▽縺九ｊ縺ｾ縺帙ｓ縺ｧ縺励◆ (using 繝・ぅ繝ｬ繧ｯ繝・ぅ繝悶∪縺溘・繧｢繧ｻ繝ｳ繝悶Μ蜿ら・縺梧欠螳壹＆繧後※縺・ｋ縺薙→繧堤｢ｺ隱阪＠縺ｦ縺上□縺輔＞) [D:\04.VisualStudio\DenDen\DenDen_3mrcgxye_wpftmp.csproj]
D:\04.VisualStudio\DenDen\DenDen.Tests\Repositories\InquiryHistoryRepositoryTests.cs(86,6): error CS0246: 蝙九∪縺溘・蜷榊燕遨ｺ髢薙・蜷榊燕 'FactAttribute' 縺瑚ｦ九▽縺九ｊ縺ｾ縺帙ｓ縺ｧ縺励◆ (using 繝・ぅ繝ｬ繧ｯ繝・ぅ繝悶∪縺溘・繧｢繧ｻ繝ｳ繝悶Μ蜿ら・縺梧欠螳壹＆繧後※縺・ｋ縺薙→繧堤｢ｺ隱阪＠縺ｦ縺上□縺輔＞) [D:\04.VisualStudio\DenDen\DenDen_3mrcgxye_wpftmp.csproj]
D:\04.VisualStudio\DenDen\DenDen.Tests\Repositories\InquiryHistoryRepositoryTests.cs(86,6): error CS0246: 蝙九∪縺溘・蜷榊燕遨ｺ髢薙・蜷榊燕 'Fact' 縺瑚ｦ九▽縺九ｊ縺ｾ縺帙ｓ縺ｧ縺励◆ (using 繝・ぅ繝ｬ繧ｯ繝・ぅ繝悶∪縺溘・繧｢繧ｻ繝ｳ繝悶Μ蜿ら・縺梧欠螳壹＆繧後※縺・ｋ縺薙→繧堤｢ｺ隱阪＠縺ｦ縺上□縺輔＞) [D:\04.VisualStudio\DenDen\DenDen_3mrcgxye_wpftmp.csproj]
D:\04.VisualStudio\DenDen\DenDen.Tests\Services\AuthenticationServiceTests.cs(73,6): error CS0246: 蝙九∪縺溘・蜷榊燕遨ｺ髢薙・蜷榊燕 'FactAttribute' 縺瑚ｦ九▽縺九ｊ縺ｾ縺帙ｓ縺ｧ縺励◆ (using 繝・ぅ繝ｬ繧ｯ繝・ぅ繝悶∪縺溘・繧｢繧ｻ繝ｳ繝悶Μ蜿ら・縺梧欠螳壹＆繧後※縺・ｋ縺薙→繧堤｢ｺ隱阪＠縺ｦ縺上□縺輔＞) [D:\04.VisualStudio\DenDen\DenDen_3mrcgxye_wpftmp.csproj]
D:\04.VisualStudio\DenDen\DenDen.Tests\Services\AuthenticationServiceTests.cs(73,6): error CS0246: 蝙九∪縺溘・蜷榊燕遨ｺ髢薙・蜷榊燕 'Fact' 縺瑚ｦ九▽縺九ｊ縺ｾ縺帙ｓ縺ｧ縺励◆ (using 繝・ぅ繝ｬ繧ｯ繝・ぅ繝悶∪縺溘・繧｢繧ｻ繝ｳ繝悶Μ蜿ら・縺梧欠螳壹＆繧後※縺・ｋ縺薙→繧堤｢ｺ隱阪＠縺ｦ縺上□縺輔＞) [D:\04.VisualStudio\DenDen\DenDen_3mrcgxye_wpftmp.csproj]
D:\04.VisualStudio\DenDen\DenDen.Tests\Repositories\OperatorRepositoryTests.cs(58,6): error CS0246: 蝙九∪縺溘・蜷榊燕遨ｺ髢薙・蜷榊燕 'FactAttribute' 縺瑚ｦ九▽縺九ｊ縺ｾ縺帙ｓ縺ｧ縺励◆ (using 繝・ぅ繝ｬ繧ｯ繝・ぅ繝悶∪縺溘・繧｢繧ｻ繝ｳ繝悶Μ蜿ら・縺梧欠螳壹＆繧後※縺・ｋ縺薙→繧堤｢ｺ隱阪＠縺ｦ縺上□縺輔＞) [D:\04.VisualStudio\DenDen\DenDen_3mrcgxye_wpftmp.csproj]
D:\04.VisualStudio\DenDen\DenDen.Tests\Repositories\OperatorRepositoryTests.cs(58,6): error CS0246: 蝙九∪縺溘・蜷榊燕遨ｺ髢薙・蜷榊燕 'Fact' 縺瑚ｦ九▽縺九ｊ縺ｾ縺帙ｓ縺ｧ縺励◆ (using 繝・ぅ繝ｬ繧ｯ繝・ぅ繝悶∪縺溘・繧｢繧ｻ繝ｳ繝悶Μ蜿ら・縺梧欠螳壹＆繧後※縺・ｋ縺薙→繧堤｢ｺ隱阪＠縺ｦ縺上□縺輔＞) [D:\04.VisualStudio\DenDen\DenDen_3mrcgxye_wpftmp.csproj]
D:\04.VisualStudio\DenDen\DenDen.Tests\Repositories\InquiryHistoryRepositoryTests.cs(97,6): error CS0246: 蝙九∪縺溘・蜷榊燕遨ｺ髢薙・蜷榊燕 'FactAttribute' 縺瑚ｦ九▽縺九ｊ縺ｾ縺帙ｓ縺ｧ縺励◆ (using 繝・ぅ繝ｬ繧ｯ繝・ぅ繝悶∪縺溘・繧｢繧ｻ繝ｳ繝悶Μ蜿ら・縺梧欠螳壹＆繧後※縺・ｋ縺薙→繧堤｢ｺ隱阪＠縺ｦ縺上□縺輔＞) [D:\04.VisualStudio\DenDen\DenDen_3mrcgxye_wpftmp.csproj]
D:\04.VisualStudio\DenDen\DenDen.Tests\Repositories\InquiryHistoryRepositoryTests.cs(97,6): error CS0246: 蝙九∪縺溘・蜷榊燕遨ｺ髢薙・蜷榊燕 'Fact' 縺瑚ｦ九▽縺九ｊ縺ｾ縺帙ｓ縺ｧ縺励◆ (using 繝・ぅ繝ｬ繧ｯ繝・ぅ繝悶∪縺溘・繧｢繧ｻ繝ｳ繝悶Μ蜿ら・縺梧欠螳壹＆繧後※縺・ｋ縺薙→繧堤｢ｺ隱阪＠縺ｦ縺上□縺輔＞) [D:\04.VisualStudio\DenDen\DenDen_3mrcgxye_wpftmp.csproj]
D:\04.VisualStudio\DenDen\DenDen.Tests\Services\AuthenticationServiceTests.cs(88,6): error CS0246: 蝙九∪縺溘・蜷榊燕遨ｺ髢薙・蜷榊燕 'FactAttribute' 縺瑚ｦ九▽縺九ｊ縺ｾ縺帙ｓ縺ｧ縺励◆ (using 繝・ぅ繝ｬ繧ｯ繝・ぅ繝悶∪縺溘・繧｢繧ｻ繝ｳ繝悶Μ蜿ら・縺梧欠螳壹＆繧後※縺・ｋ縺薙→繧堤｢ｺ隱阪＠縺ｦ縺上□縺輔＞) [D:\04.VisualStudio\DenDen\DenDen_3mrcgxye_wpftmp.csproj]
D:\04.VisualStudio\DenDen\DenDen.Tests\Services\AuthenticationServiceTests.cs(88,6): error CS0246: 蝙九∪縺溘・蜷榊燕遨ｺ髢薙・蜷榊燕 'Fact' 縺瑚ｦ九▽縺九ｊ縺ｾ縺帙ｓ縺ｧ縺励◆ (using 繝・ぅ繝ｬ繧ｯ繝・ぅ繝悶∪縺溘・繧｢繧ｻ繝ｳ繝悶Μ蜿ら・縺梧欠螳壹＆繧後※縺・ｋ縺薙→繧堤｢ｺ隱阪＠縺ｦ縺上□縺輔＞) [D:\04.VisualStudio\DenDen\DenDen_3mrcgxye_wpftmp.csproj]
D:\04.VisualStudio\DenDen\DenDen.Tests\Repositories\InquiryHistoryRepositoryTests.cs(108,6): error CS0246: 蝙九∪縺溘・蜷榊燕遨ｺ髢薙・蜷榊燕 'FactAttribute' 縺瑚ｦ九▽縺九ｊ縺ｾ縺帙ｓ縺ｧ縺励◆ (using 繝・ぅ繝ｬ繧ｯ繝・ぅ繝悶∪縺溘・繧｢繧ｻ繝ｳ繝悶Μ蜿ら・縺梧欠螳壹＆繧後※縺・ｋ縺薙→繧堤｢ｺ隱阪＠縺ｦ縺上□縺輔＞) [D:\04.VisualStudio\DenDen\DenDen_3mrcgxye_wpftmp.csproj]
D:\04.VisualStudio\DenDen\DenDen.Tests\Repositories\InquiryHistoryRepositoryTests.cs(108,6): error CS0246: 蝙九∪縺溘・蜷榊燕遨ｺ髢薙・蜷榊燕 'Fact' 縺瑚ｦ九▽縺九ｊ縺ｾ縺帙ｓ縺ｧ縺励◆ (using 繝・ぅ繝ｬ繧ｯ繝・ぅ繝悶∪縺溘・繧｢繧ｻ繝ｳ繝悶Μ蜿ら・縺梧欠螳壹＆繧後※縺・ｋ縺薙→繧堤｢ｺ隱阪＠縺ｦ縺上□縺輔＞) [D:\04.VisualStudio\DenDen\DenDen_3mrcgxye_wpftmp.csproj]
D:\04.VisualStudio\DenDen\DenDen.Tests\Services\AuthenticationServiceTests.cs(98,6): error CS0246: 蝙九∪縺溘・蜷榊燕遨ｺ髢薙・蜷榊燕 'FactAttribute' 縺瑚ｦ九▽縺九ｊ縺ｾ縺帙ｓ縺ｧ縺励◆ (using 繝・ぅ繝ｬ繧ｯ繝・ぅ繝悶∪縺溘・繧｢繧ｻ繝ｳ繝悶Μ蜿ら・縺梧欠螳壹＆繧後※縺・ｋ縺薙→繧堤｢ｺ隱阪＠縺ｦ縺上□縺輔＞) [D:\04.VisualStudio\DenDen\DenDen_3mrcgxye_wpftmp.csproj]
D:\04.VisualStudio\DenDen\DenDen.Tests\Services\AuthenticationServiceTests.cs(98,6): error CS0246: 蝙九∪縺溘・蜷榊燕遨ｺ髢薙・蜷榊燕 'Fact' 縺瑚ｦ九▽縺九ｊ縺ｾ縺帙ｓ縺ｧ縺励◆ (using 繝・ぅ繝ｬ繧ｯ繝・ぅ繝悶∪縺溘・繧｢繧ｻ繝ｳ繝悶Μ蜿ら・縺梧欠螳壹＆繧後※縺・ｋ縺薙→繧堤｢ｺ隱阪＠縺ｦ縺上□縺輔＞) [D:\04.VisualStudio\DenDen\DenDen_3mrcgxye_wpftmp.csproj]
D:\04.VisualStudio\DenDen\DenDen.Tests\Repositories\OperatorRepositoryTests.cs(70,6): error CS0246: 蝙九∪縺溘・蜷榊燕遨ｺ髢薙・蜷榊燕 'FactAttribute' 縺瑚ｦ九▽縺九ｊ縺ｾ縺帙ｓ縺ｧ縺励◆ (using 繝・ぅ繝ｬ繧ｯ繝・ぅ繝悶∪縺溘・繧｢繧ｻ繝ｳ繝悶Μ蜿ら・縺梧欠螳壹＆繧後※縺・ｋ縺薙→繧堤｢ｺ隱阪＠縺ｦ縺上□縺輔＞) [D:\04.VisualStudio\DenDen\DenDen_3mrcgxye_wpftmp.csproj]
D:\04.VisualStudio\DenDen\DenDen.Tests\Repositories\OperatorRepositoryTests.cs(70,6): error CS0246: 蝙九∪縺溘・蜷榊燕遨ｺ髢薙・蜷榊燕 'Fact' 縺瑚ｦ九▽縺九ｊ縺ｾ縺帙ｓ縺ｧ縺励◆ (using 繝・ぅ繝ｬ繧ｯ繝・ぅ繝悶∪縺溘・繧｢繧ｻ繝ｳ繝悶Μ蜿ら・縺梧欠螳壹＆繧後※縺・ｋ縺薙→繧堤｢ｺ隱阪＠縺ｦ縺上□縺輔＞) [D:\04.VisualStudio\DenDen\DenDen_3mrcgxye_wpftmp.csproj]
D:\04.VisualStudio\DenDen\DenDen.Tests\Repositories\InquiryHistoryRepositoryTests.cs(135,6): error CS0246: 蝙九∪縺溘・蜷榊燕遨ｺ髢薙・蜷榊燕 'FactAttribute' 縺瑚ｦ九▽縺九ｊ縺ｾ縺帙ｓ縺ｧ縺励◆ (using 繝・ぅ繝ｬ繧ｯ繝・ぅ繝悶∪縺溘・繧｢繧ｻ繝ｳ繝悶Μ蜿ら・縺梧欠螳壹＆繧後※縺・ｋ縺薙→繧堤｢ｺ隱阪＠縺ｦ縺上□縺輔＞) [D:\04.VisualStudio\DenDen\DenDen_3mrcgxye_wpftmp.csproj]
D:\04.VisualStudio\DenDen\DenDen.Tests\Repositories\InquiryHistoryRepositoryTests.cs(135,6): error CS0246: 蝙九∪縺溘・蜷榊燕遨ｺ髢薙・蜷榊燕 'Fact' 縺瑚ｦ九▽縺九ｊ縺ｾ縺帙ｓ縺ｧ縺励◆ (using 繝・ぅ繝ｬ繧ｯ繝・ぅ繝悶∪縺溘・繧｢繧ｻ繝ｳ繝悶Μ蜿ら・縺梧欠螳壹＆繧後※縺・ｋ縺薙→繧堤｢ｺ隱阪＠縺ｦ縺上□縺輔＞) [D:\04.VisualStudio\DenDen\DenDen_3mrcgxye_wpftmp.csproj]
D:\04.VisualStudio\DenDen\DenDen.Tests\Repositories\OperatorRepositoryTests.cs(80,6): error CS0246: 蝙九∪縺溘・蜷榊燕遨ｺ髢薙・蜷榊燕 'FactAttribute' 縺瑚ｦ九▽縺九ｊ縺ｾ縺帙ｓ縺ｧ縺励◆ (using 繝・ぅ繝ｬ繧ｯ繝・ぅ繝悶∪縺溘・繧｢繧ｻ繝ｳ繝悶Μ蜿ら・縺梧欠螳壹＆繧後※縺・ｋ縺薙→繧堤｢ｺ隱阪＠縺ｦ縺上□縺輔＞) [D:\04.VisualStudio\DenDen\DenDen_3mrcgxye_wpftmp.csproj]
D:\04.VisualStudio\DenDen\DenDen.Tests\Repositories\OperatorRepositoryTests.cs(80,6): error CS0246: 蝙九∪縺溘・蜷榊燕遨ｺ髢薙・蜷榊燕 'Fact' 縺瑚ｦ九▽縺九ｊ縺ｾ縺帙ｓ縺ｧ縺励◆ (using 繝・ぅ繝ｬ繧ｯ繝・ぅ繝悶∪縺溘・繧｢繧ｻ繝ｳ繝悶Μ蜿ら・縺梧欠螳壹＆繧後※縺・ｋ縺薙→繧堤｢ｺ隱阪＠縺ｦ縺上□縺輔＞) [D:\04.VisualStudio\DenDen\DenDen_3mrcgxye_wpftmp.csproj]
D:\04.VisualStudio\DenDen\DenDen.Tests\Services\ExportServiceTests.cs(27,6): error CS0246: 蝙九∪縺溘・蜷榊燕遨ｺ髢薙・蜷榊燕 'FactAttribute' 縺瑚ｦ九▽縺九ｊ縺ｾ縺帙ｓ縺ｧ縺励◆ (using 繝・ぅ繝ｬ繧ｯ繝・ぅ繝悶∪縺溘・繧｢繧ｻ繝ｳ繝悶Μ蜿ら・縺梧欠螳壹＆繧後※縺・ｋ縺薙→繧堤｢ｺ隱阪＠縺ｦ縺上□縺輔＞) [D:\04.VisualStudio\DenDen\DenDen_3mrcgxye_wpftmp.csproj]
D:\04.VisualStudio\DenDen\DenDen.Tests\Services\ExportServiceTests.cs(27,6): error CS0246: 蝙九∪縺溘・蜷榊燕遨ｺ髢薙・蜷榊燕 'Fact' 縺瑚ｦ九▽縺九ｊ縺ｾ縺帙ｓ縺ｧ縺励◆ (using 繝・ぅ繝ｬ繧ｯ繝・ぅ繝悶∪縺溘・繧｢繧ｻ繝ｳ繝悶Μ蜿ら・縺梧欠螳壹＆繧後※縺・ｋ縺薙→繧堤｢ｺ隱阪＠縺ｦ縺上□縺輔＞) [D:\04.VisualStudio\DenDen\DenDen_3mrcgxye_wpftmp.csproj]
D:\04.VisualStudio\DenDen\DenDen.Tests\Repositories\ProjectRepositoryTests.cs(14,22): error CS0246: 蝙九∪縺溘・蜷榊燕遨ｺ髢薙・蜷榊燕 'Mock<>' 縺瑚ｦ九▽縺九ｊ縺ｾ縺帙ｓ縺ｧ縺励◆ (using 繝・ぅ繝ｬ繧ｯ繝・ぅ繝悶∪縺溘・繧｢繧ｻ繝ｳ繝悶Μ蜿ら・縺梧欠螳壹＆繧後※縺・ｋ縺薙→繧堤｢ｺ隱阪＠縺ｦ縺上□縺輔＞) [D:\04.VisualStudio\DenDen\DenDen_3mrcgxye_wpftmp.csproj]
D:\04.VisualStudio\DenDen\DenDen.Tests\Repositories\OperatorRepositoryTests.cs(90,6): error CS0246: 蝙九∪縺溘・蜷榊燕遨ｺ髢薙・蜷榊燕 'FactAttribute' 縺瑚ｦ九▽縺九ｊ縺ｾ縺帙ｓ縺ｧ縺励◆ (using 繝・ぅ繝ｬ繧ｯ繝・ぅ繝悶∪縺溘・繧｢繧ｻ繝ｳ繝悶Μ蜿ら・縺梧欠螳壹＆繧後※縺・ｋ縺薙→繧堤｢ｺ隱阪＠縺ｦ縺上□縺輔＞) [D:\04.VisualStudio\DenDen\DenDen_3mrcgxye_wpftmp.csproj]
D:\04.VisualStudio\DenDen\DenDen.Tests\Repositories\OperatorRepositoryTests.cs(90,6): error CS0246: 蝙九∪縺溘・蜷榊燕遨ｺ髢薙・蜷榊燕 'Fact' 縺瑚ｦ九▽縺九ｊ縺ｾ縺帙ｓ縺ｧ縺励◆ (using 繝・ぅ繝ｬ繧ｯ繝・ぅ繝悶∪縺溘・繧｢繧ｻ繝ｳ繝悶Μ蜿ら・縺梧欠螳壹＆繧後※縺・ｋ縺薙→繧堤｢ｺ隱阪＠縺ｦ縺上□縺輔＞) [D:\04.VisualStudio\DenDen\DenDen_3mrcgxye_wpftmp.csproj]
D:\04.VisualStudio\DenDen\DenDen.Tests\Services\ExportServiceTests.cs(59,6): error CS0246: 蝙九∪縺溘・蜷榊燕遨ｺ髢薙・蜷榊燕 'FactAttribute' 縺瑚ｦ九▽縺九ｊ縺ｾ縺帙ｓ縺ｧ縺励◆ (using 繝・ぅ繝ｬ繧ｯ繝・ぅ繝悶∪縺溘・繧｢繧ｻ繝ｳ繝悶Μ蜿ら・縺梧欠螳壹＆繧後※縺・ｋ縺薙→繧堤｢ｺ隱阪＠縺ｦ縺上□縺輔＞) [D:\04.VisualStudio\DenDen\DenDen_3mrcgxye_wpftmp.csproj]
D:\04.VisualStudio\DenDen\DenDen.Tests\Services\ExportServiceTests.cs(59,6): error CS0246: 蝙九∪縺溘・蜷榊燕遨ｺ髢薙・蜷榊燕 'Fact' 縺瑚ｦ九▽縺九ｊ縺ｾ縺帙ｓ縺ｧ縺励◆ (using 繝・ぅ繝ｬ繧ｯ繝・ぅ繝悶∪縺溘・繧｢繧ｻ繝ｳ繝悶Μ蜿ら・縺梧欠螳壹＆繧後※縺・ｋ縺薙→繧堤｢ｺ隱阪＠縺ｦ縺上□縺輔＞) [D:\04.VisualStudio\DenDen\DenDen_3mrcgxye_wpftmp.csproj]
D:\04.VisualStudio\DenDen\DenDen.Tests\Repositories\ProjectRepositoryTests.cs(57,6): error CS0246: 蝙九∪縺溘・蜷榊燕遨ｺ髢薙・蜷榊燕 'FactAttribute' 縺瑚ｦ九▽縺九ｊ縺ｾ縺帙ｓ縺ｧ縺励◆ (using 繝・ぅ繝ｬ繧ｯ繝・ぅ繝悶∪縺溘・繧｢繧ｻ繝ｳ繝悶Μ蜿ら・縺梧欠螳壹＆繧後※縺・ｋ縺薙→繧堤｢ｺ隱阪＠縺ｦ縺上□縺輔＞) [D:\04.VisualStudio\DenDen\DenDen_3mrcgxye_wpftmp.csproj]
D:\04.VisualStudio\DenDen\DenDen.Tests\Repositories\ProjectRepositoryTests.cs(57,6): error CS0246: 蝙九∪縺溘・蜷榊燕遨ｺ髢薙・蜷榊燕 'Fact' 縺瑚ｦ九▽縺九ｊ縺ｾ縺帙ｓ縺ｧ縺励◆ (using 繝・ぅ繝ｬ繧ｯ繝・ぅ繝悶∪縺溘・繧｢繧ｻ繝ｳ繝悶Μ蜿ら・縺梧欠螳壹＆繧後※縺・ｋ縺薙→繧堤｢ｺ隱阪＠縺ｦ縺上□縺輔＞) [D:\04.VisualStudio\DenDen\DenDen_3mrcgxye_wpftmp.csproj]
D:\04.VisualStudio\DenDen\DenDen.Tests\Services\ExportServiceTests.cs(83,6): error CS0246: 蝙九∪縺溘・蜷榊燕遨ｺ髢薙・蜷榊燕 'FactAttribute' 縺瑚ｦ九▽縺九ｊ縺ｾ縺帙ｓ縺ｧ縺励◆ (using 繝・ぅ繝ｬ繧ｯ繝・ぅ繝悶∪縺溘・繧｢繧ｻ繝ｳ繝悶Μ蜿ら・縺梧欠螳壹＆繧後※縺・ｋ縺薙→繧堤｢ｺ隱阪＠縺ｦ縺上□縺輔＞) [D:\04.VisualStudio\DenDen\DenDen_3mrcgxye_wpftmp.csproj]
D:\04.VisualStudio\DenDen\DenDen.Tests\Services\ExportServiceTests.cs(83,6): error CS0246: 蝙九∪縺溘・蜷榊燕遨ｺ髢薙・蜷榊燕 'Fact' 縺瑚ｦ九▽縺九ｊ縺ｾ縺帙ｓ縺ｧ縺励◆ (using 繝・ぅ繝ｬ繧ｯ繝・ぅ繝悶∪縺溘・繧｢繧ｻ繝ｳ繝悶Μ蜿ら・縺梧欠螳壹＆繧後※縺・ｋ縺薙→繧堤｢ｺ隱阪＠縺ｦ縺上□縺輔＞) [D:\04.VisualStudio\DenDen\DenDen_3mrcgxye_wpftmp.csproj]
D:\04.VisualStudio\DenDen\DenDen.Tests\UnitTest1.cs(5,6): error CS0246: 蝙九∪縺溘・蜷榊燕遨ｺ髢薙・蜷榊燕 'FactAttribute' 縺瑚ｦ九▽縺九ｊ縺ｾ縺帙ｓ縺ｧ縺励◆ (using 繝・ぅ繝ｬ繧ｯ繝・ぅ繝悶∪縺溘・繧｢繧ｻ繝ｳ繝悶Μ蜿ら・縺梧欠螳壹＆繧後※縺・ｋ縺薙→繧堤｢ｺ隱阪＠縺ｦ縺上□縺輔＞) [D:\04.VisualStudio\DenDen\DenDen_3mrcgxye_wpftmp.csproj]
D:\04.VisualStudio\DenDen\DenDen.Tests\UnitTest1.cs(5,6): error CS0246: 蝙九∪縺溘・蜷榊燕遨ｺ髢薙・蜷榊燕 'Fact' 縺瑚ｦ九▽縺九ｊ縺ｾ縺帙ｓ縺ｧ縺励◆ (using 繝・ぅ繝ｬ繧ｯ繝・ぅ繝悶∪縺溘・繧｢繧ｻ繝ｳ繝悶Μ蜿ら・縺梧欠螳壹＆繧後※縺・ｋ縺薙→繧堤｢ｺ隱阪＠縺ｦ縺上□縺輔＞) [D:\04.VisualStudio\DenDen\DenDen_3mrcgxye_wpftmp.csproj]
D:\04.VisualStudio\DenDen\DenDen.Tests\Repositories\ProjectRepositoryTests.cs(68,6): error CS0246: 蝙九∪縺溘・蜷榊燕遨ｺ髢薙・蜷榊燕 'FactAttribute' 縺瑚ｦ九▽縺九ｊ縺ｾ縺帙ｓ縺ｧ縺励◆ (using 繝・ぅ繝ｬ繧ｯ繝・ぅ繝悶∪縺溘・繧｢繧ｻ繝ｳ繝悶Μ蜿ら・縺梧欠螳壹＆繧後※縺・ｋ縺薙→繧堤｢ｺ隱阪＠縺ｦ縺上□縺輔＞) [D:\04.VisualStudio\DenDen\DenDen_3mrcgxye_wpftmp.csproj]
D:\04.VisualStudio\DenDen\DenDen.Tests\Repositories\ProjectRepositoryTests.cs(68,6): error CS0246: 蝙九∪縺溘・蜷榊燕遨ｺ髢薙・蜷榊燕 'Fact' 縺瑚ｦ九▽縺九ｊ縺ｾ縺帙ｓ縺ｧ縺励◆ (using 繝・ぅ繝ｬ繧ｯ繝・ぅ繝悶∪縺溘・繧｢繧ｻ繝ｳ繝悶Μ蜿ら・縺梧欠螳壹＆繧後※縺・ｋ縺薙→繧堤｢ｺ隱阪＠縺ｦ縺上□縺輔＞) [D:\04.VisualStudio\DenDen\DenDen_3mrcgxye_wpftmp.csproj]
D:\04.VisualStudio\DenDen\DenDen.Tests\Services\ExportServiceTests.cs(107,6): error CS0246: 蝙九∪縺溘・蜷榊燕遨ｺ髢薙・蜷榊燕 'FactAttribute' 縺瑚ｦ九▽縺九ｊ縺ｾ縺帙ｓ縺ｧ縺励◆ (using 繝・ぅ繝ｬ繧ｯ繝・ぅ繝悶∪縺溘・繧｢繧ｻ繝ｳ繝悶Μ蜿ら・縺梧欠螳壹＆繧後※縺・ｋ縺薙→繧堤｢ｺ隱阪＠縺ｦ縺上□縺輔＞) [D:\04.VisualStudio\DenDen\DenDen_3mrcgxye_wpftmp.csproj]
D:\04.VisualStudio\DenDen\DenDen.Tests\Services\ExportServiceTests.cs(107,6): error CS0246: 蝙九∪縺溘・蜷榊燕遨ｺ髢薙・蜷榊燕 'Fact' 縺瑚ｦ九▽縺九ｊ縺ｾ縺帙ｓ縺ｧ縺励◆ (using 繝・ぅ繝ｬ繧ｯ繝・ぅ繝悶∪縺溘・繧｢繧ｻ繝ｳ繝悶Μ蜿ら・縺梧欠螳壹＆繧後※縺・ｋ縺薙→繧堤｢ｺ隱阪＠縺ｦ縺上□縺輔＞) [D:\04.VisualStudio\DenDen\DenDen_3mrcgxye_wpftmp.csproj]
D:\04.VisualStudio\DenDen\DenDen.Tests\Services\ExportServiceTests.cs(131,6): error CS0246: 蝙九∪縺溘・蜷榊燕遨ｺ髢薙・蜷榊燕 'FactAttribute' 縺瑚ｦ九▽縺九ｊ縺ｾ縺帙ｓ縺ｧ縺励◆ (using 繝・ぅ繝ｬ繧ｯ繝・ぅ繝悶∪縺溘・繧｢繧ｻ繝ｳ繝悶Μ蜿ら・縺梧欠螳壹＆繧後※縺・ｋ縺薙→繧堤｢ｺ隱阪＠縺ｦ縺上□縺輔＞) [D:\04.VisualStudio\DenDen\DenDen_3mrcgxye_wpftmp.csproj]
D:\04.VisualStudio\DenDen\DenDen.Tests\Services\ExportServiceTests.cs(131,6): error CS0246: 蝙九∪縺溘・蜷榊燕遨ｺ髢薙・蜷榊燕 'Fact' 縺瑚ｦ九▽縺九ｊ縺ｾ縺帙ｓ縺ｧ縺励◆ (using 繝・ぅ繝ｬ繧ｯ繝・ぅ繝悶∪縺溘・繧｢繧ｻ繝ｳ繝悶Μ蜿ら・縺梧欠螳壹＆繧後※縺・ｋ縺薙→繧堤｢ｺ隱阪＠縺ｦ縺上□縺輔＞) [D:\04.VisualStudio\DenDen\DenDen_3mrcgxye_wpftmp.csproj]
D:\04.VisualStudio\DenDen\DenDen.Tests\Repositories\ProjectRepositoryTests.cs(79,6): error CS0246: 蝙九∪縺溘・蜷榊燕遨ｺ髢薙・蜷榊燕 'FactAttribute' 縺瑚ｦ九▽縺九ｊ縺ｾ縺帙ｓ縺ｧ縺励◆ (using 繝・ぅ繝ｬ繧ｯ繝・ぅ繝悶∪縺溘・繧｢繧ｻ繝ｳ繝悶Μ蜿ら・縺梧欠螳壹＆繧後※縺・ｋ縺薙→繧堤｢ｺ隱阪＠縺ｦ縺上□縺輔＞) [D:\04.VisualStudio\DenDen\DenDen_3mrcgxye_wpftmp.csproj]
D:\04.VisualStudio\DenDen\DenDen.Tests\Repositories\ProjectRepositoryTests.cs(79,6): error CS0246: 蝙九∪縺溘・蜷榊燕遨ｺ髢薙・蜷榊燕 'Fact' 縺瑚ｦ九▽縺九ｊ縺ｾ縺帙ｓ縺ｧ縺励◆ (using 繝・ぅ繝ｬ繧ｯ繝・ぅ繝悶∪縺溘・繧｢繧ｻ繝ｳ繝悶Μ蜿ら・縺梧欠螳壹＆繧後※縺・ｋ縺薙→繧堤｢ｺ隱阪＠縺ｦ縺上□縺輔＞) [D:\04.VisualStudio\DenDen\DenDen_3mrcgxye_wpftmp.csproj]
D:\04.VisualStudio\DenDen\DenDen.Tests\ViewModels\LoginViewModelTests.cs(12,22): error CS0246: 蝙九∪縺溘・蜷榊燕遨ｺ髢薙・蜷榊燕 'Mock<>' 縺瑚ｦ九▽縺九ｊ縺ｾ縺帙ｓ縺ｧ縺励◆ (using 繝・ぅ繝ｬ繧ｯ繝・ぅ繝悶∪縺溘・繧｢繧ｻ繝ｳ繝悶Μ蜿ら・縺梧欠螳壹＆繧後※縺・ｋ縺薙→繧堤｢ｺ隱阪＠縺ｦ縺上□縺輔＞) [D:\04.VisualStudio\DenDen\DenDen_3mrcgxye_wpftmp.csproj]
D:\04.VisualStudio\DenDen\DenDen.Tests\Services\ExportServiceTests.cs(158,6): error CS0246: 蝙九∪縺溘・蜷榊燕遨ｺ髢薙・蜷榊燕 'FactAttribute' 縺瑚ｦ九▽縺九ｊ縺ｾ縺帙ｓ縺ｧ縺励◆ (using 繝・ぅ繝ｬ繧ｯ繝・ぅ繝悶∪縺溘・繧｢繧ｻ繝ｳ繝悶Μ蜿ら・縺梧欠螳壹＆繧後※縺・ｋ縺薙→繧堤｢ｺ隱阪＠縺ｦ縺上□縺輔＞) [D:\04.VisualStudio\DenDen\DenDen_3mrcgxye_wpftmp.csproj]
D:\04.VisualStudio\DenDen\DenDen.Tests\Services\ExportServiceTests.cs(158,6): error CS0246: 蝙九∪縺溘・蜷榊燕遨ｺ髢薙・蜷榊燕 'Fact' 縺瑚ｦ九▽縺九ｊ縺ｾ縺帙ｓ縺ｧ縺励◆ (using 繝・ぅ繝ｬ繧ｯ繝・ぅ繝悶∪縺溘・繧｢繧ｻ繝ｳ繝悶Μ蜿ら・縺梧欠螳壹＆繧後※縺・ｋ縺薙→繧堤｢ｺ隱阪＠縺ｦ縺上□縺輔＞) [D:\04.VisualStudio\DenDen\DenDen_3mrcgxye_wpftmp.csproj]
D:\04.VisualStudio\DenDen\DenDen.Tests\ViewModels\LoginViewModelTests.cs(13,22): error CS0246: 蝙九∪縺溘・蜷榊燕遨ｺ髢薙・蜷榊燕 'Mock<>' 縺瑚ｦ九▽縺九ｊ縺ｾ縺帙ｓ縺ｧ縺励◆ (using 繝・ぅ繝ｬ繧ｯ繝・ぅ繝悶∪縺溘・繧｢繧ｻ繝ｳ繝悶Μ蜿ら・縺梧欠螳壹＆繧後※縺・ｋ縺薙→繧堤｢ｺ隱阪＠縺ｦ縺上□縺輔＞) [D:\04.VisualStudio\DenDen\DenDen_3mrcgxye_wpftmp.csproj]
D:\04.VisualStudio\DenDen\DenDen.Tests\ViewModels\LoginViewModelTests.cs(14,22): error CS0246: 蝙九∪縺溘・蜷榊燕遨ｺ髢薙・蜷榊燕 'Mock<>' 縺瑚ｦ九▽縺九ｊ縺ｾ縺帙ｓ縺ｧ縺励◆ (using 繝・ぅ繝ｬ繧ｯ繝・ぅ繝悶∪縺溘・繧｢繧ｻ繝ｳ繝悶Μ蜿ら・縺梧欠螳壹＆繧後※縺・ｋ縺薙→繧堤｢ｺ隱阪＠縺ｦ縺上□縺輔＞) [D:\04.VisualStudio\DenDen\DenDen_3mrcgxye_wpftmp.csproj]
D:\04.VisualStudio\DenDen\DenDen.Tests\ViewModels\LoginViewModelTests.cs(41,6): error CS0246: 蝙九∪縺溘・蜷榊燕遨ｺ髢薙・蜷榊燕 'FactAttribute' 縺瑚ｦ九▽縺九ｊ縺ｾ縺帙ｓ縺ｧ縺励◆ (using 繝・ぅ繝ｬ繧ｯ繝・ぅ繝悶∪縺溘・繧｢繧ｻ繝ｳ繝悶Μ蜿ら・縺梧欠螳壹＆繧後※縺・ｋ縺薙→繧堤｢ｺ隱阪＠縺ｦ縺上□縺輔＞) [D:\04.VisualStudio\DenDen\DenDen_3mrcgxye_wpftmp.csproj]
D:\04.VisualStudio\DenDen\DenDen.Tests\ViewModels\LoginViewModelTests.cs(41,6): error CS0246: 蝙九∪縺溘・蜷榊燕遨ｺ髢薙・蜷榊燕 'Fact' 縺瑚ｦ九▽縺九ｊ縺ｾ縺帙ｓ縺ｧ縺励◆ (using 繝・ぅ繝ｬ繧ｯ繝・ぅ繝悶∪縺溘・繧｢繧ｻ繝ｳ繝悶Μ蜿ら・縺梧欠螳壹＆繧後※縺・ｋ縺薙→繧堤｢ｺ隱阪＠縺ｦ縺上□縺輔＞) [D:\04.VisualStudio\DenDen\DenDen_3mrcgxye_wpftmp.csproj]
D:\04.VisualStudio\DenDen\DenDen.Tests\ViewModels\LoginViewModelTests.cs(51,6): error CS0246: 蝙九∪縺溘・蜷榊燕遨ｺ髢薙・蜷榊燕 'FactAttribute' 縺瑚ｦ九▽縺九ｊ縺ｾ縺帙ｓ縺ｧ縺励◆ (using 繝・ぅ繝ｬ繧ｯ繝・ぅ繝悶∪縺溘・繧｢繧ｻ繝ｳ繝悶Μ蜿ら・縺梧欠螳壹＆繧後※縺・ｋ縺薙→繧堤｢ｺ隱阪＠縺ｦ縺上□縺輔＞) [D:\04.VisualStudio\DenDen\DenDen_3mrcgxye_wpftmp.csproj]
D:\04.VisualStudio\DenDen\DenDen.Tests\ViewModels\LoginViewModelTests.cs(51,6): error CS0246: 蝙九∪縺溘・蜷榊燕遨ｺ髢薙・蜷榊燕 'Fact' 縺瑚ｦ九▽縺九ｊ縺ｾ縺帙ｓ縺ｧ縺励◆ (using 繝・ぅ繝ｬ繧ｯ繝・ぅ繝悶∪縺溘・繧｢繧ｻ繝ｳ繝悶Μ蜿ら・縺梧欠螳壹＆繧後※縺・ｋ縺薙→繧堤｢ｺ隱阪＠縺ｦ縺上□縺輔＞) [D:\04.VisualStudio\DenDen\DenDen_3mrcgxye_wpftmp.csproj]
D:\04.VisualStudio\DenDen\DenDen.Tests\ViewModels\LoginViewModelTests.cs(70,6): error CS0246: 蝙九∪縺溘・蜷榊燕遨ｺ髢薙・蜷榊燕 'FactAttribute' 縺瑚ｦ九▽縺九ｊ縺ｾ縺帙ｓ縺ｧ縺励◆ (using 繝・ぅ繝ｬ繧ｯ繝・ぅ繝悶∪縺溘・繧｢繧ｻ繝ｳ繝悶Μ蜿ら・縺梧欠螳壹＆繧後※縺・ｋ縺薙→繧堤｢ｺ隱阪＠縺ｦ縺上□縺輔＞) [D:\04.VisualStudio\DenDen\DenDen_3mrcgxye_wpftmp.csproj]
D:\04.VisualStudio\DenDen\DenDen.Tests\ViewModels\LoginViewModelTests.cs(70,6): error CS0246: 蝙九∪縺溘・蜷榊燕遨ｺ髢薙・蜷榊燕 'Fact' 縺瑚ｦ九▽縺九ｊ縺ｾ縺帙ｓ縺ｧ縺励◆ (using 繝・ぅ繝ｬ繧ｯ繝・ぅ繝悶∪縺溘・繧｢繧ｻ繝ｳ繝悶Μ蜿ら・縺梧欠螳壹＆繧後※縺・ｋ縺薙→繧堤｢ｺ隱阪＠縺ｦ縺上□縺輔＞) [D:\04.VisualStudio\DenDen\DenDen_3mrcgxye_wpftmp.csproj]
D:\04.VisualStudio\DenDen\DenDen.Tests\ViewModels\LoginViewModelTests.cs(89,6): error CS0246: 蝙九∪縺溘・蜷榊燕遨ｺ髢薙・蜷榊燕 'FactAttribute' 縺瑚ｦ九▽縺九ｊ縺ｾ縺帙ｓ縺ｧ縺励◆ (using 繝・ぅ繝ｬ繧ｯ繝・ぅ繝悶∪縺溘・繧｢繧ｻ繝ｳ繝悶Μ蜿ら・縺梧欠螳壹＆繧後※縺・ｋ縺薙→繧堤｢ｺ隱阪＠縺ｦ縺上□縺輔＞) [D:\04.VisualStudio\DenDen\DenDen_3mrcgxye_wpftmp.csproj]
D:\04.VisualStudio\DenDen\DenDen.Tests\ViewModels\LoginViewModelTests.cs(89,6): error CS0246: 蝙九∪縺溘・蜷榊燕遨ｺ髢薙・蜷榊燕 'Fact' 縺瑚ｦ九▽縺九ｊ縺ｾ縺帙ｓ縺ｧ縺励◆ (using 繝・ぅ繝ｬ繧ｯ繝・ぅ繝悶∪縺溘・繧｢繧ｻ繝ｳ繝悶Μ蜿ら・縺梧欠螳壹＆繧後※縺・ｋ縺薙→繧堤｢ｺ隱阪＠縺ｦ縺上□縺輔＞) [D:\04.VisualStudio\DenDen\DenDen_3mrcgxye_wpftmp.csproj]
D:\04.VisualStudio\DenDen\DenDen.Tests\ViewModels\LoginViewModelTests.cs(108,6): error CS0246: 蝙九∪縺溘・蜷榊燕遨ｺ髢薙・蜷榊燕 'FactAttribute' 縺瑚ｦ九▽縺九ｊ縺ｾ縺帙ｓ縺ｧ縺励◆ (using 繝・ぅ繝ｬ繧ｯ繝・ぅ繝悶∪縺溘・繧｢繧ｻ繝ｳ繝悶Μ蜿ら・縺梧欠螳壹＆繧後※縺・ｋ縺薙→繧堤｢ｺ隱阪＠縺ｦ縺上□縺輔＞) [D:\04.VisualStudio\DenDen\DenDen_3mrcgxye_wpftmp.csproj]
D:\04.VisualStudio\DenDen\DenDen.Tests\ViewModels\LoginViewModelTests.cs(108,6): error CS0246: 蝙九∪縺溘・蜷榊燕遨ｺ髢薙・蜷榊燕 'Fact' 縺瑚ｦ九▽縺九ｊ縺ｾ縺帙ｓ縺ｧ縺励◆ (using 繝・ぅ繝ｬ繧ｯ繝・ぅ繝悶∪縺溘・繧｢繧ｻ繝ｳ繝悶Μ蜿ら・縺梧欠螳壹＆繧後※縺・ｋ縺薙→繧堤｢ｺ隱阪＠縺ｦ縺上□縺輔＞) [D:\04.VisualStudio\DenDen\DenDen_3mrcgxye_wpftmp.csproj]
D:\04.VisualStudio\DenDen\DenDen.Tests\ViewModels\LoginViewModelTests.cs(118,6): error CS0246: 蝙九∪縺溘・蜷榊燕遨ｺ髢薙・蜷榊燕 'FactAttribute' 縺瑚ｦ九▽縺九ｊ縺ｾ縺帙ｓ縺ｧ縺励◆ (using 繝・ぅ繝ｬ繧ｯ繝・ぅ繝悶∪縺溘・繧｢繧ｻ繝ｳ繝悶Μ蜿ら・縺梧欠螳壹＆繧後※縺・ｋ縺薙→繧堤｢ｺ隱阪＠縺ｦ縺上□縺輔＞) [D:\04.VisualStudio\DenDen\DenDen_3mrcgxye_wpftmp.csproj]
D:\04.VisualStudio\DenDen\DenDen.Tests\ViewModels\LoginViewModelTests.cs(118,6): error CS0246: 蝙九∪縺溘・蜷榊燕遨ｺ髢薙・蜷榊燕 'Fact' 縺瑚ｦ九▽縺九ｊ縺ｾ縺帙ｓ縺ｧ縺励◆ (using 繝・ぅ繝ｬ繧ｯ繝・ぅ繝悶∪縺溘・繧｢繧ｻ繝ｳ繝悶Μ蜿ら・縺梧欠螳壹＆繧後※縺・ｋ縺薙→繧堤｢ｺ隱阪＠縺ｦ縺上□縺輔＞) [D:\04.VisualStudio\DenDen\DenDen_3mrcgxye_wpftmp.csproj]
D:\04.VisualStudio\DenDen\DenDen.Tests\ViewModels\LoginViewModelTests.cs(128,6): error CS0246: 蝙九∪縺溘・蜷榊燕遨ｺ髢薙・蜷榊燕 'FactAttribute' 縺瑚ｦ九▽縺九ｊ縺ｾ縺帙ｓ縺ｧ縺励◆ (using 繝・ぅ繝ｬ繧ｯ繝・ぅ繝悶∪縺溘・繧｢繧ｻ繝ｳ繝悶Μ蜿ら・縺梧欠螳壹＆繧後※縺・ｋ縺薙→繧堤｢ｺ隱阪＠縺ｦ縺上□縺輔＞) [D:\04.VisualStudio\DenDen\DenDen_3mrcgxye_wpftmp.csproj]
D:\04.VisualStudio\DenDen\DenDen.Tests\ViewModels\LoginViewModelTests.cs(128,6): error CS0246: 蝙九∪縺溘・蜷榊燕遨ｺ髢薙・蜷榊燕 'Fact' 縺瑚ｦ九▽縺九ｊ縺ｾ縺帙ｓ縺ｧ縺励◆ (using 繝・ぅ繝ｬ繧ｯ繝・ぅ繝悶∪縺溘・繧｢繧ｻ繝ｳ繝悶Μ蜿ら・縺梧欠螳壹＆繧後※縺・ｋ縺薙→繧堤｢ｺ隱阪＠縺ｦ縺上□縺輔＞) [D:\04.VisualStudio\DenDen\DenDen_3mrcgxye_wpftmp.csproj]
D:\04.VisualStudio\DenDen\DenDen.Tests\ViewModels\LoginViewModelTests.cs(135,6): error CS0246: 蝙九∪縺溘・蜷榊燕遨ｺ髢薙・蜷榊燕 'FactAttribute' 縺瑚ｦ九▽縺九ｊ縺ｾ縺帙ｓ縺ｧ縺励◆ (using 繝・ぅ繝ｬ繧ｯ繝・ぅ繝悶∪縺溘・繧｢繧ｻ繝ｳ繝悶Μ蜿ら・縺梧欠螳壹＆繧後※縺・ｋ縺薙→繧堤｢ｺ隱阪＠縺ｦ縺上□縺輔＞) [D:\04.VisualStudio\DenDen\DenDen_3mrcgxye_wpftmp.csproj]
D:\04.VisualStudio\DenDen\DenDen.Tests\ViewModels\LoginViewModelTests.cs(135,6): error CS0246: 蝙九∪縺溘・蜷榊燕遨ｺ髢薙・蜷榊燕 'Fact' 縺瑚ｦ九▽縺九ｊ縺ｾ縺帙ｓ縺ｧ縺励◆ (using 繝・ぅ繝ｬ繧ｯ繝・ぅ繝悶∪縺溘・繧｢繧ｻ繝ｳ繝悶Μ蜿ら・縺梧欠螳壹＆繧後※縺・ｋ縺薙→繧堤｢ｺ隱阪＠縺ｦ縺上□縺輔＞) [D:\04.VisualStudio\DenDen\DenDen_3mrcgxye_wpftmp.csproj]
    1 蛟九・隴ｦ蜻・
    142 繧ｨ繝ｩ繝ｼ

邨碁℃譎る俣 00:00:01.01
